54.191.137.17 - - [03/Jun/2023:16:42:56 +0100] "GET /wp-content/uploads/2019/11/76647940_498759010723654_531067741168205824_n-150x150.jpg.webp HTTP/1.1" 200 3676 "https://www.walbottlevi.com/" "Mozilla/5.0 (X11; Linux x86_64) AppleWebKit/537.36 (KHTML, like Gecko) HeadlessChrome/111.0.5563.110 Safari/537.36"
54.36.148.159 - - [03/Jun/2023:16:55:31 +0100] "GET /robots.txt HTTP/1.1" 301 20 "-" "Mozilla/5.0 (compatible; AhrefsBot/7.0; +http://ahrefs.com/robot/)"
66.249.73.82 - - [03/Jun/2023:16:58:02 +0100] "GET / HTTP/1.1" 301 20 "-" "Mozilla/5.0 (Linux; Android 6.0.1; Nexus 5X Build/MMB29P) AppleWebKit/537.36 (KHTML, like Gecko) Chrome/114.0.5735.90 Mobile Safari/537.36 (compatible; Googlebot/2.1; +http://www.google.com/bot.html)"
66.249.65.7 - - [03/Jun/2023:16:58:04 +0100] "GET / HTTP/1.1" 200 23780 "-" "Mozilla/5.0 (Linux; Android 6.0.1; Nexus 5X Build/MMB29P) AppleWebKit/537.36 (KHTML, like Gecko) Chrome/114.0.5735.90 Mobile Safari/537.36 (compatible; Googlebot/2.1; +http://www.google.com/bot.html)"
44.235.211.232 - - [03/Jun/2023:17:01:35 +0100] "POST /?rest_route=%2Fwordfence%2Fv1%2Fauthenticate HTTP/1.1" 200 134 "-" "Wordfence Central API v1.0"
44.235.211.232 - - [03/Jun/2023:17:01:37 +0100] "POST /?rest_route=%2Fwordfence%2Fv1%2Fauthenticate HTTP/1.1" 200 254 "-" "Wordfence Central API v1.0"
44.235.211.232 - - [03/Jun/2023:17:01:38 +0100] "POST /?rest_route=%2Fwordfence%2Fv1%2Fconfig HTTP/1.1" 200 2889 "-" "Wordfence Central API v1.0"
114.119.129.14 - - [03/Jun/2023:17:08:03 +0100] "GET /news/re-opening HTTP/1.1" 301 20 "https://www.walbottlevi.com/news/whats-happened-in-2020" "Mozilla/5.0 (Linux; Android 7.0;) AppleWebKit/537.36 (KHTML, like Gecko) Mobile Safari/537.36 (compatible; PetalBot;+https://webmaster.petalsearch.com/site/petalbot)"
114.119.129.14 - - [03/Jun/2023:17:08:15 +0100] "GET /news/re-opening/ HTTP/1.1" 200 21218 "https://www.walbottlevi.com/news/whats-happened-in-2020" "Mozilla/5.0 (Linux; Android 7.0;) AppleWebKit/537.36 (KHTML, like Gecko) Mobile Safari/537.36 (compatible; PetalBot;+https://webmaster.petalsearch.com/site/petalbot)"
66.249.65.29 - - [03/Jun/2023:17:42:38 +0100] "GET / HTTP/1.1" 200 23780 "-" "Mozilla/5.0 (compatible; Googlebot/2.1; +http://www.google.com/bot.html)"
31.185.228.229 - - [03/Jun/2023:17:44:00 +0100] "GET / HTTP/1.1" 200 23792 "https://www.informationnow.org.uk/" "Mozilla/5.0 (Linux; Android 13; SAMSUNG SM-G991B) AppleWebKit/537.36 (KHTML, like Gecko) SamsungBrowser/21.0 Chrome/110.0.5481.154 Mobile Safari/537.36"
31.185.228.229 - - [03/Jun/2023:17:44:03 +0100] "GET /wp-content/uploads/2019/11/cropped-WVIMain-180x180.png HTTP/1.1" 200 18084 "https://www.walbottlevi.com/" "Mozilla/5.0 (Linux; Android 13; SAMSUNG SM-G991B) AppleWebKit/537.36 (KHTML, like Gecko) SamsungBrowser/21.0 Chrome/110.0.5481.154 Mobile Safari/537.36"
31.185.228.229 - - [03/Jun/2023:17:44:03 +0100] "GET /wp-content/uploads/2019/11/cropped-WVIMain-192x192.png HTTP/1.1" 200 28462 "https://www.walbottlevi.com/" "Mozilla/5.0 (Linux; Android 13; SAMSUNG SM-G991B) AppleWebKit/537.36 (KHTML, like Gecko) SamsungBrowser/21.0 Chrome/110.0.5481.154 Mobile Safari/537.36"
31.185.228.229 - - [03/Jun/2023:17:44:04 +0100] "GET /wp-content/themes/astra/assets/fonts/astra.woff HTTP/1.1" 200 3304 "https://www.walbottlevi.com/" "Mozilla/5.0 (Linux; Android 13; SAMSUNG SM-G991B) AppleWebKit/537.36 (KHTML, like Gecko) SamsungBrowser/21.0 Chrome/110.0.5481.154 Mobile Safari/537.36"
31.185.228.229 - - [03/Jun/2023:17:44:24 +0100] "GET /whats-on/ HTTP/1.1" 200 22850 "https://www.walbottlevi.com/" "Mozilla/5.0 (Linux; Android 13; SAMSUNG SM-G991B) AppleWebKit/537.36 (KHTML, like Gecko) SamsungBrowser/21.0 Chrome/110.0.5481.154 Mobile Safari/537.36"
31.185.228.229 - - [03/Jun/2023:17:44:24 +0100] "GET /wp-content/litespeed/css/013ccc19c073ca448782f8256939e3d2.css?ver=bda60 HTTP/1.1" 200 817 "https://www.walbottlevi.com/whats-on/" "Mozilla/5.0 (Linux; Android 13; SAMSUNG SM-G991B) AppleWebKit/537.36 (KHTML, like Gecko) SamsungBrowser/21.0 Chrome/110.0.5481.154 Mobile Safari/537.36"
54.191.137.17 - - [03/Jun/2023:17:48:21 +0100] "POST /wp-load.php?mwprid=647b6ed5952381.57931742 HTTP/1.1" 200 3023 "https://walbottlevi.com/" "Mozilla/5.0 (Windows NT 10.0; Win64; x64) AppleWebKit/537.36 (KHTML, like Gecko) Chrome/111.0.0.0 Safari/537.36"
54.191.137.17 - - [03/Jun/2023:17:48:35 +0100] "POST /wp-load.php?mwprid=647b6ee2e593e6.66741108 HTTP/1.1" 200 568 "https://walbottlevi.com/" "Mozilla/5.0 (Windows NT 10.0; Win64; x64) AppleWebKit/537.36 (KHTML, like Gecko) Chrome/111.0.0.0 Safari/537.36"
54.191.137.17 - - [03/Jun/2023:17:48:40 +0100] "POST /wp-load.php?mwprid=647b6ee329f5b6.94061925 HTTP/1.1" 200 569 "https://walbottlevi.com/" "Mozilla/5.0 (Windows NT 10.0; Win64; x64) AppleWebKit/537.36 (KHTML, like Gecko) Chrome/111.0.0.0 Safari/537.36"
87.250.224.232 - - [03/Jun/2023:17:52:23 +0100] "GET /whats-on/joyce-webster-art/ HTTP/1.1" 404 18894 "-" "Mozilla/5.0 (compatible; YandexBot/3.0; +http://yandex.com/bots)"
114.119.128.22 - - [03/Jun/2023:18:01:10 +0100] "GET /news/page/3/ HTTP/1.1" 200 22534 "https://www.walbottlevi.com/news/page/2/" "Mozilla/5.0 (Linux; Android 7.0;) AppleWebKit/537.36 (KHTML, like Gecko) Mobile Safari/537.36 (compatible; PetalBot;+https://webmaster.petalsearch.com/site/petalbot)"
44.235.211.232 - - [03/Jun/2023:18:01:33 +0100] "POST /?rest_route=%2Fwordfence%2Fv1%2Fauthenticate HTTP/1.1" 200 134 "-" "Wordfence Central API v1.0"
44.235.211.232 - - [03/Jun/2023:18:01:35 +0100] "POST /?rest_route=%2Fwordfence%2Fv1%2Fauthenticate HTTP/1.1" 200 255 "-" "Wordfence Central API v1.0"
44.235.211.232 - - [03/Jun/2023:18:01:36 +0100] "POST /?rest_route=%2Fwordfence%2Fv1%2Fconfig HTTP/1.1" 200 2890 "-" "Wordfence Central API v1.0"
5.255.231.128 - - [03/Jun/2023:18:05:49 +0100] "GET /nulla-metus-metus-ullamcorper-vel-tincidunt/ HTTP/1.1" 404 18897 "-" "Mozilla/5.0 (compatible; YandexBot/3.0; +http://yandex.com/bots)"
95.108.213.82 - - [03/Jun/2023:18:07:33 +0100] "GET /news/macmillancoffeemorning-sat19thsept10am-1pm HTTP/1.1" 404 18230 "-" "Mozilla/5.0 (compatible; YandexBot/3.0; +http://yandex.com/bots)"
51.222.253.19 - - [03/Jun/2023:18:34:54 +0100] "GET /robots.txt HTTP/1.1" 304 0 "-" "Mozilla/5.0 (compatible; AhrefsBot/7.0; +http://ahrefs.com/robot/)"
66.249.73.77 - - [03/Jun/2023:18:47:32 +0100] "GET /?MA HTTP/1.1" 301 20 "-" "Mozilla/5.0 (Linux; Android 6.0.1; Nexus 5X Build/MMB29P) AppleWebKit/537.36 (KHTML, like Gecko) Chrome/114.0.5735.90 Mobile Safari/537.36 (compatible; Googlebot/2.1; +http://www.google.com/bot.html)"
66.249.65.5 - - [03/Jun/2023:18:47:33 +0100] "GET /?MA HTTP/1.1" 200 23781 "-" "Mozilla/5.0 (Linux; Android 6.0.1; Nexus 5X Build/MMB29P) AppleWebKit/537.36 (KHTML, like Gecko) Chrome/114.0.5735.90 Mobile Safari/537.36 (compatible; Googlebot/2.1; +http://www.google.com/bot.html)"
66.249.65.7 - - [03/Jun/2023:18:47:34 +0100] "GET /?ND HTTP/1.1" 200 23790 "-" "Mozilla/5.0 (Linux; Android 6.0.1; Nexus 5X Build/MMB29P) AppleWebKit/537.36 (KHTML, like Gecko) Chrome/114.0.5735.90 Mobile Safari/537.36 (compatible; Googlebot/2.1; +http://www.google.com/bot.html)"
185.199.220.52 - - [03/Jun/2023:19:01:05 +0100] "POST /wp-admin/admin-ajax.php?action=wordfence_testAjax HTTP/1.1" 200 32 "-" "WordPress/6.2.2; https://www.walbottlevi.com"
44.235.211.232 - - [03/Jun/2023:19:01:09 +0100] "POST /?rest_route=%2Fwordfence%2Fv1%2Fauthenticate HTTP/1.1" 200 135 "-" "Wordfence Central API v1.0"
44.235.211.232 - - [03/Jun/2023:19:01:10 +0100] "POST /?rest_route=%2Fwordfence%2Fv1%2Fauthenticate HTTP/1.1" 200 253 "-" "Wordfence Central API v1.0"
44.235.211.232 - - [03/Jun/2023:19:01:12 +0100] "POST /?rest_route=%2Fwordfence%2Fv1%2Fscan%2Fissues HTTP/1.1" 200 95 "-" "Wordfence Central API v1.0"
185.199.220.52 - - [03/Jun/2023:19:01:06 +0100] "GET /wp-admin/admin-ajax.php?action=wordfence_doScan&isFork=0&scanMode=quick&cronKey=18f736532f8c5b5f2f415c40de65dda9&signature=a07a85336bcd1571f77955d5e8304735b9d493aa898c36bd42669ed9be7585de HTTP/1.1" 200 20 "-" "WordPress/6.2.2; https://www.walbottlevi.com"
44.235.211.232 - - [03/Jun/2023:19:01:38 +0100] "POST /?rest_route=%2Fwordfence%2Fv1%2Fauthenticate HTTP/1.1" 200 135 "-" "Wordfence Central API v1.0"
44.235.211.232 - - [03/Jun/2023:19:01:40 +0100] "POST /?rest_route=%2Fwordfence%2Fv1%2Fauthenticate HTTP/1.1" 200 255 "-" "Wordfence Central API v1.0"
44.235.211.232 - - [03/Jun/2023:19:01:41 +0100] "POST /?rest_route=%2Fwordfence%2Fv1%2Fconfig HTTP/1.1" 200 2888 "-" "Wordfence Central API v1.0"
2a02:c7c:db3d:4500:91c5:743c:2576:237a - - [03/Jun/2023:19:45:09 +0100] "GET /whats-on/treble-time/ HTTP/1.1" 200 20158 "-" "Mozilla/5.0 (Macintosh; Intel Mac OS X 10_15_6) AppleWebKit/605.1.15 (KHTML, like Gecko) Version/15.6 Mobile/15E148 Safari/604.1"
2a02:c7c:db3d:4500:91c5:743c:2576:237a - - [03/Jun/2023:19:45:09 +0100] "GET /apple-touch-icon-152x152-precomposed.png HTTP/1.1" 404 18897 "-" "MobileSafari/8613.3.9.0.5 CFNetwork/1335.0.3 Darwin/21.6.0"
2a02:c7c:db3d:4500:91c5:743c:2576:237a - - [03/Jun/2023:19:45:11 +0100] "GET /apple-touch-icon-152x152.png HTTP/1.1" 404 18894 "-" "MobileSafari/8613.3.9.0.5 CFNetwork/1335.0.3 Darwin/21.6.0"
54.68.32.247 - - [03/Jun/2023:20:01:34 +0100] "POST /?rest_route=%2Fwordfence%2Fv1%2Fauthenticate HTTP/1.1" 200 134 "-" "Wordfence Central API v1.0"
54.68.32.247 - - [03/Jun/2023:20:01:35 +0100] "POST /?rest_route=%2Fwordfence%2Fv1%2Fauthenticate HTTP/1.1" 200 254 "-" "Wordfence Central API v1.0"
54.68.32.247 - - [03/Jun/2023:20:01:36 +0100] "POST /?rest_route=%2Fwordfence%2Fv1%2Fconfig HTTP/1.1" 200 2889 "-" "Wordfence Central API v1.0"
195.99.8.0 - - [03/Jun/2023:20:41:51 +0100] "GET / HTTP/1.1" 200 23780 "-" "Mozilla/5.0 (iPhone; CPU iPhone OS 16_3_1 like Mac OS X) AppleWebKit/605.1.15 (KHTML, like Gecko) FxiOS/113.2  Mobile/15E148 Safari/605.1.15"
66.249.65.31 - - [03/Jun/2023:20:42:32 +0100] "GET /wp-content/litespeed/avatar/b679eea48cf16ebf564c46f2c55b19eb.jpg?ver=1685702772 HTTP/1.1" 403 1229 "-" "Googlebot-Image/1.0"
54.36.149.35 - - [03/Jun/2023:20:50:46 +0100] "GET / HTTP/1.1" 200 23780 "-" "Mozilla/5.0 (compatible; AhrefsBot/7.0; +http://ahrefs.com/robot/)"
54.36.149.65 - - [03/Jun/2023:20:50:50 +0100] "GET /wp-content/uploads/2020/11/drone-shot-150x150.jpeg HTTP/1.1" 403 1229 "-" "Mozilla/5.0 (compatible; AhrefsBot/7.0; +http://ahrefs.com/robot/)"
54.36.149.77 - - [03/Jun/2023:20:50:57 +0100] "GET /wp-content/uploads/2019/11/76647940_498759010723654_531067741168205824_n-150x150.jpg HTTP/1.1" 403 1229 "-" "Mozilla/5.0 (compatible; AhrefsBot/7.0; +http://ahrefs.com/robot/)"
54.36.149.61 - - [03/Jun/2023:20:51:02 +0100] "GET /wp-content/uploads/2021/05/hall2-150x150.jpg HTTP/1.1" 403 1229 "-" "Mozilla/5.0 (compatible; AhrefsBot/7.0; +http://ahrefs.com/robot/)"
44.235.211.232 - - [03/Jun/2023:21:01:34 +0100] "POST /?rest_route=%2Fwordfence%2Fv1%2Fauthenticate HTTP/1.1" 200 134 "-" "Wordfence Central API v1.0"
44.235.211.232 - - [03/Jun/2023:21:01:35 +0100] "POST /?rest_route=%2Fwordfence%2Fv1%2Fauthenticate HTTP/1.1" 200 253 "-" "Wordfence Central API v1.0"
44.235.211.232 - - [03/Jun/2023:21:01:37 +0100] "POST /?rest_route=%2Fwordfence%2Fv1%2Fconfig HTTP/1.1" 200 2888 "-" "Wordfence Central API v1.0"
66.249.65.1 - - [03/Jun/2023:21:18:24 +0100] "GET /?ND HTTP/1.1" 200 23790 "-" "Mozilla/5.0 (Linux; Android 6.0.1; Nexus 5X Build/MMB29P) AppleWebKit/537.36 (KHTML, like Gecko) Chrome/114.0.5735.90 Mobile Safari/537.36 (compatible; Googlebot/2.1; +http://www.google.com/bot.html)"
114.119.128.179 - - [03/Jun/2023:21:20:55 +0100] "GET /robots.txt HTTP/1.1" 304 0 "-" "Mozilla/5.0 (compatible;PetalBot;+https://webmaster.petalsearch.com/site/petalbot)"
44.235.211.232 - - [03/Jun/2023:22:01:48 +0100] "POST /?rest_route=%2Fwordfence%2Fv1%2Fauthenticate HTTP/1.1" 200 135 "-" "Wordfence Central API v1.0"
44.235.211.232 - - [03/Jun/2023:22:01:50 +0100] "POST /?rest_route=%2Fwordfence%2Fv1%2Fauthenticate HTTP/1.1" 200 254 "-" "Wordfence Central API v1.0"
44.235.211.232 - - [03/Jun/2023:22:01:51 +0100] "POST /?rest_route=%2Fwordfence%2Fv1%2Fconfig HTTP/1.1" 200 2890 "-" "Wordfence Central API v1.0"
51.222.253.12 - - [03/Jun/2023:22:02:47 +0100] "GET /robots.txt HTTP/1.1" 301 20 "-" "Mozilla/5.0 (compatible; AhrefsBot/7.0; +http://ahrefs.com/robot/)"
54.36.149.63 - - [03/Jun/2023:22:02:48 +0100] "GET / HTTP/1.1" 301 20 "-" "Mozilla/5.0 (compatible; AhrefsBot/7.0; +http://ahrefs.com/robot/)"
40.77.167.140 - - [03/Jun/2023:22:20:18 +0100] "GET /sitemap_index.xml HTTP/1.1" 200 332 "-" "Mozilla/5.0 AppleWebKit/537.36 (KHTML, like Gecko; compatible; bingbot/2.0; +http://www.bing.com/bingbot.htm) Chrome/103.0.5060.134 Safari/537.36"
54.36.148.8 - - [03/Jun/2023:22:31:25 +0100] "GET /whats-on/ HTTP/1.1" 200 22850 "-" "Mozilla/5.0 (compatible; AhrefsBot/7.0; +http://ahrefs.com/robot/)"
66.249.65.7 - - [03/Jun/2023:22:58:32 +0100] "GET /wp-content/uploads/2019/11/76647940_498759010723654_531067741168205824_n-150x150.jpg HTTP/1.1" 403 1229 "-" "Googlebot-Image/1.0"
44.235.211.232 - - [03/Jun/2023:23:01:33 +0100] "POST /?rest_route=%2Fwordfence%2Fv1%2Fauthenticate HTTP/1.1" 200 136 "-" "Wordfence Central API v1.0"
44.235.211.232 - - [03/Jun/2023:23:01:35 +0100] "POST /?rest_route=%2Fwordfence%2Fv1%2Fauthenticate HTTP/1.1" 200 253 "-" "Wordfence Central API v1.0"
44.235.211.232 - - [03/Jun/2023:23:01:36 +0100] "POST /?rest_route=%2Fwordfence%2Fv1%2Fconfig HTTP/1.1" 200 2890 "-" "Wordfence Central API v1.0"
185.199.220.52 - - [04/Jun/2023:00:01:07 +0100] "GET / HTTP/1.1" 200 23780 "-" "WordPress/6.2.2; https://www.walbottlevi.com"
44.235.211.232 - - [04/Jun/2023:00:01:38 +0100] "POST /?rest_route=%2Fwordfence%2Fv1%2Fauthenticate HTTP/1.1" 200 135 "-" "Wordfence Central API v1.0"
44.235.211.232 - - [04/Jun/2023:00:01:39 +0100] "POST /?rest_route=%2Fwordfence%2Fv1%2Fauthenticate HTTP/1.1" 200 254 "-" "Wordfence Central API v1.0"
44.235.211.232 - - [04/Jun/2023:00:01:41 +0100] "POST /?rest_route=%2Fwordfence%2Fv1%2Fconfig HTTP/1.1" 200 2890 "-" "Wordfence Central API v1.0"
114.119.155.64 - - [04/Jun/2023:00:24:30 +0100] "GET /robots.txt HTTP/1.1" 304 0 "-" "Mozilla/5.0 (compatible;PetalBot;+https://webmaster.petalsearch.com/site/petalbot)"
66.249.73.84 - - [04/Jun/2023:00:34:29 +0100] "GET /robots.txt HTTP/1.1" 301 20 "-" "Mozilla/5.0 (compatible; Googlebot/2.1; +http://www.google.com/bot.html)"
95.108.213.173 - - [04/Jun/2023:00:44:55 +0100] "GET /pellentesque-nibh-aenean-quam-in-scelerisque/ HTTP/1.1" 404 18895 "-" "Mozilla/5.0 (compatible; YandexBot/3.0; +http://yandex.com/bots)"
54.68.32.247 - - [04/Jun/2023:01:01:40 +0100] "POST /?rest_route=%2Fwordfence%2Fv1%2Fauthenticate HTTP/1.1" 200 135 "-" "Wordfence Central API v1.0"
54.68.32.247 - - [04/Jun/2023:01:01:41 +0100] "POST /?rest_route=%2Fwordfence%2Fv1%2Fauthenticate HTTP/1.1" 200 254 "-" "Wordfence Central API v1.0"
54.68.32.247 - - [04/Jun/2023:01:01:42 +0100] "POST /?rest_route=%2Fwordfence%2Fv1%2Fconfig HTTP/1.1" 200 2890 "-" "Wordfence Central API v1.0"
114.119.146.185 - - [04/Jun/2023:01:08:34 +0100] "GET /news/2021/04 HTTP/1.1" 301 20 "https://www.walbottlevi.com/news/whats-happened-in-2020" "Mozilla/5.0 (Linux; Android 7.0;) AppleWebKit/537.36 (KHTML, like Gecko) Mobile Safari/537.36 (compatible; PetalBot;+https://webmaster.petalsearch.com/site/petalbot)"
114.119.146.185 - - [04/Jun/2023:01:08:45 +0100] "GET /news/2021/04/ HTTP/1.1" 200 18844 "https://www.walbottlevi.com/news/whats-happened-in-2020" "Mozilla/5.0 (Linux; Android 7.0;) AppleWebKit/537.36 (KHTML, like Gecko) Mobile Safari/537.36 (compatible; PetalBot;+https://webmaster.petalsearch.com/site/petalbot)"
114.119.163.52 - - [04/Jun/2023:01:10:18 +0100] "GET /whats-on/pilates-with-julia/ HTTP/1.1" 200 19230 "https://www.walbottlevi.com/whats-on/" "Mozilla/5.0 (Linux; Android 7.0;) AppleWebKit/537.36 (KHTML, like Gecko) Mobile Safari/537.36 (compatible; PetalBot;+https://webmaster.petalsearch.com/site/petalbot)"
54.68.32.247 - - [04/Jun/2023:02:01:34 +0100] "POST /?rest_route=%2Fwordfence%2Fv1%2Fauthenticate HTTP/1.1" 200 133 "-" "Wordfence Central API v1.0"
54.68.32.247 - - [04/Jun/2023:02:01:35 +0100] "POST /?rest_route=%2Fwordfence%2Fv1%2Fauthenticate HTTP/1.1" 200 254 "-" "Wordfence Central API v1.0"
54.68.32.247 - - [04/Jun/2023:02:01:37 +0100] "POST /?rest_route=%2Fwordfence%2Fv1%2Fconfig HTTP/1.1" 200 2890 "-" "Wordfence Central API v1.0"
66.249.65.31 - - [04/Jun/2023:02:04:29 +0100] "GET /wp-content/uploads/2023/03/Hall-hire-for-new-users.pdf HTTP/1.1" 200 74979 "-" "Mozilla/5.0 (Linux; Android 6.0.1; Nexus 5X Build/MMB29P) AppleWebKit/537.36 (KHTML, like Gecko) Chrome/114.0.5735.90 Mobile Safari/537.36 (compatible; Googlebot/2.1; +http://www.google.com/bot.html)"
54.68.32.247 - - [04/Jun/2023:03:01:37 +0100] "POST /?rest_route=%2Fwordfence%2Fv1%2Fauthenticate HTTP/1.1" 200 135 "-" "Wordfence Central API v1.0"
54.68.32.247 - - [04/Jun/2023:03:01:38 +0100] "POST /?rest_route=%2Fwordfence%2Fv1%2Fauthenticate HTTP/1.1" 200 254 "-" "Wordfence Central API v1.0"
54.68.32.247 - - [04/Jun/2023:03:01:39 +0100] "POST /?rest_route=%2Fwordfence%2Fv1%2Fconfig HTTP/1.1" 200 2889 "-" "Wordfence Central API v1.0"
66.249.65.5 - - [04/Jun/2023:03:34:30 +0100] "GET /whats-on/walbottle-art-group/ HTTP/1.1" 200 19341 "-" "Mozilla/5.0 (Linux; Android 6.0.1; Nexus 5X Build/MMB29P) AppleWebKit/537.36 (KHTML, like Gecko) Chrome/114.0.5735.90 Mobile Safari/537.36 (compatible; Googlebot/2.1; +http://www.google.com/bot.html)"
66.249.65.3 - - [04/Jun/2023:03:43:33 +0100] "GET /wp-content/uploads/2021/07/WAG-709x1024.png HTTP/1.1" 403 1229 "-" "Googlebot-Image/1.0"
114.119.156.138 - - [04/Jun/2023:03:45:52 +0100] "GET /whats-on/treble-time/ HTTP/1.1" 200 20158 "https://www.walbottlevi.com/whats-on/" "Mozilla/5.0 (Linux; Android 7.0;) AppleWebKit/537.36 (KHTML, like Gecko) Mobile Safari/537.36 (compatible; PetalBot;+https://webmaster.petalsearch.com/site/petalbot)"
66.249.65.7 - - [04/Jun/2023:03:47:31 +0100] "GET / HTTP/1.1" 200 23780 "-" "Mozilla/5.0 (Linux; Android 6.0.1; Nexus 5X Build/MMB29P) AppleWebKit/537.36 (KHTML, like Gecko) Chrome/114.0.5735.90 Mobile Safari/537.36 (compatible; Googlebot/2.1; +http://www.google.com/bot.html)"
54.68.32.247 - - [04/Jun/2023:04:01:43 +0100] "POST /?rest_route=%2Fwordfence%2Fv1%2Fauthenticate HTTP/1.1" 200 135 "-" "Wordfence Central API v1.0"
54.68.32.247 - - [04/Jun/2023:04:01:44 +0100] "POST /?rest_route=%2Fwordfence%2Fv1%2Fauthenticate HTTP/1.1" 200 254 "-" "Wordfence Central API v1.0"
54.68.32.247 - - [04/Jun/2023:04:01:45 +0100] "POST /?rest_route=%2Fwordfence%2Fv1%2Fconfig HTTP/1.1" 200 2889 "-" "Wordfence Central API v1.0"
114.119.151.50 - - [04/Jun/2023:04:08:00 +0100] "GET /contact HTTP/1.1" 301 20 "https://www.walbottlevi.com/facilities" "Mozilla/5.0 (Linux; Android 7.0;) AppleWebKit/537.36 (KHTML, like Gecko) Mobile Safari/537.36 (compatible; PetalBot;+https://webmaster.petalsearch.com/site/petalbot)"
114.119.151.50 - - [04/Jun/2023:04:08:13 +0100] "GET /contact/ HTTP/1.1" 200 23516 "https://www.walbottlevi.com/facilities" "Mozilla/5.0 (Linux; Android 7.0;) AppleWebKit/537.36 (KHTML, like Gecko) Mobile Safari/537.36 (compatible; PetalBot;+https://webmaster.petalsearch.com/site/petalbot)"
66.249.65.5 - - [04/Jun/2023:04:28:33 +0100] "GET /robots.txt HTTP/1.1" 304 0 "-" "Mozilla/5.0 (compatible; Googlebot/2.1; +http://www.google.com/bot.html)"
66.249.65.7 - - [04/Jun/2023:04:28:33 +0100] "GET /wp-content/uploads/2019/11/76647940_498759010723654_531067741168205824_n-150x150.jpg.webp HTTP/1.1" 200 3676 "-" "Googlebot-Image/1.0"
40.77.167.140 - - [04/Jun/2023:04:44:13 +0100] "GET /sitemap_index.xml HTTP/1.1" 200 332 "-" "Mozilla/5.0 AppleWebKit/537.36 (KHTML, like Gecko; compatible; bingbot/2.0; +http://www.bing.com/bingbot.htm) Chrome/103.0.5060.134 Safari/537.36"
44.235.211.232 - - [04/Jun/2023:05:01:41 +0100] "POST /?rest_route=%2Fwordfence%2Fv1%2Fauthenticate HTTP/1.1" 200 135 "-" "Wordfence Central API v1.0"
44.235.211.232 - - [04/Jun/2023:05:01:43 +0100] "POST /?rest_route=%2Fwordfence%2Fv1%2Fauthenticate HTTP/1.1" 200 255 "-" "Wordfence Central API v1.0"
44.235.211.232 - - [04/Jun/2023:05:01:44 +0100] "POST /?rest_route=%2Fwordfence%2Fv1%2Fconfig HTTP/1.1" 200 2891 "-" "Wordfence Central API v1.0"
66.249.65.1 - - [04/Jun/2023:05:17:31 +0100] "GET /news HTTP/1.1" 301 20 "-" "Mozilla/5.0 (Linux; Android 6.0.1; Nexus 5X Build/MMB29P) AppleWebKit/537.36 (KHTML, like Gecko) Chrome/114.0.5735.90 Mobile Safari/537.36 (compatible; Googlebot/2.1; +http://www.google.com/bot.html)"
66.249.65.29 - - [04/Jun/2023:05:17:32 +0100] "GET /news/ HTTP/1.1" 200 22979 "-" "Mozilla/5.0 (Linux; Android 6.0.1; Nexus 5X Build/MMB29P) AppleWebKit/537.36 (KHTML, like Gecko) Chrome/114.0.5735.90 Mobile Safari/537.36 (compatible; Googlebot/2.1; +http://www.google.com/bot.html)"
66.249.65.31 - - [04/Jun/2023:05:17:35 +0100] "GET /wp-content/litespeed/css/0a9389e1694d7fa6548f54081c13c7cd.css?ver=0a9f6 HTTP/1.1" 200 4186 "https://www.walbottlevi.com/news/" "Mozilla/5.0 (Linux; Android 6.0.1; Nexus 5X Build/MMB29P) AppleWebKit/537.36 (KHTML, like Gecko) Chrome/113.0.5672.126 Mobile Safari/537.36 (compatible; Googlebot/2.1; +http://www.google.com/bot.html)"
213.180.203.206 - - [04/Jun/2023:05:49:49 +0100] "GET /robots.txt HTTP/1.1" 301 20 "-" "Mozilla/5.0 (compatible; YandexBot/3.0; +http://yandex.com/bots)"
213.180.203.50 - - [04/Jun/2023:05:57:27 +0100] "GET / HTTP/1.1" 301 20 "-" "Mozilla/5.0 (compatible; YandexBot/3.0; +http://yandex.com/bots)"
5.45.207.72 - - [04/Jun/2023:05:58:56 +0100] "GET / HTTP/1.1" 200 23780 "-" "Mozilla/5.0 (compatible; YandexBot/3.0; +http://yandex.com/bots)"
213.180.203.51 - - [04/Jun/2023:05:59:32 +0100] "GET / HTTP/1.1" 301 20 "-" "Mozilla/5.0 (compatible; YandexBot/3.0; +http://yandex.com/bots)"
87.250.224.242 - - [04/Jun/2023:06:01:01 +0100] "GET / HTTP/1.1" 200 23780 "-" "Mozilla/5.0 (compatible; YandexBot/3.0; +http://yandex.com/bots)"
54.68.32.247 - - [04/Jun/2023:06:01:42 +0100] "POST /?rest_route=%2Fwordfence%2Fv1%2Fauthenticate HTTP/1.1" 200 135 "-" "Wordfence Central API v1.0"
54.68.32.247 - - [04/Jun/2023:06:01:44 +0100] "POST /?rest_route=%2Fwordfence%2Fv1%2Fauthenticate HTTP/1.1" 200 255 "-" "Wordfence Central API v1.0"
54.68.32.247 - - [04/Jun/2023:06:01:50 +0100] "POST /?rest_route=%2Fwordfence%2Fv1%2Fconfig HTTP/1.1" 200 2889 "-" "Wordfence Central API v1.0"
114.119.145.42 - - [04/Jun/2023:06:31:49 +0100] "GET /whats-on/pilates-with-julia/ HTTP/1.1" 200 19230 "-" "Mozilla/5.0 (Linux; Android 7.0;) AppleWebKit/537.36 (KHTML, like Gecko) Mobile Safari/537.36 (compatible; PetalBot;+https://webmaster.petalsearch.com/site/petalbot)"
66.249.65.31 - - [04/Jun/2023:06:39:35 +0100] "GET /news/ HTTP/1.1" 200 22979 "-" "Mozilla/5.0 (compatible; Googlebot/2.1; +http://www.google.com/bot.html)"
54.68.32.247 - - [04/Jun/2023:07:01:35 +0100] "POST /?rest_route=%2Fwordfence%2Fv1%2Fauthenticate HTTP/1.1" 200 134 "-" "Wordfence Central API v1.0"
54.68.32.247 - - [04/Jun/2023:07:01:36 +0100] "POST /?rest_route=%2Fwordfence%2Fv1%2Fauthenticate HTTP/1.1" 200 251 "-" "Wordfence Central API v1.0"
54.68.32.247 - - [04/Jun/2023:07:01:38 +0100] "POST /?rest_route=%2Fwordfence%2Fv1%2Fconfig HTTP/1.1" 200 2890 "-" "Wordfence Central API v1.0"
66.249.65.5 - - [04/Jun/2023:07:24:35 +0100] "GET / HTTP/1.1" 200 23780 "-" "Mozilla/5.0 (compatible; Googlebot/2.1; +http://www.google.com/bot.html)"
54.191.137.17 - - [04/Jun/2023:07:31:46 +0100] "POST /wp-load.php?mwprid=647c2fd29e7236.16551231 HTTP/1.1" 200 3024 "https://walbottlevi.com/" "Mozilla/5.0 (Windows NT 10.0; Win64; x64) AppleWebKit/537.36 (KHTML, like Gecko) Chrome/111.0.0.0 Safari/537.36"
185.199.220.52 - - [04/Jun/2023:07:31:50 +0100] "POST /wp-admin/admin-ajax.php?action=as_async_request_queue_runner&nonce=771b1fb7bd HTTP/1.1" 403 22 "-" "WordPress/6.2.2; https://www.walbottlevi.com"
114.119.143.124 - - [04/Jun/2023:07:33:20 +0100] "GET /robots.txt HTTP/1.1" 304 0 "-" "Mozilla/5.0 (compatible;PetalBot;+https://webmaster.petalsearch.com/site/petalbot)"
185.199.220.52 - - [04/Jun/2023:08:00:09 +0100] "HEAD / HTTP/1.1" 301 0 "-" "-"
44.235.211.232 - - [04/Jun/2023:08:01:41 +0100] "POST /?rest_route=%2Fwordfence%2Fv1%2Fauthenticate HTTP/1.1" 200 135 "-" "Wordfence Central API v1.0"
44.235.211.232 - - [04/Jun/2023:08:01:43 +0100] "POST /?rest_route=%2Fwordfence%2Fv1%2Fauthenticate HTTP/1.1" 200 255 "-" "Wordfence Central API v1.0"
44.235.211.232 - - [04/Jun/2023:08:01:44 +0100] "POST /?rest_route=%2Fwordfence%2Fv1%2Fconfig HTTP/1.1" 200 2890 "-" "Wordfence Central API v1.0"
185.199.220.52 - - [04/Jun/2023:08:02:30 +0100] "HEAD / HTTP/1.1" 301 0 "-" "-"
66.249.65.5 - - [04/Jun/2023:08:09:35 +0100] "GET /?ND HTTP/1.1" 200 23790 "-" "Mozilla/5.0 (Linux; Android 6.0.1; Nexus 5X Build/MMB29P) AppleWebKit/537.36 (KHTML, like Gecko) Chrome/114.0.5735.90 Mobile Safari/537.36 (compatible; Googlebot/2.1; +http://www.google.com/bot.html)"
2a03:2880:13ff:71::face:b00c - - [04/Jun/2023:08:19:02 +0100] "GET /wp-content/plugins/cookie-law-info/legacy/public/images/logo-cookieyes.svg HTTP/1.1" 200 1136 "-" "facebookexternalhit/1.1 (+http://www.facebook.com/externalhit_uatext.php)"
2a02:c7c:db3b:c100:40b2:afb:d3ab:9d2 - - [04/Jun/2023:08:50:01 +0100] "GET / HTTP/1.1" 200 23792 "-" "Mozilla/5.0 (iPhone; CPU iPhone OS 15_7_3 like Mac OS X) AppleWebKit/605.1.15 (KHTML, like Gecko) Version/15.6.4 Mobile/15E148 Safari/604.1"
2a02:c7c:db3b:c100:40b2:afb:d3ab:9d2 - - [04/Jun/2023:08:50:01 +0100] "GET /wp-content/astra-local-fonts/montserrat/JTUSjIg1_i6t8kCHKm459Wlhyw.woff2 HTTP/1.1" 200 30928 "https://www.walbottlevi.com/" "Mozilla/5.0 (iPhone; CPU iPhone OS 15_7_3 like Mac OS X) AppleWebKit/605.1.15 (KHTML, like Gecko) Version/15.6.4 Mobile/15E148 Safari/604.1"
2a02:c7c:db3b:c100:40b2:afb:d3ab:9d2 - - [04/Jun/2023:08:50:01 +0100] "GET /wp-content/litespeed/css/04c205088aef6ab86671135984bde441.css?ver=76f97 HTTP/1.1" 200 250 "https://www.walbottlevi.com/" "Mozilla/5.0 (iPhone; CPU iPhone OS 15_7_3 like Mac OS X) AppleWebKit/605.1.15 (KHTML, like Gecko) Version/15.6.4 Mobile/15E148 Safari/604.1"
2a02:c7c:db3b:c100:40b2:afb:d3ab:9d2 - - [04/Jun/2023:08:50:01 +0100] "GET /wp-content/litespeed/css/f1c512303efe72ccc9a52425205a30c4.css?ver=3b62e HTTP/1.1" 200 546 "https://www.walbottlevi.com/" "Mozilla/5.0 (iPhone; CPU iPhone OS 15_7_3 like Mac OS X) AppleWebKit/605.1.15 (KHTML, like Gecko) Version/15.6.4 Mobile/15E148 Safari/604.1"
2a02:c7c:db3b:c100:40b2:afb:d3ab:9d2 - - [04/Jun/2023:08:50:01 +0100] "GET /wp-content/litespeed/css/a733537a23089b224053c8ec2b5e6147.css?ver=815b3 HTTP/1.1" 200 4840 "https://www.walbottlevi.com/" "Mozilla/5.0 (iPhone; CPU iPhone OS 15_7_3 like Mac OS X) AppleWebKit/605.1.15 (KHTML, like Gecko) Version/15.6.4 Mobile/15E148 Safari/604.1"
2a02:c7c:db3b:c100:40b2:afb:d3ab:9d2 - - [04/Jun/2023:08:50:01 +0100] "GET /wp-content/litespeed/css/11c9c674b84d67bca0cef616c9e5fc73.css?ver=5fc73 HTTP/1.1" 200 457 "https://www.walbottlevi.com/" "Mozilla/5.0 (iPhone; CPU iPhone OS 15_7_3 like Mac OS X) AppleWebKit/605.1.15 (KHTML, like Gecko) Version/15.6.4 Mobile/15E148 Safari/604.1"
2a02:c7c:db3b:c100:40b2:afb:d3ab:9d2 - - [04/Jun/2023:08:50:01 +0100] "GET /wp-content/litespeed/css/6535647460d4aa60ad23c2865c606160.css?ver=c0a1f HTTP/1.1" 200 1188 "https://www.walbottlevi.com/" "Mozilla/5.0 (iPhone; CPU iPhone OS 15_7_3 like Mac OS X) AppleWebKit/605.1.15 (KHTML, like Gecko) Version/15.6.4 Mobile/15E148 Safari/604.1"
2a02:c7c:db3b:c100:40b2:afb:d3ab:9d2 - - [04/Jun/2023:08:50:01 +0100] "GET /wp-content/litespeed/css/b50394726d8e038b2a3b6c685cdb2a02.css?ver=8fba9 HTTP/1.1" 200 3031 "https://www.walbottlevi.com/" "Mozilla/5.0 (iPhone; CPU iPhone OS 15_7_3 like Mac OS X) AppleWebKit/605.1.15 (KHTML, like Gecko) Version/15.6.4 Mobile/15E148 Safari/604.1"
2a02:c7c:db3b:c100:40b2:afb:d3ab:9d2 - - [04/Jun/2023:08:50:01 +0100] "GET /wp-content/litespeed/css/956eedea8185869c0bd74e87310e15c7.css?ver=dcaa6 HTTP/1.1" 200 21772 "https://www.walbottlevi.com/" "Mozilla/5.0 (iPhone; CPU iPhone OS 15_7_3 like Mac OS X) AppleWebKit/605.1.15 (KHTML, like Gecko) Version/15.6.4 Mobile/15E148 Safari/604.1"
2a02:c7c:db3b:c100:40b2:afb:d3ab:9d2 - - [04/Jun/2023:08:50:02 +0100] "GET /wp-content/plugins/cookie-law-info/legacy/images/td_back.gif HTTP/1.1" 200 141 "https://www.walbottlevi.com/" "Mozilla/5.0 (iPhone; CPU iPhone OS 15_7_3 like Mac OS X) AppleWebKit/605.1.15 (KHTML, like Gecko) Version/15.6.4 Mobile/15E148 Safari/604.1"
2a02:c7c:db3b:c100:40b2:afb:d3ab:9d2 - - [04/Jun/2023:08:50:03 +0100] "GET /wp-content/uploads/2021/05/hall1-150x150.jpg HTTP/1.1" 200 4699 "https://www.walbottlevi.com/" "Mozilla/5.0 (iPhone; CPU iPhone OS 15_7_3 like Mac OS X) AppleWebKit/605.1.15 (KHTML, like Gecko) Version/15.6.4 Mobile/15E148 Safari/604.1"
2a02:c7c:db3b:c100:40b2:afb:d3ab:9d2 - - [04/Jun/2023:08:50:03 +0100] "GET /wp-content/uploads/2022/07/wvi-kicthen-150x150.jpg HTTP/1.1" 200 4289 "https://www.walbottlevi.com/" "Mozilla/5.0 (iPhone; CPU iPhone OS 15_7_3 like Mac OS X) AppleWebKit/605.1.15 (KHTML, like Gecko) Version/15.6.4 Mobile/15E148 Safari/604.1"
2a02:c7c:db3b:c100:40b2:afb:d3ab:9d2 - - [04/Jun/2023:08:50:03 +0100] "GET /wp-content/uploads/2021/05/hall2-150x150.jpg.webp HTTP/1.1" 200 3478 "https://www.walbottlevi.com/" "Mozilla/5.0 (iPhone; CPU iPhone OS 15_7_3 like Mac OS X) AppleWebKit/605.1.15 (KHTML, like Gecko) Version/15.6.4 Mobile/15E148 Safari/604.1"
44.235.211.232 - - [04/Jun/2023:09:01:34 +0100] "POST /?rest_route=%2Fwordfence%2Fv1%2Fauthenticate HTTP/1.1" 200 134 "-" "Wordfence Central API v1.0"
44.235.211.232 - - [04/Jun/2023:09:01:35 +0100] "POST /?rest_route=%2Fwordfence%2Fv1%2Fauthenticate HTTP/1.1" 200 254 "-" "Wordfence Central API v1.0"
44.235.211.232 - - [04/Jun/2023:09:01:37 +0100] "POST /?rest_route=%2Fwordfence%2Fv1%2Fconfig HTTP/1.1" 200 2890 "-" "Wordfence Central API v1.0"
66.249.65.7 - - [04/Jun/2023:09:39:35 +0100] "GET / HTTP/1.1" 200 23780 "-" "Mozilla/5.0 (Linux; Android 6.0.1; Nexus 5X Build/MMB29P) AppleWebKit/537.36 (KHTML, like Gecko) Chrome/114.0.5735.90 Mobile Safari/537.36 (compatible; Googlebot/2.1; +http://www.google.com/bot.html)"
66.249.65.5 - - [04/Jun/2023:09:39:42 +0100] "GET /wp-content/themes/astra/assets/js/minified/frontend.min.js?ver=4.1.5 HTTP/1.1" 200 5715 "https://www.walbottlevi.com/" "Mozilla/5.0 (Linux; Android 6.0.1; Nexus 5X Build/MMB29P) AppleWebKit/537.36 (KHTML, like Gecko) Chrome/113.0.5672.126 Mobile Safari/537.36 (compatible; Googlebot/2.1; +http://www.google.com/bot.html)"
95.108.213.216 - - [04/Jun/2023:09:49:04 +0100] "GET /robots.txt HTTP/1.1" 304 0 "-" "Mozilla/5.0 (compatible; YandexBot/3.0; +http://yandex.com/bots)"
95.108.213.84 - - [04/Jun/2023:09:49:05 +0100] "GET /news/2022/02/ HTTP/1.1" 200 19096 "-" "Mozilla/5.0 (compatible; YandexBot/3.0; +http://yandex.com/bots)"
44.235.211.232 - - [04/Jun/2023:10:01:35 +0100] "POST /?rest_route=%2Fwordfence%2Fv1%2Fauthenticate HTTP/1.1" 200 134 "-" "Wordfence Central API v1.0"
44.235.211.232 - - [04/Jun/2023:10:01:36 +0100] "POST /?rest_route=%2Fwordfence%2Fv1%2Fauthenticate HTTP/1.1" 200 254 "-" "Wordfence Central API v1.0"
44.235.211.232 - - [04/Jun/2023:10:01:38 +0100] "POST /?rest_route=%2Fwordfence%2Fv1%2Fconfig HTTP/1.1" 200 2890 "-" "Wordfence Central API v1.0"
172.70.2.11 - - [04/Jun/2023:10:16:00 +0100] "GET / HTTP/1.1" 200 23780 "-" "Cloudflare-SSLDetector"
2606:4700:1101:2:d1ef:9084:2f20:67b0 - - [04/Jun/2023:10:16:00 +0100] "GET / HTTP/1.1" 301 20 "-" "Cloudflare-SSLDetector"
44.235.211.232 - - [04/Jun/2023:11:01:34 +0100] "POST /?rest_route=%2Fwordfence%2Fv1%2Fauthenticate HTTP/1.1" 200 135 "-" "Wordfence Central API v1.0"
44.235.211.232 - - [04/Jun/2023:11:01:36 +0100] "POST /?rest_route=%2Fwordfence%2Fv1%2Fauthenticate HTTP/1.1" 200 256 "-" "Wordfence Central API v1.0"
44.235.211.232 - - [04/Jun/2023:11:01:37 +0100] "POST /?rest_route=%2Fwordfence%2Fv1%2Fconfig HTTP/1.1" 200 2890 "-" "Wordfence Central API v1.0"
40.77.167.140 - - [04/Jun/2023:11:12:08 +0100] "GET /sitemap_index.xml HTTP/1.1" 200 332 "-" "Mozilla/5.0 AppleWebKit/537.36 (KHTML, like Gecko; compatible; bingbot/2.0; +http://www.bing.com/bingbot.htm) Chrome/103.0.5060.134 Safari/537.36"
54.36.148.54 - - [04/Jun/2023:11:19:16 +0100] "GET / HTTP/1.1" 200 23780 "-" "Mozilla/5.0 (compatible; AhrefsBot/7.0; +http://ahrefs.com/robot/)"
66.249.70.136 - - [04/Jun/2023:11:56:03 +0100] "GET /?MA HTTP/1.1" 301 20 "-" "Mozilla/5.0 (Linux; Android 6.0.1; Nexus 5X Build/MMB29P) AppleWebKit/537.36 (KHTML, like Gecko) Chrome/114.0.5735.90 Mobile Safari/537.36 (compatible; Googlebot/2.1; +http://www.google.com/bot.html)"
66.249.64.199 - - [04/Jun/2023:11:56:04 +0100] "GET /?MA HTTP/1.1" 200 23781 "-" "Mozilla/5.0 (Linux; Android 6.0.1; Nexus 5X Build/MMB29P) AppleWebKit/537.36 (KHTML, like Gecko) Chrome/114.0.5735.90 Mobile Safari/537.36 (compatible; Googlebot/2.1; +http://www.google.com/bot.html)"
185.199.220.52 - - [04/Jun/2023:12:01:05 +0100] "GET / HTTP/1.1" 200 23780 "-" "WordPress/6.2.2; https://www.walbottlevi.com"
44.235.211.232 - - [04/Jun/2023:12:01:37 +0100] "POST /?rest_route=%2Fwordfence%2Fv1%2Fauthenticate HTTP/1.1" 200 135 "-" "Wordfence Central API v1.0"
44.235.211.232 - - [04/Jun/2023:12:01:38 +0100] "POST /?rest_route=%2Fwordfence%2Fv1%2Fauthenticate HTTP/1.1" 200 254 "-" "Wordfence Central API v1.0"
44.235.211.232 - - [04/Jun/2023:12:01:40 +0100] "POST /?rest_route=%2Fwordfence%2Fv1%2Fconfig HTTP/1.1" 200 2890 "-" "Wordfence Central API v1.0"
44.235.211.232 - - [04/Jun/2023:13:01:33 +0100] "POST /?rest_route=%2Fwordfence%2Fv1%2Fauthenticate HTTP/1.1" 200 135 "-" "Wordfence Central API v1.0"
44.235.211.232 - - [04/Jun/2023:13:01:35 +0100] "POST /?rest_route=%2Fwordfence%2Fv1%2Fauthenticate HTTP/1.1" 200 254 "-" "Wordfence Central API v1.0"
44.235.211.232 - - [04/Jun/2023:13:01:36 +0100] "POST /?rest_route=%2Fwordfence%2Fv1%2Fconfig HTTP/1.1" 200 2890 "-" "Wordfence Central API v1.0"
54.68.32.247 - - [04/Jun/2023:14:01:35 +0100] "POST /?rest_route=%2Fwordfence%2Fv1%2Fauthenticate HTTP/1.1" 200 135 "-" "Wordfence Central API v1.0"
54.68.32.247 - - [04/Jun/2023:14:01:36 +0100] "POST /?rest_route=%2Fwordfence%2Fv1%2Fauthenticate HTTP/1.1" 200 255 "-" "Wordfence Central API v1.0"
54.68.32.247 - - [04/Jun/2023:14:01:38 +0100] "POST /?rest_route=%2Fwordfence%2Fv1%2Fconfig HTTP/1.1" 200 2890 "-" "Wordfence Central API v1.0"
114.119.151.185 - - [04/Jun/2023:14:24:11 +0100] "GET /robots.txt HTTP/1.1" 304 0 "-" "Mozilla/5.0 (compatible;PetalBot;+https://webmaster.petalsearch.com/site/petalbot)"
66.249.70.191 - - [04/Jun/2023:14:40:11 +0100] "GET /wp-content/plugins/cookie-law-info/legacy/public/js/cookie-law-info-public.js?ver=3.0.9 HTTP/1.1" 200 9204 "https://www.walbottlevi.com/?MA" "Mozilla/5.0 (Linux; Android 6.0.1; Nexus 5X Build/MMB29P) AppleWebKit/537.36 (KHTML, like Gecko) Chrome/113.0.5672.126 Mobile Safari/537.36 (compatible; Googlebot/2.1; +http://www.google.com/bot.html)"
66.249.70.160 - - [04/Jun/2023:14:40:12 +0100] "GET /wp-includes/js/jquery/ui/core.min.js?ver=1.13.2 HTTP/1.1" 200 7741 "https://www.walbottlevi.com/?MA" "Mozilla/5.0 (Linux; Android 6.0.1; Nexus 5X Build/MMB29P) AppleWebKit/537.36 (KHTML, like Gecko) Chrome/113.0.5672.126 Mobile Safari/537.36 (compatible; Googlebot/2.1; +http://www.google.com/bot.html)"
198.41.144.252 - - [04/Jun/2023:14:47:57 +0100] "GET / HTTP/1.1" 401 52 "http://cpcontacts.walbottlevi.com" "Mozilla/5.0 (Macintosh; Intel Mac OS X 10_15_7) AppleWebKit/537.36 (KHTML, like Gecko) Chrome/92.0.4515.107 Safari/537.36 (compatible; +https://developers.cloudflare.com/security-center/)"
198.41.144.252 - - [04/Jun/2023:14:47:58 +0100] "GET / HTTP/1.1" 401 52 "-" "Mozilla/5.0 (Macintosh; Intel Mac OS X 10_15_7) AppleWebKit/537.36 (KHTML, like Gecko) Chrome/92.0.4515.107 Safari/537.36 (compatible; +https://developers.cloudflare.com/security-center/)"
198.41.144.252 - - [04/Jun/2023:14:47:59 +0100] "GET / HTTP/1.1" 401 52 "-" "Mozilla/5.0 (Macintosh; Intel Mac OS X 10_15_7) AppleWebKit/537.36 (KHTML, like Gecko) Chrome/92.0.4515.107 Safari/537.36 (compatible; +https://developers.cloudflare.com/security-center/)"
114.119.148.108 - - [04/Jun/2023:14:52:46 +0100] "GET /news HTTP/1.1" 301 20 "https://www.walbottlevi.com/facilities" "Mozilla/5.0 (Linux; Android 7.0;) AppleWebKit/537.36 (KHTML, like Gecko) Mobile Safari/537.36 (compatible; PetalBot;+https://webmaster.petalsearch.com/site/petalbot)"
114.119.148.108 - - [04/Jun/2023:14:52:54 +0100] "GET /news/ HTTP/1.1" 200 22979 "https://www.walbottlevi.com/facilities" "Mozilla/5.0 (Linux; Android 7.0;) AppleWebKit/537.36 (KHTML, like Gecko) Mobile Safari/537.36 (compatible; PetalBot;+https://webmaster.petalsearch.com/site/petalbot)"
213.180.203.234 - - [04/Jun/2023:15:11:29 +0100] "GET /activity.xml HTTP/1.1" 404 18894 "-" "Mozilla/5.0 (compatible; YandexBot/3.0; +http://yandex.com/bots)"
114.119.133.247 - - [04/Jun/2023:15:26:51 +0100] "GET /wp-content/uploads/2022/10/Children-and-Vulnerable-Adults-Safeguarding-Policy.pdf HTTP/1.1" 200 369448 "https://www.walbottlevi.com/news/all-classes-now-back/" "Mozilla/5.0 (Linux; Android 7.0;) AppleWebKit/537.36 (KHTML, like Gecko) Mobile Safari/537.36 (compatible; PetalBot;+https://webmaster.petalsearch.com/site/petalbot)"
44.235.211.232 - - [04/Jun/2023:16:01:33 +0100] "POST /?rest_route=%2Fwordfence%2Fv1%2Fauthenticate HTTP/1.1" 200 133 "-" "Wordfence Central API v1.0"
44.235.211.232 - - [04/Jun/2023:16:01:35 +0100] "POST /?rest_route=%2Fwordfence%2Fv1%2Fauthenticate HTTP/1.1" 200 256 "-" "Wordfence Central API v1.0"
44.235.211.232 - - [04/Jun/2023:16:01:36 +0100] "POST /?rest_route=%2Fwordfence%2Fv1%2Fconfig HTTP/1.1" 200 2889 "-" "Wordfence Central API v1.0"
54.191.137.17 - - [04/Jun/2023:16:17:13 +0100] "POST /wp-load.php?mwprid=647caaf14ee3b5.10370712 HTTP/1.1" 200 3023 "https://walbottlevi.com/" "Mozilla/5.0 (Windows NT 10.0; Win64; x64) AppleWebKit/537.36 (KHTML, like Gecko) Chrome/111.0.0.0 Safari/537.36"
54.191.137.17 - - [04/Jun/2023:16:17:22 +0100] "POST /wp-load.php?mwprid=647caafde8ec38.81657159 HTTP/1.1" 200 569 "https://walbottlevi.com/" "Mozilla/5.0 (Windows NT 10.0; Win64; x64) AppleWebKit/537.36 (KHTML, like Gecko) Chrome/111.0.0.0 Safari/537.36"
54.191.137.17 - - [04/Jun/2023:16:17:41 +0100] "POST /wp-load.php?mwprid=647cab1434c977.87525551 HTTP/1.1" 200 567 "https://walbottlevi.com/" "Mozilla/5.0 (Windows NT 10.0; Win64; x64) AppleWebKit/537.36 (KHTML, like Gecko) Chrome/111.0.0.0 Safari/537.36"
44.235.211.232 - - [04/Jun/2023:17:01:36 +0100] "POST /?rest_route=%2Fwordfence%2Fv1%2Fauthenticate HTTP/1.1" 200 135 "-" "Wordfence Central API v1.0"
44.235.211.232 - - [04/Jun/2023:17:01:37 +0100] "POST /?rest_route=%2Fwordfence%2Fv1%2Fauthenticate HTTP/1.1" 200 254 "-" "Wordfence Central API v1.0"
44.235.211.232 - - [04/Jun/2023:17:01:38 +0100] "POST /?rest_route=%2Fwordfence%2Fv1%2Fconfig HTTP/1.1" 200 2890 "-" "Wordfence Central API v1.0"
40.77.167.140 - - [04/Jun/2023:17:20:33 +0100] "GET /sitemap_index.xml HTTP/1.1" 200 332 "-" "Mozilla/5.0 AppleWebKit/537.36 (KHTML, like Gecko; compatible; bingbot/2.0; +http://www.bing.com/bingbot.htm) Chrome/103.0.5060.134 Safari/537.36"
66.249.64.199 - - [04/Jun/2023:17:29:40 +0100] "GET /comments/feed/ HTTP/1.1" 200 428 "-" "Mozilla/5.0 (compatible; Googlebot/2.1; +http://www.google.com/bot.html)"
66.249.64.194 - - [04/Jun/2023:17:38:44 +0100] "GET /comments/feed/ HTTP/1.1" 200 428 "-" "Mozilla/5.0 (Linux; Android 6.0.1; Nexus 5X Build/MMB29P) AppleWebKit/537.36 (KHTML, like Gecko) Chrome/114.0.5735.90 Mobile Safari/537.36 (compatible; Googlebot/2.1; +http://www.google.com/bot.html)"
44.235.211.232 - - [04/Jun/2023:18:01:33 +0100] "POST /?rest_route=%2Fwordfence%2Fv1%2Fauthenticate HTTP/1.1" 200 134 "-" "Wordfence Central API v1.0"
44.235.211.232 - - [04/Jun/2023:18:01:35 +0100] "POST /?rest_route=%2Fwordfence%2Fv1%2Fauthenticate HTTP/1.1" 200 254 "-" "Wordfence Central API v1.0"
44.235.211.232 - - [04/Jun/2023:18:01:36 +0100] "POST /?rest_route=%2Fwordfence%2Fv1%2Fconfig HTTP/1.1" 200 2889 "-" "Wordfence Central API v1.0"
2a02:c7c:db43:d600:49a6:bc93:db2e:1027 - - [04/Jun/2023:18:31:43 +0100] "GET / HTTP/1.1" 200 23780 "https://www.informationnow.org.uk/" "Mozilla/5.0 (iPad; CPU OS 16_3 like Mac OS X) AppleWebKit/605.1.15 (KHTML, like Gecko) CriOS/113.0.5672.121 Mobile/15E148 Safari/604.1"
2a02:c7c:db43:d600:49a6:bc93:db2e:1027 - - [04/Jun/2023:18:31:43 +0100] "GET /wp-content/plugins/elementor/assets/js/preloaded-modules.min.js?ver=3.13.4 HTTP/1.1" 200 14283 "https://www.walbottlevi.com/" "Mozilla/5.0 (iPad; CPU OS 16_3 like Mac OS X) AppleWebKit/605.1.15 (KHTML, like Gecko) CriOS/113.0.5672.121 Mobile/15E148 Safari/604.1"
2a02:c7c:db43:d600:49a6:bc93:db2e:1027 - - [04/Jun/2023:18:31:43 +0100] "GET /wp-content/plugins/elementor/assets/lib/swiper/swiper.min.js?ver=5.3.6 HTTP/1.1" 200 41891 "https://www.walbottlevi.com/" "Mozilla/5.0 (iPad; CPU OS 16_3 like Mac OS X) AppleWebKit/605.1.15 (KHTML, like Gecko) CriOS/113.0.5672.121 Mobile/15E148 Safari/604.1"
2a02:c7c:db43:d600:49a6:bc93:db2e:1027 - - [04/Jun/2023:18:31:43 +0100] "GET /wp-content/plugins/elementor/assets/lib/waypoints/waypoints.min.js?ver=4.0.2 HTTP/1.1" 200 3407 "https://www.walbottlevi.com/" "Mozilla/5.0 (iPad; CPU OS 16_3 like Mac OS X) AppleWebKit/605.1.15 (KHTML, like Gecko) CriOS/113.0.5672.121 Mobile/15E148 Safari/604.1"
2a02:c7c:db43:d600:49a6:bc93:db2e:1027 - - [04/Jun/2023:18:31:43 +0100] "GET /wp-content/plugins/elementor/assets/js/frontend.min.js?ver=3.13.4 HTTP/1.1" 200 13659 "https://www.walbottlevi.com/" "Mozilla/5.0 (iPad; CPU OS 16_3 like Mac OS X) AppleWebKit/605.1.15 (KHTML, like Gecko) CriOS/113.0.5672.121 Mobile/15E148 Safari/604.1"
2a02:c7c:db43:d600:49a6:bc93:db2e:1027 - - [04/Jun/2023:18:31:43 +0100] "GET /wp-content/plugins/elementor/assets/lib/dialog/dialog.min.js?ver=4.9.0 HTTP/1.1" 200 3802 "https://www.walbottlevi.com/" "Mozilla/5.0 (iPad; CPU OS 16_3 like Mac OS X) AppleWebKit/605.1.15 (KHTML, like Gecko) CriOS/113.0.5672.121 Mobile/15E148 Safari/604.1"
2a02:c7c:db43:d600:49a6:bc93:db2e:1027 - - [04/Jun/2023:18:31:43 +0100] "GET /wp-includes/js/underscore.min.js?ver=1.13.4 HTTP/1.1" 200 7873 "https://www.walbottlevi.com/" "Mozilla/5.0 (iPad; CPU OS 16_3 like Mac OS X) AppleWebKit/605.1.15 (KHTML, like Gecko) CriOS/113.0.5672.121 Mobile/15E148 Safari/604.1"
2a02:c7c:db43:d600:49a6:bc93:db2e:1027 - - [04/Jun/2023:18:31:43 +0100] "GET /wp-includes/js/wp-util.min.js?ver=6.2.2 HTTP/1.1" 200 767 "https://www.walbottlevi.com/" "Mozilla/5.0 (iPad; CPU OS 16_3 like Mac OS X) AppleWebKit/605.1.15 (KHTML, like Gecko) CriOS/113.0.5672.121 Mobile/15E148 Safari/604.1"
2a02:c7c:db43:d600:49a6:bc93:db2e:1027 - - [04/Jun/2023:18:31:43 +0100] "GET /wp-content/plugins/elementor/assets/lib/share-link/share-link.min.js?ver=3.13.4 HTTP/1.1" 200 1176 "https://www.walbottlevi.com/" "Mozilla/5.0 (iPad; CPU OS 16_3 like Mac OS X) AppleWebKit/605.1.15 (KHTML, like Gecko) CriOS/113.0.5672.121 Mobile/15E148 Safari/604.1"
2a02:c7c:db43:d600:49a6:bc93:db2e:1027 - - [04/Jun/2023:18:31:43 +0100] "GET /wp-content/plugins/wpforms-lite/assets/js/integrations/elementor/frontend.min.js?ver=1.8.1.3 HTTP/1.1" 200 388 "https://www.walbottlevi.com/" "Mozilla/5.0 (iPad; CPU OS 16_3 like Mac OS X) AppleWebKit/605.1.15 (KHTML, like Gecko) CriOS/113.0.5672.121 Mobile/15E148 Safari/604.1"
2a02:c7c:db43:d600:49a6:bc93:db2e:1027 - - [04/Jun/2023:18:31:43 +0100] "GET /wp-content/themes/astra/assets/js/minified/frontend.min.js?ver=4.1.5 HTTP/1.1" 200 5715 "https://www.walbottlevi.com/" "Mozilla/5.0 (iPad; CPU OS 16_3 like Mac OS X) AppleWebKit/605.1.15 (KHTML, like Gecko) CriOS/113.0.5672.121 Mobile/15E148 Safari/604.1"
2a02:c7c:db43:d600:49a6:bc93:db2e:1027 - - [04/Jun/2023:18:31:43 +0100] "GET /wp-content/plugins/elementor/assets/js/frontend-modules.min.js?ver=3.13.4 HTTP/1.1" 200 15617 "https://www.walbottlevi.com/" "Mozilla/5.0 (iPad; CPU OS 16_3 like Mac OS X) AppleWebKit/605.1.15 (KHTML, like Gecko) CriOS/113.0.5672.121 Mobile/15E148 Safari/604.1"
2a02:c7c:db43:d600:49a6:bc93:db2e:1027 - - [04/Jun/2023:18:31:43 +0100] "GET /wp-content/plugins/elementor/assets/js/webpack.runtime.min.js?ver=3.13.4 HTTP/1.1" 200 2249 "https://www.walbottlevi.com/" "Mozilla/5.0 (iPad; CPU OS 16_3 like Mac OS X) AppleWebKit/605.1.15 (KHTML, like Gecko) CriOS/113.0.5672.121 Mobile/15E148 Safari/604.1"
2a02:c7c:db43:d600:49a6:bc93:db2e:1027 - - [04/Jun/2023:18:31:43 +0100] "GET /wp-includes/js/jquery/jquery-migrate.min.js?ver=3.4.0 HTTP/1.1" 200 5152 "https://www.walbottlevi.com/" "Mozilla/5.0 (iPad; CPU OS 16_3 like Mac OS X) AppleWebKit/605.1.15 (KHTML, like Gecko) CriOS/113.0.5672.121 Mobile/15E148 Safari/604.1"
2a02:c7c:db43:d600:49a6:bc93:db2e:1027 - - [04/Jun/2023:18:31:43 +0100] "GET /wp-includes/js/jquery/jquery.min.js?ver=3.6.4 HTTP/1.1" 200 34922 "https://www.walbottlevi.com/" "Mozilla/5.0 (iPad; CPU OS 16_3 like Mac OS X) AppleWebKit/605.1.15 (KHTML, like Gecko) CriOS/113.0.5672.121 Mobile/15E148 Safari/604.1"
2a02:c7c:db43:d600:49a6:bc93:db2e:1027 - - [04/Jun/2023:18:31:43 +0100] "GET /wp-content/uploads/2022/10/11-10-22-7-scaled.jpg HTTP/1.1" 200 762970 "https://www.walbottlevi.com/" "Mozilla/5.0 (iPad; CPU OS 16_3 like Mac OS X) AppleWebKit/605.1.15 (KHTML, like Gecko) CriOS/113.0.5672.121 Mobile/15E148 Safari/604.1"
2a02:c7c:db43:d600:49a6:bc93:db2e:1027 - - [04/Jun/2023:18:31:43 +0100] "GET /wp-content/uploads/2019/11/cropped-WVIMain-180x180.png HTTP/1.1" 403 1229 "-" "Mozilla/5.0 (iPad; CPU OS 16_3 like Mac OS X) AppleWebKit/605.1.15 (KHTML, like Gecko) CriOS/113.0.5672.121 Mobile/15E148 Safari/604.1"
2a02:c7c:db43:d600:49a6:bc93:db2e:1027 - - [04/Jun/2023:18:31:43 +0100] "GET /wp-content/uploads/2019/11/cropped-WVIMain-192x192.png HTTP/1.1" 403 1229 "-" "Mozilla/5.0 (iPad; CPU OS 16_3 like Mac OS X) AppleWebKit/605.1.15 (KHTML, like Gecko) CriOS/113.0.5672.121 Mobile/15E148 Safari/604.1"
2a02:c7c:db43:d600:49a6:bc93:db2e:1027 - - [04/Jun/2023:18:31:43 +0100] "GET /wp-content/uploads/2019/11/cropped-WVIMain-32x32.png HTTP/1.1" 403 1229 "-" "Mozilla/5.0 (iPad; CPU OS 16_3 like Mac OS X) AppleWebKit/605.1.15 (KHTML, like Gecko) CriOS/113.0.5672.121 Mobile/15E148 Safari/604.1"
2a02:c7c:db43:d600:49a6:bc93:db2e:1027 - - [04/Jun/2023:18:31:44 +0100] "GET /wp-content/uploads/2021/05/hall2-150x150.jpg HTTP/1.1" 200 4675 "https://www.walbottlevi.com/" "Mozilla/5.0 (iPad; CPU OS 16_3 like Mac OS X) AppleWebKit/605.1.15 (KHTML, like Gecko) CriOS/113.0.5672.121 Mobile/15E148 Safari/604.1"
2a02:c7c:db43:d600:49a6:bc93:db2e:1027 - - [04/Jun/2023:18:31:44 +0100] "GET /wp-content/uploads/2020/11/drone-shot-150x150.jpeg HTTP/1.1" 200 6482 "https://www.walbottlevi.com/" "Mozilla/5.0 (iPad; CPU OS 16_3 like Mac OS X) AppleWebKit/605.1.15 (KHTML, like Gecko) CriOS/113.0.5672.121 Mobile/15E148 Safari/604.1"
2a02:c7c:db43:d600:49a6:bc93:db2e:1027 - - [04/Jun/2023:18:31:44 +0100] "GET /wp-content/uploads/2019/11/76647940_498759010723654_531067741168205824_n-150x150.jpg HTTP/1.1" 200 5149 "https://www.walbottlevi.com/" "Mozilla/5.0 (iPad; CPU OS 16_3 like Mac OS X) AppleWebKit/605.1.15 (KHTML, like Gecko) CriOS/113.0.5672.121 Mobile/15E148 Safari/604.1"
2a02:c7c:db43:d600:49a6:bc93:db2e:1027 - - [04/Jun/2023:18:31:46 +0100] "GET /whats-on/ HTTP/1.1" 200 22850 "https://www.walbottlevi.com/" "Mozilla/5.0 (iPad; CPU OS 16_3 like Mac OS X) AppleWebKit/605.1.15 (KHTML, like Gecko) CriOS/113.0.5672.121 Mobile/15E148 Safari/604.1"
2a02:c7c:db43:d600:49a6:bc93:db2e:1027 - - [04/Jun/2023:18:31:46 +0100] "GET /wp-content/uploads/2019/11/cropped-WVIMain-192x192.png HTTP/1.1" 403 1229 "-" "Mozilla/5.0 (iPad; CPU OS 16_3 like Mac OS X) AppleWebKit/605.1.15 (KHTML, like Gecko) CriOS/113.0.5672.121 Mobile/15E148 Safari/604.1"
2a02:c7c:db43:d600:49a6:bc93:db2e:1027 - - [04/Jun/2023:18:31:46 +0100] "GET /wp-content/uploads/2019/11/cropped-WVIMain-180x180.png HTTP/1.1" 403 1229 "-" "Mozilla/5.0 (iPad; CPU OS 16_3 like Mac OS X) AppleWebKit/605.1.15 (KHTML, like Gecko) CriOS/113.0.5672.121 Mobile/15E148 Safari/604.1"
2a02:c7c:db43:d600:49a6:bc93:db2e:1027 - - [04/Jun/2023:18:31:46 +0100] "GET /wp-content/litespeed/css/013ccc19c073ca448782f8256939e3d2.css?ver=bda60 HTTP/1.1" 200 817 "https://www.walbottlevi.com/whats-on/" "Mozilla/5.0 (iPad; CPU OS 16_3 like Mac OS X) AppleWebKit/605.1.15 (KHTML, like Gecko) CriOS/113.0.5672.121 Mobile/15E148 Safari/604.1"
2a02:c7c:db43:d600:49a6:bc93:db2e:1027 - - [04/Jun/2023:18:31:46 +0100] "GET /wp-content/uploads/2019/11/cropped-WVIMain-32x32.png HTTP/1.1" 403 1229 "-" "Mozilla/5.0 (iPad; CPU OS 16_3 like Mac OS X) AppleWebKit/605.1.15 (KHTML, like Gecko) CriOS/113.0.5672.121 Mobile/15E148 Safari/604.1"
2a02:c7c:db43:d600:49a6:bc93:db2e:1027 - - [04/Jun/2023:18:31:58 +0100] "GET /wp-content/themes/astra/assets/fonts/astra.woff HTTP/1.1" 200 3304 "https://www.walbottlevi.com/" "Mozilla/5.0 (iPad; CPU OS 16_3 like Mac OS X) AppleWebKit/605.1.15 (KHTML, like Gecko) CriOS/113.0.5672.121 Mobile/15E148 Safari/604.1"
66.249.64.221 - - [04/Jun/2023:18:53:54 +0100] "GET / HTTP/1.1" 200 23780 "-" "Mozilla/5.0 (Linux; Android 6.0.1; Nexus 5X Build/MMB29P) AppleWebKit/537.36 (KHTML, like Gecko) Chrome/114.0.5735.90 Mobile Safari/537.36 (compatible; Googlebot/2.1; +http://www.google.com/bot.html)"
185.199.220.52 - - [04/Jun/2023:19:01:07 +0100] "POST /wp-admin/admin-ajax.php?action=wordfence_testAjax HTTP/1.1" 200 32 "-" "WordPress/6.2.2; https://www.walbottlevi.com"
44.235.211.232 - - [04/Jun/2023:19:01:11 +0100] "POST /?rest_route=%2Fwordfence%2Fv1%2Fauthenticate HTTP/1.1" 200 135 "-" "Wordfence Central API v1.0"
44.235.211.232 - - [04/Jun/2023:19:01:12 +0100] "POST /?rest_route=%2Fwordfence%2Fv1%2Fauthenticate HTTP/1.1" 200 254 "-" "Wordfence Central API v1.0"
44.235.211.232 - - [04/Jun/2023:19:01:13 +0100] "POST /?rest_route=%2Fwordfence%2Fv1%2Fscan%2Fissues HTTP/1.1" 200 95 "-" "Wordfence Central API v1.0"
