66.249.65.7 - - [07/Jun/2023:09:31:43 +0100] "GET /wp-content/plugins/elementor/assets/lib/waypoints/waypoints.min.js?ver=4.0.2 HTTP/1.1" 200 3407 "https://www.walbottlevi.com/?ND" "Mozilla/5.0 (Linux; Android 6.0.1; Nexus 5X Build/MMB29P) AppleWebKit/537.36 (KHTML, like Gecko) Chrome/114.0.5735.90 Mobile Safari/537.36 (compatible; Googlebot/2.1; +http://www.google.com/bot.html)"
66.249.65.3 - - [07/Jun/2023:09:31:43 +0100] "GET /wp-includes/js/jquery/ui/core.min.js?ver=1.13.2 HTTP/1.1" 200 7741 "https://www.walbottlevi.com/?ND" "Mozilla/5.0 (Linux; Android 6.0.1; Nexus 5X Build/MMB29P) AppleWebKit/537.36 (KHTML, like Gecko) Chrome/114.0.5735.90 Mobile Safari/537.36 (compatible; Googlebot/2.1; +http://www.google.com/bot.html)"
40.77.167.140 - - [07/Jun/2023:09:50:25 +0100] "GET /sitemap_index.xml HTTP/1.1" 200 332 "-" "Mozilla/5.0 AppleWebKit/537.36 (KHTML, like Gecko; compatible; bingbot/2.0; +http://www.bing.com/bingbot.htm) Chrome/103.0.5060.134 Safari/537.36"
54.68.32.247 - - [07/Jun/2023:10:01:34 +0100] "POST /?rest_route=%2Fwordfence%2Fv1%2Fauthenticate HTTP/1.1" 200 135 "-" "Wordfence Central API v1.0"
54.68.32.247 - - [07/Jun/2023:10:01:35 +0100] "POST /?rest_route=%2Fwordfence%2Fv1%2Fauthenticate HTTP/1.1" 200 254 "-" "Wordfence Central API v1.0"
54.68.32.247 - - [07/Jun/2023:10:01:37 +0100] "POST /?rest_route=%2Fwordfence%2Fv1%2Fconfig HTTP/1.1" 200 2889 "-" "Wordfence Central API v1.0"
92.6.24.176 - - [07/Jun/2023:10:52:45 +0100] "GET / HTTP/1.1" 200 23778 "https://www.google.co.uk/" "Mozilla/5.0 (Macintosh; Intel Mac OS X 10_15_7) AppleWebKit/605.1.15 (KHTML, like Gecko) Version/16.1 Safari/605.1.15"
92.6.24.176 - - [07/Jun/2023:10:52:45 +0100] "GET /wp-content/astra-local-fonts/montserrat/JTUSjIg1_i6t8kCHKm459Wlhyw.woff2 HTTP/1.1" 200 30928 "https://www.walbottlevi.com/" "Mozilla/5.0 (Macintosh; Intel Mac OS X 10_15_7) AppleWebKit/605.1.15 (KHTML, like Gecko) Version/16.1 Safari/605.1.15"
92.6.24.176 - - [07/Jun/2023:10:52:45 +0100] "GET /wp-content/litespeed/css/f1c512303efe72ccc9a52425205a30c4.css?ver=3b62e HTTP/1.1" 200 546 "https://www.walbottlevi.com/" "Mozilla/5.0 (Macintosh; Intel Mac OS X 10_15_7) AppleWebKit/605.1.15 (KHTML, like Gecko) Version/16.1 Safari/605.1.15"
92.6.24.176 - - [07/Jun/2023:10:52:45 +0100] "GET /wp-content/litespeed/css/04c205088aef6ab86671135984bde441.css?ver=76f97 HTTP/1.1" 200 250 "https://www.walbottlevi.com/" "Mozilla/5.0 (Macintosh; Intel Mac OS X 10_15_7) AppleWebKit/605.1.15 (KHTML, like Gecko) Version/16.1 Safari/605.1.15"
92.6.24.176 - - [07/Jun/2023:10:52:45 +0100] "GET /wp-content/litespeed/css/6535647460d4aa60ad23c2865c606160.css?ver=c0a1f HTTP/1.1" 200 1188 "https://www.walbottlevi.com/" "Mozilla/5.0 (Macintosh; Intel Mac OS X 10_15_7) AppleWebKit/605.1.15 (KHTML, like Gecko) Version/16.1 Safari/605.1.15"
92.6.24.176 - - [07/Jun/2023:10:52:45 +0100] "GET /wp-content/litespeed/css/527ae6b45076c1966b0aeb76afe14a46.css?ver=683af HTTP/1.1" 200 1480 "https://www.walbottlevi.com/" "Mozilla/5.0 (Macintosh; Intel Mac OS X 10_15_7) AppleWebKit/605.1.15 (KHTML, like Gecko) Version/16.1 Safari/605.1.15"
92.6.24.176 - - [07/Jun/2023:10:52:45 +0100] "GET /wp-content/litespeed/css/d0f0a6a25959ffbbd81453ae4ce9e36d.css?ver=eac45 HTTP/1.1" 200 477 "https://www.walbottlevi.com/" "Mozilla/5.0 (Macintosh; Intel Mac OS X 10_15_7) AppleWebKit/605.1.15 (KHTML, like Gecko) Version/16.1 Safari/605.1.15"
92.6.24.176 - - [07/Jun/2023:10:52:45 +0100] "GET /wp-content/litespeed/css/cf22e83ddbcbe9bf0a5483ea759a38f0.css?ver=cc9d0 HTTP/1.1" 200 15959 "https://www.walbottlevi.com/" "Mozilla/5.0 (Macintosh; Intel Mac OS X 10_15_7) AppleWebKit/605.1.15 (KHTML, like Gecko) Version/16.1 Safari/605.1.15"
92.6.24.176 - - [07/Jun/2023:10:52:45 +0100] "GET /wp-content/litespeed/css/966a351f3dfe040709a43dd7f20e6769.css?ver=3540c HTTP/1.1" 200 38229 "https://www.walbottlevi.com/" "Mozilla/5.0 (Macintosh; Intel Mac OS X 10_15_7) AppleWebKit/605.1.15 (KHTML, like Gecko) Version/16.1 Safari/605.1.15"
92.6.24.176 - - [07/Jun/2023:10:52:45 +0100] "GET /wp-content/litespeed/css/f4a223f46f27a0f4dd14c5083fe873be.css?ver=f6741 HTTP/1.1" 200 2735 "https://www.walbottlevi.com/" "Mozilla/5.0 (Macintosh; Intel Mac OS X 10_15_7) AppleWebKit/605.1.15 (KHTML, like Gecko) Version/16.1 Safari/605.1.15"
92.6.24.176 - - [07/Jun/2023:10:52:45 +0100] "GET /wp-content/litespeed/css/11c9c674b84d67bca0cef616c9e5fc73.css?ver=5fc73 HTTP/1.1" 200 457 "https://www.walbottlevi.com/" "Mozilla/5.0 (Macintosh; Intel Mac OS X 10_15_7) AppleWebKit/605.1.15 (KHTML, like Gecko) Version/16.1 Safari/605.1.15"
92.6.24.176 - - [07/Jun/2023:10:52:45 +0100] "GET /wp-content/litespeed/css/db6fd0b0b00afc34bbeabff92acbee34.css?ver=b762a HTTP/1.1" 200 398 "https://www.walbottlevi.com/" "Mozilla/5.0 (Macintosh; Intel Mac OS X 10_15_7) AppleWebKit/605.1.15 (KHTML, like Gecko) Version/16.1 Safari/605.1.15"
92.6.24.176 - - [07/Jun/2023:10:52:45 +0100] "GET /wp-content/litespeed/css/b50394726d8e038b2a3b6c685cdb2a02.css?ver=8fba9 HTTP/1.1" 200 3031 "https://www.walbottlevi.com/" "Mozilla/5.0 (Macintosh; Intel Mac OS X 10_15_7) AppleWebKit/605.1.15 (KHTML, like Gecko) Version/16.1 Safari/605.1.15"
92.6.24.176 - - [07/Jun/2023:10:52:45 +0100] "GET /wp-content/litespeed/css/956eedea8185869c0bd74e87310e15c7.css?ver=dcaa6 HTTP/1.1" 200 21772 "https://www.walbottlevi.com/" "Mozilla/5.0 (Macintosh; Intel Mac OS X 10_15_7) AppleWebKit/605.1.15 (KHTML, like Gecko) Version/16.1 Safari/605.1.15"
92.6.24.176 - - [07/Jun/2023:10:52:45 +0100] "GET /wp-includes/js/jquery/jquery-migrate.min.js?ver=3.4.0 HTTP/1.1" 200 5152 "https://www.walbottlevi.com/" "Mozilla/5.0 (Macintosh; Intel Mac OS X 10_15_7) AppleWebKit/605.1.15 (KHTML, like Gecko) Version/16.1 Safari/605.1.15"
92.6.24.176 - - [07/Jun/2023:10:52:45 +0100] "GET /wp-includes/js/underscore.min.js?ver=1.13.4 HTTP/1.1" 200 7873 "https://www.walbottlevi.com/" "Mozilla/5.0 (Macintosh; Intel Mac OS X 10_15_7) AppleWebKit/605.1.15 (KHTML, like Gecko) Version/16.1 Safari/605.1.15"
92.6.24.176 - - [07/Jun/2023:10:52:45 +0100] "GET /wp-content/themes/astra/assets/js/minified/frontend.min.js?ver=4.1.5 HTTP/1.1" 200 5715 "https://www.walbottlevi.com/" "Mozilla/5.0 (Macintosh; Intel Mac OS X 10_15_7) AppleWebKit/605.1.15 (KHTML, like Gecko) Version/16.1 Safari/605.1.15"
92.6.24.176 - - [07/Jun/2023:10:52:45 +0100] "GET /wp-content/plugins/elementor/assets/lib/swiper/swiper.min.js?ver=5.3.6 HTTP/1.1" 200 41891 "https://www.walbottlevi.com/" "Mozilla/5.0 (Macintosh; Intel Mac OS X 10_15_7) AppleWebKit/605.1.15 (KHTML, like Gecko) Version/16.1 Safari/605.1.15"
92.6.24.176 - - [07/Jun/2023:10:52:45 +0100] "GET /wp-content/plugins/elementor/assets/js/webpack.runtime.min.js?ver=3.13.4 HTTP/1.1" 200 2249 "https://www.walbottlevi.com/" "Mozilla/5.0 (Macintosh; Intel Mac OS X 10_15_7) AppleWebKit/605.1.15 (KHTML, like Gecko) Version/16.1 Safari/605.1.15"
92.6.24.176 - - [07/Jun/2023:10:52:45 +0100] "GET /wp-content/plugins/elementor/assets/js/frontend.min.js?ver=3.13.4 HTTP/1.1" 200 13659 "https://www.walbottlevi.com/" "Mozilla/5.0 (Macintosh; Intel Mac OS X 10_15_7) AppleWebKit/605.1.15 (KHTML, like Gecko) Version/16.1 Safari/605.1.15"
92.6.24.176 - - [07/Jun/2023:10:52:45 +0100] "GET /wp-content/plugins/elementor/assets/js/frontend-modules.min.js?ver=3.13.4 HTTP/1.1" 200 15617 "https://www.walbottlevi.com/" "Mozilla/5.0 (Macintosh; Intel Mac OS X 10_15_7) AppleWebKit/605.1.15 (KHTML, like Gecko) Version/16.1 Safari/605.1.15"
92.6.24.176 - - [07/Jun/2023:10:52:45 +0100] "GET /wp-content/plugins/simple-banner/simple-banner.js?ver=2.15.1 HTTP/1.1" 200 1578 "https://www.walbottlevi.com/" "Mozilla/5.0 (Macintosh; Intel Mac OS X 10_15_7) AppleWebKit/605.1.15 (KHTML, like Gecko) Version/16.1 Safari/605.1.15"
92.6.24.176 - - [07/Jun/2023:10:52:45 +0100] "GET /wp-content/plugins/elementor/assets/lib/share-link/share-link.min.js?ver=3.13.4 HTTP/1.1" 200 1176 "https://www.walbottlevi.com/" "Mozilla/5.0 (Macintosh; Intel Mac OS X 10_15_7) AppleWebKit/605.1.15 (KHTML, like Gecko) Version/16.1 Safari/605.1.15"
92.6.24.176 - - [07/Jun/2023:10:52:45 +0100] "GET /wp-content/plugins/cookie-law-info/legacy/public/js/cookie-law-info-public.js?ver=3.0.9 HTTP/1.1" 200 9204 "https://www.walbottlevi.com/" "Mozilla/5.0 (Macintosh; Intel Mac OS X 10_15_7) AppleWebKit/605.1.15 (KHTML, like Gecko) Version/16.1 Safari/605.1.15"
92.6.24.176 - - [07/Jun/2023:10:52:45 +0100] "GET /wp-content/plugins/wpforms-lite/assets/js/integrations/elementor/frontend.min.js?ver=1.8.1.3 HTTP/1.1" 200 388 "https://www.walbottlevi.com/" "Mozilla/5.0 (Macintosh; Intel Mac OS X 10_15_7) AppleWebKit/605.1.15 (KHTML, like Gecko) Version/16.1 Safari/605.1.15"
92.6.24.176 - - [07/Jun/2023:10:52:45 +0100] "GET /wp-includes/js/jquery/jquery.min.js?ver=3.6.4 HTTP/1.1" 200 34922 "https://www.walbottlevi.com/" "Mozilla/5.0 (Macintosh; Intel Mac OS X 10_15_7) AppleWebKit/605.1.15 (KHTML, like Gecko) Version/16.1 Safari/605.1.15"
92.6.24.176 - - [07/Jun/2023:10:52:45 +0100] "GET /wp-includes/js/wp-util.min.js?ver=6.2.2 HTTP/1.1" 200 767 "https://www.walbottlevi.com/" "Mozilla/5.0 (Macintosh; Intel Mac OS X 10_15_7) AppleWebKit/605.1.15 (KHTML, like Gecko) Version/16.1 Safari/605.1.15"
92.6.24.176 - - [07/Jun/2023:10:52:45 +0100] "GET /wp-content/plugins/elementor/assets/lib/dialog/dialog.min.js?ver=4.9.0 HTTP/1.1" 200 3802 "https://www.walbottlevi.com/" "Mozilla/5.0 (Macintosh; Intel Mac OS X 10_15_7) AppleWebKit/605.1.15 (KHTML, like Gecko) Version/16.1 Safari/605.1.15"
92.6.24.176 - - [07/Jun/2023:10:52:45 +0100] "GET /wp-content/uploads/2022/10/11-10-22-7-scaled.jpg HTTP/1.1" 200 762970 "https://www.walbottlevi.com/" "Mozilla/5.0 (Macintosh; Intel Mac OS X 10_15_7) AppleWebKit/605.1.15 (KHTML, like Gecko) Version/16.1 Safari/605.1.15"
92.6.24.176 - - [07/Jun/2023:10:52:46 +0100] "GET /wp-content/uploads/2021/05/hall1-150x150.jpg HTTP/1.1" 200 4699 "https://www.walbottlevi.com/" "Mozilla/5.0 (Macintosh; Intel Mac OS X 10_15_7) AppleWebKit/605.1.15 (KHTML, like Gecko) Version/16.1 Safari/605.1.15"
92.6.24.176 - - [07/Jun/2023:10:52:46 +0100] "GET /wp-content/uploads/2020/11/drone-shot-150x150.jpeg HTTP/1.1" 200 6482 "https://www.walbottlevi.com/" "Mozilla/5.0 (Macintosh; Intel Mac OS X 10_15_7) AppleWebKit/605.1.15 (KHTML, like Gecko) Version/16.1 Safari/605.1.15"
92.6.24.176 - - [07/Jun/2023:10:52:46 +0100] "GET /wp-content/uploads/2021/05/hall2-150x150.jpg HTTP/1.1" 200 4675 "https://www.walbottlevi.com/" "Mozilla/5.0 (Macintosh; Intel Mac OS X 10_15_7) AppleWebKit/605.1.15 (KHTML, like Gecko) Version/16.1 Safari/605.1.15"
92.6.24.176 - - [07/Jun/2023:10:52:46 +0100] "GET /wp-content/uploads/2022/07/wvi-kicthen-150x150.jpg HTTP/1.1" 200 4289 "https://www.walbottlevi.com/" "Mozilla/5.0 (Macintosh; Intel Mac OS X 10_15_7) AppleWebKit/605.1.15 (KHTML, like Gecko) Version/16.1 Safari/605.1.15"
92.6.24.176 - - [07/Jun/2023:10:52:46 +0100] "GET /wp-content/uploads/2019/11/76647940_498759010723654_531067741168205824_n-150x150.jpg HTTP/1.1" 200 5149 "https://www.walbottlevi.com/" "Mozilla/5.0 (Macintosh; Intel Mac OS X 10_15_7) AppleWebKit/605.1.15 (KHTML, like Gecko) Version/16.1 Safari/605.1.15"
92.6.24.176 - - [07/Jun/2023:10:52:46 +0100] "GET /wp-content/uploads/2019/11/cropped-WVIMain-192x192.png HTTP/1.1" 200 28462 "https://www.walbottlevi.com/" "Mozilla/5.0 (Macintosh; Intel Mac OS X 10_15_7) AppleWebKit/605.1.15 (KHTML, like Gecko) Version/16.1 Safari/605.1.15"
92.6.24.176 - - [07/Jun/2023:10:52:46 +0100] "GET /wp-content/uploads/2019/11/cropped-WVIMain-32x32.png HTTP/1.1" 200 1647 "https://www.walbottlevi.com/" "Mozilla/5.0 (Macintosh; Intel Mac OS X 10_15_7) AppleWebKit/605.1.15 (KHTML, like Gecko) Version/16.1 Safari/605.1.15"
92.6.24.176 - - [07/Jun/2023:10:53:06 +0100] "GET /wp-content/themes/astra/assets/fonts/astra.woff HTTP/1.1" 200 3304 "https://www.walbottlevi.com/" "Mozilla/5.0 (Macintosh; Intel Mac OS X 10_15_7) AppleWebKit/605.1.15 (KHTML, like Gecko) Version/16.1 Safari/605.1.15"
92.6.24.176 - - [07/Jun/2023:10:53:12 +0100] "GET /contact/ HTTP/1.1" 200 23516 "https://www.walbottlevi.com/" "Mozilla/5.0 (Macintosh; Intel Mac OS X 10_15_7) AppleWebKit/605.1.15 (KHTML, like Gecko) Version/16.1 Safari/605.1.15"
92.6.24.176 - - [07/Jun/2023:10:53:12 +0100] "GET /wp-content/plugins/wpforms-lite/assets/lib/punycode.min.js?ver=1.0.0 HTTP/1.1" 200 888 "https://www.walbottlevi.com/contact/" "Mozilla/5.0 (Macintosh; Intel Mac OS X 10_15_7) AppleWebKit/605.1.15 (KHTML, like Gecko) Version/16.1 Safari/605.1.15"
92.6.24.176 - - [07/Jun/2023:10:53:12 +0100] "GET /wp-content/plugins/wpforms-lite/assets/js/utils.min.js?ver=1.8.1.3 HTTP/1.1" 200 231 "https://www.walbottlevi.com/contact/" "Mozilla/5.0 (Macintosh; Intel Mac OS X 10_15_7) AppleWebKit/605.1.15 (KHTML, like Gecko) Version/16.1 Safari/605.1.15"
92.6.24.176 - - [07/Jun/2023:10:54:47 +0100] "POST /contact/ HTTP/1.1" 200 23644 "https://www.walbottlevi.com/contact/" "Mozilla/5.0 (Macintosh; Intel Mac OS X 10_15_7) AppleWebKit/605.1.15 (KHTML, like Gecko) Version/16.1 Safari/605.1.15"
92.6.24.176 - - [07/Jun/2023:10:54:49 +0100] "GET /wp-content/plugins/cookie-law-info/legacy/public/css/cookie-law-info-gdpr.css?ver=3.0.9 HTTP/1.1" 200 5629 "https://www.walbottlevi.com/contact/" "Mozilla/5.0 (Macintosh; Intel Mac OS X 10_15_7) AppleWebKit/605.1.15 (KHTML, like Gecko) Version/16.1 Safari/605.1.15"
92.6.24.176 - - [07/Jun/2023:10:54:49 +0100] "GET /wp-content/plugins/simple-banner/simple-banner.css?ver=2.15.1 HTTP/1.1" 200 278 "https://www.walbottlevi.com/contact/" "Mozilla/5.0 (Macintosh; Intel Mac OS X 10_15_7) AppleWebKit/605.1.15 (KHTML, like Gecko) Version/16.1 Safari/605.1.15"
92.6.24.176 - - [07/Jun/2023:10:54:49 +0100] "GET /wp-content/astra-local-fonts/astra-local-fonts.css?ver=4.1.5 HTTP/1.1" 200 606 "https://www.walbottlevi.com/contact/" "Mozilla/5.0 (Macintosh; Intel Mac OS X 10_15_7) AppleWebKit/605.1.15 (KHTML, like Gecko) Version/16.1 Safari/605.1.15"
92.6.24.176 - - [07/Jun/2023:10:54:49 +0100] "GET /wp-content/plugins/wpforms-lite/assets/js/wpforms-confirmation.min.js?ver=1.8.1.3 HTTP/1.1" 200 271 "https://www.walbottlevi.com/contact/" "Mozilla/5.0 (Macintosh; Intel Mac OS X 10_15_7) AppleWebKit/605.1.15 (KHTML, like Gecko) Version/16.1 Safari/605.1.15"
92.6.24.176 - - [07/Jun/2023:10:54:49 +0100] "GET /wp-content/uploads/elementor/css/post-38.css?ver=1685307692 HTTP/1.1" 200 489 "https://www.walbottlevi.com/contact/" "Mozilla/5.0 (Macintosh; Intel Mac OS X 10_15_7) AppleWebKit/605.1.15 (KHTML, like Gecko) Version/16.1 Safari/605.1.15"
92.6.24.176 - - [07/Jun/2023:10:54:49 +0100] "GET /wp-content/plugins/elementor/assets/lib/swiper/css/swiper.min.css?ver=5.3.6 HTTP/1.1" 200 2736 "https://www.walbottlevi.com/contact/" "Mozilla/5.0 (Macintosh; Intel Mac OS X 10_15_7) AppleWebKit/605.1.15 (KHTML, like Gecko) Version/16.1 Safari/605.1.15"
92.6.24.176 - - [07/Jun/2023:10:54:49 +0100] "GET /wp-content/plugins/cookie-law-info/legacy/public/css/cookie-law-info-public.css?ver=3.0.9 HTTP/1.1" 200 1006 "https://www.walbottlevi.com/contact/" "Mozilla/5.0 (Macintosh; Intel Mac OS X 10_15_7) AppleWebKit/605.1.15 (KHTML, like Gecko) Version/16.1 Safari/605.1.15"
92.6.24.176 - - [07/Jun/2023:10:54:49 +0100] "GET /wp-content/plugins/cookie-law-info/legacy/public/css/cookie-law-info-table.css?ver=3.0.9 HTTP/1.1" 200 1920 "https://www.walbottlevi.com/contact/" "Mozilla/5.0 (Macintosh; Intel Mac OS X 10_15_7) AppleWebKit/605.1.15 (KHTML, like Gecko) Version/16.1 Safari/605.1.15"
92.6.24.176 - - [07/Jun/2023:10:54:49 +0100] "GET /wp-content/plugins/wpforms-lite/assets/css/frontend/classic/wpforms-base.min.css?ver=1.8.1.3 HTTP/1.1" 200 6755 "https://www.walbottlevi.com/contact/" "Mozilla/5.0 (Macintosh; Intel Mac OS X 10_15_7) AppleWebKit/605.1.15 (KHTML, like Gecko) Version/16.1 Safari/605.1.15"
92.6.24.176 - - [07/Jun/2023:10:54:49 +0100] "GET /wp-content/uploads/elementor/css/post-33.css?ver=1685324892 HTTP/1.1" 200 912 "https://www.walbottlevi.com/contact/" "Mozilla/5.0 (Macintosh; Intel Mac OS X 10_15_7) AppleWebKit/605.1.15 (KHTML, like Gecko) Version/16.1 Safari/605.1.15"
92.6.24.176 - - [07/Jun/2023:10:54:49 +0100] "GET /wp-content/plugins/elementor/assets/lib/eicons/css/elementor-icons.min.css?ver=5.20.0 HTTP/1.1" 200 4256 "https://www.walbottlevi.com/contact/" "Mozilla/5.0 (Macintosh; Intel Mac OS X 10_15_7) AppleWebKit/605.1.15 (KHTML, like Gecko) Version/16.1 Safari/605.1.15"
92.6.24.176 - - [07/Jun/2023:10:54:49 +0100] "GET /wp-includes/css/dist/block-library/style.min.css?ver=6.2.2 HTTP/1.1" 200 16042 "https://www.walbottlevi.com/contact/" "Mozilla/5.0 (Macintosh; Intel Mac OS X 10_15_7) AppleWebKit/605.1.15 (KHTML, like Gecko) Version/16.1 Safari/605.1.15"
92.6.24.176 - - [07/Jun/2023:10:54:49 +0100] "GET /wp-content/plugins/elementor/assets/css/frontend.min.css?ver=3.13.4 HTTP/1.1" 200 21777 "https://www.walbottlevi.com/contact/" "Mozilla/5.0 (Macintosh; Intel Mac OS X 10_15_7) AppleWebKit/605.1.15 (KHTML, like Gecko) Version/16.1 Safari/605.1.15"
92.6.24.176 - - [07/Jun/2023:10:54:49 +0100] "GET /wp-content/plugins/elementor/assets/lib/animations/animations.min.css?ver=3.13.4 HTTP/1.1" 200 3039 "https://www.walbottlevi.com/contact/" "Mozilla/5.0 (Macintosh; Intel Mac OS X 10_15_7) AppleWebKit/605.1.15 (KHTML, like Gecko) Version/16.1 Safari/605.1.15"
54.68.32.247 - - [07/Jun/2023:11:01:34 +0100] "POST /?rest_route=%2Fwordfence%2Fv1%2Fauthenticate HTTP/1.1" 200 134 "-" "Wordfence Central API v1.0"
54.68.32.247 - - [07/Jun/2023:11:01:36 +0100] "POST /?rest_route=%2Fwordfence%2Fv1%2Fauthenticate HTTP/1.1" 200 254 "-" "Wordfence Central API v1.0"
54.68.32.247 - - [07/Jun/2023:11:01:37 +0100] "POST /?rest_route=%2Fwordfence%2Fv1%2Fconfig HTTP/1.1" 200 2888 "-" "Wordfence Central API v1.0"
114.119.135.253 - - [07/Jun/2023:11:21:18 +0100] "GET /robots.txt HTTP/1.1" 304 0 "-" "Mozilla/5.0 (compatible;PetalBot;+https://webmaster.petalsearch.com/site/petalbot)"
66.249.65.29 - - [07/Jun/2023:11:39:07 +0100] "GET /wp-content/uploads/2021/06/street-dance-683x1024.jpg HTTP/1.1" 403 1229 "-" "Googlebot-Image/1.0"
52.167.144.118 - - [07/Jun/2023:11:50:26 +0100] "GET / HTTP/1.1" 200 23778 "-" "Mozilla/5.0 AppleWebKit/537.36 (KHTML, like Gecko; compatible; bingbot/2.0; +http://www.bing.com/bingbot.htm) Chrome/103.0.5060.134 Safari/537.36"
52.167.144.118 - - [07/Jun/2023:11:50:45 +0100] "GET /wp-content/astra-local-fonts/montserrat/JTUSjIg1_i6t8kCHKm459Wlhyw.woff2 HTTP/1.1" 200 30928 "-" "Mozilla/5.0 AppleWebKit/537.36 (KHTML, like Gecko; compatible; bingbot/2.0; +http://www.bing.com/bingbot.htm) Chrome/103.0.5060.134 Safari/537.36"
40.77.167.140 - - [07/Jun/2023:11:51:18 +0100] "GET /wp-includes/js/wp-emoji-release.min.js?ver=6.2.2 HTTP/1.1" 200 5744 "-" "Mozilla/5.0 AppleWebKit/537.36 (KHTML, like Gecko; compatible; bingbot/2.0; +http://www.bing.com/bingbot.htm) Chrome/103.0.5060.134 Safari/537.36"
185.199.220.52 - - [07/Jun/2023:12:01:05 +0100] "GET / HTTP/1.1" 200 23778 "-" "WordPress/6.2.2; https://www.walbottlevi.com"
44.235.211.232 - - [07/Jun/2023:12:01:36 +0100] "POST /?rest_route=%2Fwordfence%2Fv1%2Fauthenticate HTTP/1.1" 200 134 "-" "Wordfence Central API v1.0"
44.235.211.232 - - [07/Jun/2023:12:01:37 +0100] "POST /?rest_route=%2Fwordfence%2Fv1%2Fauthenticate HTTP/1.1" 200 255 "-" "Wordfence Central API v1.0"
44.235.211.232 - - [07/Jun/2023:12:01:39 +0100] "POST /?rest_route=%2Fwordfence%2Fv1%2Fconfig HTTP/1.1" 200 2890 "-" "Wordfence Central API v1.0"
54.36.148.228 - - [07/Jun/2023:12:10:05 +0100] "GET / HTTP/1.1" 200 23778 "-" "Mozilla/5.0 (compatible; AhrefsBot/7.0; +http://ahrefs.com/robot/)"
66.249.69.161 - - [07/Jun/2023:12:44:11 +0100] "GET /post-sitemap.xml HTTP/1.1" 200 739 "-" "Mozilla/5.0 (compatible; Googlebot/2.1; +http://www.google.com/bot.html)"
54.68.32.247 - - [07/Jun/2023:13:01:34 +0100] "POST /?rest_route=%2Fwordfence%2Fv1%2Fauthenticate HTTP/1.1" 200 134 "-" "Wordfence Central API v1.0"
54.68.32.247 - - [07/Jun/2023:13:01:35 +0100] "POST /?rest_route=%2Fwordfence%2Fv1%2Fauthenticate HTTP/1.1" 200 254 "-" "Wordfence Central API v1.0"
54.68.32.247 - - [07/Jun/2023:13:01:37 +0100] "POST /?rest_route=%2Fwordfence%2Fv1%2Fconfig HTTP/1.1" 200 2890 "-" "Wordfence Central API v1.0"
54.36.148.247 - - [07/Jun/2023:13:17:26 +0100] "GET /contact/ HTTP/1.1" 200 23516 "-" "Mozilla/5.0 (compatible; AhrefsBot/7.0; +http://ahrefs.com/robot/)"
114.119.150.166 - - [07/Jun/2023:13:27:11 +0100] "GET /news/category/uncategorized HTTP/1.1" 301 20 "https://www.walbottlevi.com/news/whats-happened-in-2020" "Mozilla/5.0 (Linux; Android 7.0;) AppleWebKit/537.36 (KHTML, like Gecko) Mobile Safari/537.36 (compatible; PetalBot;+https://webmaster.petalsearch.com/site/petalbot)"
114.119.150.166 - - [07/Jun/2023:13:27:21 +0100] "GET /news/category/uncategorized/ HTTP/1.1" 200 20119 "https://www.walbottlevi.com/news/whats-happened-in-2020" "Mozilla/5.0 (Linux; Android 7.0;) AppleWebKit/537.36 (KHTML, like Gecko) Mobile Safari/537.36 (compatible; PetalBot;+https://webmaster.petalsearch.com/site/petalbot)"
54.68.32.247 - - [07/Jun/2023:14:01:33 +0100] "POST /?rest_route=%2Fwordfence%2Fv1%2Fauthenticate HTTP/1.1" 200 135 "-" "Wordfence Central API v1.0"
54.68.32.247 - - [07/Jun/2023:14:01:34 +0100] "POST /?rest_route=%2Fwordfence%2Fv1%2Fauthenticate HTTP/1.1" 200 255 "-" "Wordfence Central API v1.0"
54.68.32.247 - - [07/Jun/2023:14:01:36 +0100] "POST /?rest_route=%2Fwordfence%2Fv1%2Fconfig HTTP/1.1" 200 2890 "-" "Wordfence Central API v1.0"
114.119.146.88 - - [07/Jun/2023:14:43:51 +0100] "GET /wp-content/uploads/2023/03/Hall-hire-for-new-users.pdf HTTP/1.1" 200 74979 "https://www.walbottlevi.com/news/2022/02/" "Mozilla/5.0 (Linux; Android 7.0;) AppleWebKit/537.36 (KHTML, like Gecko) Mobile Safari/537.36 (compatible; PetalBot;+https://webmaster.petalsearch.com/site/petalbot)"
2606:54c0:28c0:148::175:3d - - [07/Jun/2023:14:59:47 +0100] "GET /whats-on/ HTTP/1.1" 200 22854 "-" "Mozilla/5.0 (iPhone; CPU iPhone OS 16_5 like Mac OS X) AppleWebKit/605.1.15 (KHTML, like Gecko) Version/16.5 Mobile/15E148 Safari/604.1"
2606:54c0:28c0:148::175:3d - - [07/Jun/2023:14:59:47 +0100] "GET /wp-content/litespeed/css/013ccc19c073ca448782f8256939e3d2.css?ver=bda60 HTTP/1.1" 200 817 "https://www.walbottlevi.com/whats-on/" "Mozilla/5.0 (iPhone; CPU iPhone OS 16_5 like Mac OS X) AppleWebKit/605.1.15 (KHTML, like Gecko) Version/16.5 Mobile/15E148 Safari/604.1"
54.68.32.247 - - [07/Jun/2023:15:01:55 +0100] "POST /?rest_route=%2Fwordfence%2Fv1%2Fauthenticate HTTP/1.1" 200 135 "-" "Wordfence Central API v1.0"
54.68.32.247 - - [07/Jun/2023:15:01:56 +0100] "POST /?rest_route=%2Fwordfence%2Fv1%2Fauthenticate HTTP/1.1" 200 252 "-" "Wordfence Central API v1.0"
54.68.32.247 - - [07/Jun/2023:15:01:58 +0100] "POST /?rest_route=%2Fwordfence%2Fv1%2Fconfig HTTP/1.1" 200 2889 "-" "Wordfence Central API v1.0"
2a04:4e41:1a:6::105a:3e3f - - [07/Jun/2023:15:12:17 +0100] "GET /whats-on/ HTTP/1.1" 200 22854 "-" "Mozilla/5.0 (iPhone; CPU iPhone OS 16_5 like Mac OS X) AppleWebKit/605.1.15 (KHTML, like Gecko) Version/16.5 Mobile/15E148 Safari/604.1"
2a04:4e41:1a:6::8a2b:1730 - - [07/Jun/2023:15:12:17 +0100] "GET /apple-touch-icon-120x120-precomposed.png HTTP/1.1" 404 18894 "-" "MobileSafari/8615.2.9.10.3 CFNetwork/1408.0.4 Darwin/22.5.0"
2a04:4e41:1a:6::8a2b:1730 - - [07/Jun/2023:15:12:19 +0100] "GET /apple-touch-icon-120x120.png HTTP/1.1" 404 18897 "-" "MobileSafari/8615.2.9.10.3 CFNetwork/1408.0.4 Darwin/22.5.0"
2a04:4e41:1a:6::8a2b:1730 - - [07/Jun/2023:15:12:20 +0100] "GET /wp-content/uploads/2019/11/cropped-WVIMain-180x180.png HTTP/1.1" 403 1229 "-" "MobileSafari/8615.2.9.10.3 CFNetwork/1408.0.4 Darwin/22.5.0"
2a04:4e41:1a:6::8a2b:1730 - - [07/Jun/2023:15:12:20 +0100] "GET /apple-touch-icon-precomposed.png HTTP/1.1" 404 18894 "-" "MobileSafari/8615.2.9.10.3 CFNetwork/1408.0.4 Darwin/22.5.0"
2a04:4e41:1a:6::8a2b:1730 - - [07/Jun/2023:15:12:22 +0100] "GET /apple-touch-icon.png HTTP/1.1" 404 18897 "-" "MobileSafari/8615.2.9.10.3 CFNetwork/1408.0.4 Darwin/22.5.0"
114.119.149.140 - - [07/Jun/2023:15:49:09 +0100] "GET / HTTP/1.1" 200 23778 "https://www.walbottlevi.com/news/category/uncategorized" "Mozilla/5.0 (Linux; Android 7.0;) AppleWebKit/537.36 (KHTML, like Gecko) Mobile Safari/537.36 (compatible; PetalBot;+https://webmaster.petalsearch.com/site/petalbot)"
54.68.32.247 - - [07/Jun/2023:16:01:34 +0100] "POST /?rest_route=%2Fwordfence%2Fv1%2Fauthenticate HTTP/1.1" 200 135 "-" "Wordfence Central API v1.0"
54.68.32.247 - - [07/Jun/2023:16:01:36 +0100] "POST /?rest_route=%2Fwordfence%2Fv1%2Fauthenticate HTTP/1.1" 200 254 "-" "Wordfence Central API v1.0"
54.68.32.247 - - [07/Jun/2023:16:01:37 +0100] "POST /?rest_route=%2Fwordfence%2Fv1%2Fconfig HTTP/1.1" 200 2889 "-" "Wordfence Central API v1.0"
40.77.167.140 - - [07/Jun/2023:16:07:20 +0100] "GET /sitemap_index.xml HTTP/1.1" 200 332 "-" "Mozilla/5.0 AppleWebKit/537.36 (KHTML, like Gecko; compatible; bingbot/2.0; +http://www.bing.com/bingbot.htm) Chrome/103.0.5060.134 Safari/537.36"
114.119.152.8 - - [07/Jun/2023:17:01:12 +0100] "GET /robots.txt HTTP/1.1" 304 0 "-" "Mozilla/5.0 (compatible;PetalBot;+https://webmaster.petalsearch.com/site/petalbot)"
44.235.211.232 - - [07/Jun/2023:17:02:19 +0100] "POST /?rest_route=%2Fwordfence%2Fv1%2Fauthenticate HTTP/1.1" 200 136 "-" "Wordfence Central API v1.0"
44.235.211.232 - - [07/Jun/2023:17:02:20 +0100] "POST /?rest_route=%2Fwordfence%2Fv1%2Fauthenticate HTTP/1.1" 200 254 "-" "Wordfence Central API v1.0"
44.235.211.232 - - [07/Jun/2023:17:02:26 +0100] "POST /?rest_route=%2Fwordfence%2Fv1%2Fconfig HTTP/1.1" 200 2890 "-" "Wordfence Central API v1.0"
66.249.69.163 - - [07/Jun/2023:17:29:25 +0100] "GET /whats-on/ HTTP/1.1" 200 22850 "-" "Mozilla/5.0 (compatible; Googlebot/2.1; +http://www.google.com/bot.html)"
66.249.72.238 - - [07/Jun/2023:17:37:20 +0100] "GET / HTTP/1.1" 301 20 "-" "Mozilla/5.0 (Linux; Android 6.0.1; Nexus 5X Build/MMB29P) AppleWebKit/537.36 (KHTML, like Gecko) Chrome/114.0.5735.90 Mobile Safari/537.36 (compatible; Googlebot/2.1; +http://www.google.com/bot.html)"
66.249.69.169 - - [07/Jun/2023:17:37:22 +0100] "GET / HTTP/1.1" 200 23778 "-" "Mozilla/5.0 (Linux; Android 6.0.1; Nexus 5X Build/MMB29P) AppleWebKit/537.36 (KHTML, like Gecko) Chrome/114.0.5735.90 Mobile Safari/537.36 (compatible; Googlebot/2.1; +http://www.google.com/bot.html)"
54.68.32.247 - - [07/Jun/2023:18:01:34 +0100] "POST /?rest_route=%2Fwordfence%2Fv1%2Fauthenticate HTTP/1.1" 200 133 "-" "Wordfence Central API v1.0"
54.68.32.247 - - [07/Jun/2023:18:01:35 +0100] "POST /?rest_route=%2Fwordfence%2Fv1%2Fauthenticate HTTP/1.1" 200 255 "-" "Wordfence Central API v1.0"
54.68.32.247 - - [07/Jun/2023:18:01:37 +0100] "POST /?rest_route=%2Fwordfence%2Fv1%2Fconfig HTTP/1.1" 200 2889 "-" "Wordfence Central API v1.0"
185.199.220.52 - - [07/Jun/2023:19:01:08 +0100] "POST /wp-admin/admin-ajax.php?action=wordfence_testAjax HTTP/1.1" 200 32 "-" "WordPress/6.2.2; https://www.walbottlevi.com"
54.68.32.247 - - [07/Jun/2023:19:01:12 +0100] "POST /?rest_route=%2Fwordfence%2Fv1%2Fauthenticate HTTP/1.1" 200 134 "-" "Wordfence Central API v1.0"
54.68.32.247 - - [07/Jun/2023:19:01:13 +0100] "POST /?rest_route=%2Fwordfence%2Fv1%2Fauthenticate HTTP/1.1" 200 252 "-" "Wordfence Central API v1.0"
54.68.32.247 - - [07/Jun/2023:19:01:15 +0100] "POST /?rest_route=%2Fwordfence%2Fv1%2Fscan%2Fissues HTTP/1.1" 200 705 "-" "Wordfence Central API v1.0"
185.199.220.52 - - [07/Jun/2023:19:01:09 +0100] "GET /wp-admin/admin-ajax.php?action=wordfence_doScan&isFork=0&scanMode=quick&cronKey=a18ebe0eb0799b826abba5e52e886429&signature=be31a168df333a82f939403792e057476d391f5afb37b21d808b1e8f28dea71c HTTP/1.1" 200 20 "-" "WordPress/6.2.2; https://www.walbottlevi.com"
44.235.211.232 - - [07/Jun/2023:19:01:41 +0100] "POST /?rest_route=%2Fwordfence%2Fv1%2Fauthenticate HTTP/1.1" 200 134 "-" "Wordfence Central API v1.0"
44.235.211.232 - - [07/Jun/2023:19:01:42 +0100] "POST /?rest_route=%2Fwordfence%2Fv1%2Fauthenticate HTTP/1.1" 200 252 "-" "Wordfence Central API v1.0"
44.235.211.232 - - [07/Jun/2023:19:01:43 +0100] "POST /?rest_route=%2Fwordfence%2Fv1%2Fconfig HTTP/1.1" 200 2889 "-" "Wordfence Central API v1.0"
51.222.253.17 - - [07/Jun/2023:19:37:04 +0100] "GET /robots.txt HTTP/1.1" 304 0 "-" "Mozilla/5.0 (compatible; AhrefsBot/7.0; +http://ahrefs.com/robot/)"
44.235.211.232 - - [07/Jun/2023:20:01:35 +0100] "POST /?rest_route=%2Fwordfence%2Fv1%2Fauthenticate HTTP/1.1" 200 134 "-" "Wordfence Central API v1.0"
44.235.211.232 - - [07/Jun/2023:20:01:36 +0100] "POST /?rest_route=%2Fwordfence%2Fv1%2Fauthenticate HTTP/1.1" 200 253 "-" "Wordfence Central API v1.0"
44.235.211.232 - - [07/Jun/2023:20:01:38 +0100] "POST /?rest_route=%2Fwordfence%2Fv1%2Fconfig HTTP/1.1" 200 2890 "-" "Wordfence Central API v1.0"
54.191.137.17 - - [07/Jun/2023:20:04:37 +0100] "POST /wp-load.php?mwprid=6480d4c58926b0.94627509 HTTP/1.1" 200 3287 "https://walbottlevi.com/" "Mozilla/5.0 (Windows NT 10.0; Win64; x64) AppleWebKit/537.36 (KHTML, like Gecko) Chrome/111.0.0.0 Safari/537.36"
54.191.137.17 - - [07/Jun/2023:20:04:53 +0100] "POST /wp-load.php?mwprid=6480d4d621ef20.71404619 HTTP/1.1" 200 562 "https://walbottlevi.com/" "Mozilla/5.0 (Windows NT 10.0; Win64; x64) AppleWebKit/537.36 (KHTML, like Gecko) Chrome/111.0.0.0 Safari/537.36"
54.191.137.17 - - [07/Jun/2023:20:05:02 +0100] "POST /wp-load.php?mwprid=6480d4d6591539.89321911 HTTP/1.1" 200 563 "https://walbottlevi.com/" "Mozilla/5.0 (Windows NT 10.0; Win64; x64) AppleWebKit/537.36 (KHTML, like Gecko) Chrome/111.0.0.0 Safari/537.36"
54.191.137.17 - - [07/Jun/2023:20:05:11 +0100] "GET / HTTP/1.1" 301 20 "-" "Mozilla/5.0 (X11; Linux x86_64) AppleWebKit/537.36 (KHTML, like Gecko) HeadlessChrome/111.0.5563.110 Safari/537.36"
54.191.137.17 - - [07/Jun/2023:20:05:12 +0100] "GET / HTTP/1.1" 200 23796 "-" "Mozilla/5.0 (X11; Linux x86_64) AppleWebKit/537.36 (KHTML, like Gecko) HeadlessChrome/111.0.5563.110 Safari/537.36"
54.191.137.17 - - [07/Jun/2023:20:05:13 +0100] "GET /wp-content/litespeed/css/956eedea8185869c0bd74e87310e15c7.css?ver=dcaa6 HTTP/1.1" 200 21772 "https://www.walbottlevi.com/" "Mozilla/5.0 (X11; Linux x86_64) AppleWebKit/537.36 (KHTML, like Gecko) HeadlessChrome/111.0.5563.110 Safari/537.36"
54.191.137.17 - - [07/Jun/2023:20:05:13 +0100] "GET /wp-content/uploads/2021/05/hall2-150x150.jpg.webp HTTP/1.1" 200 3478 "https://www.walbottlevi.com/" "Mozilla/5.0 (X11; Linux x86_64) AppleWebKit/537.36 (KHTML, like Gecko) HeadlessChrome/111.0.5563.110 Safari/537.36"
54.191.137.17 - - [07/Jun/2023:20:05:13 +0100] "GET /wp-content/uploads/2019/11/76647940_498759010723654_531067741168205824_n-150x150.jpg.webp HTTP/1.1" 200 3676 "https://www.walbottlevi.com/" "Mozilla/5.0 (X11; Linux x86_64) AppleWebKit/537.36 (KHTML, like Gecko) HeadlessChrome/111.0.5563.110 Safari/537.36"
54.191.137.17 - - [07/Jun/2023:20:05:13 +0100] "GET /wp-content/uploads/2020/11/drone-shot-150x150.jpeg.webp HTTP/1.1" 200 5804 "https://www.walbottlevi.com/" "Mozilla/5.0 (X11; Linux x86_64) AppleWebKit/537.36 (KHTML, like Gecko) HeadlessChrome/111.0.5563.110 Safari/537.36"
54.191.137.17 - - [07/Jun/2023:20:05:13 +0100] "GET /wp-content/uploads/2021/05/hall1-150x150.jpg HTTP/1.1" 200 4699 "https://www.walbottlevi.com/" "Mozilla/5.0 (X11; Linux x86_64) AppleWebKit/537.36 (KHTML, like Gecko) HeadlessChrome/111.0.5563.110 Safari/537.36"
54.191.137.17 - - [07/Jun/2023:20:05:13 +0100] "GET /wp-content/uploads/2022/07/wvi-kicthen-150x150.jpg HTTP/1.1" 200 4289 "https://www.walbottlevi.com/" "Mozilla/5.0 (X11; Linux x86_64) AppleWebKit/537.36 (KHTML, like Gecko) HeadlessChrome/111.0.5563.110 Safari/537.36"
54.191.137.17 - - [07/Jun/2023:20:05:13 +0100] "GET /wp-content/themes/astra/assets/js/minified/frontend.min.js?ver=4.1.5 HTTP/1.1" 200 5715 "https://www.walbottlevi.com/" "Mozilla/5.0 (X11; Linux x86_64) AppleWebKit/537.36 (KHTML, like Gecko) HeadlessChrome/111.0.5563.110 Safari/537.36"
54.191.137.17 - - [07/Jun/2023:20:05:13 +0100] "GET /wp-includes/js/wp-emoji-release.min.js?ver=6.2.2 HTTP/1.1" 200 5744 "https://www.walbottlevi.com/" "Mozilla/5.0 (X11; Linux x86_64) AppleWebKit/537.36 (KHTML, like Gecko) HeadlessChrome/111.0.5563.110 Safari/537.36"
54.191.137.17 - - [07/Jun/2023:20:06:31 +0100] "GET / HTTP/1.1" 301 20 "-" "Mozilla/5.0 (Windows NT 10.0; Win64; x64) AppleWebKit/537.36 (KHTML, like Gecko) Chrome/111.0.0.0 Safari/537.36"
54.191.137.17 - - [07/Jun/2023:20:06:32 +0100] "GET / HTTP/1.1" 200 23778 "-" "Mozilla/5.0 (Windows NT 10.0; Win64; x64) AppleWebKit/537.36 (KHTML, like Gecko) Chrome/111.0.0.0 Safari/537.36"
54.191.137.17 - - [07/Jun/2023:20:07:43 +0100] "POST /wp-load.php?mwprid=6480d57ff0f280.14446609 HTTP/1.1" 200 366 "https://walbottlevi.com/" "Mozilla/5.0 (Windows NT 10.0; Win64; x64) AppleWebKit/537.36 (KHTML, like Gecko) Chrome/111.0.0.0 Safari/537.36"
5.255.231.16 - - [07/Jun/2023:20:11:44 +0100] "GET / HTTP/1.1" 200 23783 "-" "Mozilla/5.0 (compatible; YandexBot/3.0; +http://yandex.com/bots) AppleWebKit/537.36 (KHTML, like Gecko) Chrome/108.0.0.0"
54.191.137.17 - - [07/Jun/2023:20:08:37 +0100] "GET / HTTP/1.1" 301 20 "-" "Mozilla/5.0 (Windows NT 10.0; Win64; x64) AppleWebKit/537.36 (KHTML, like Gecko) Chrome/111.0.0.0 Safari/537.36"
54.191.137.17 - - [07/Jun/2023:20:08:40 +0100] "GET / HTTP/1.1" 200 23783 "-" "Mozilla/5.0 (Windows NT 10.0; Win64; x64) AppleWebKit/537.36 (KHTML, like Gecko) Chrome/111.0.0.0 Safari/537.36"
2a02:c7c:db43:d600:95cf:dd6f:489a:841a - - [07/Jun/2023:20:58:07 +0100] "GET / HTTP/1.1" 200 23783 "https://www.google.com/" "Mozilla/5.0 (iPad; CPU OS 16_3 like Mac OS X) AppleWebKit/605.1.15 (KHTML, like Gecko) CriOS/113.0.5672.121 Mobile/15E148 Safari/604.1"
2a02:c7c:db43:d600:95cf:dd6f:489a:841a - - [07/Jun/2023:20:58:07 +0100] "GET /wp-content/litespeed/css/04c205088aef6ab86671135984bde441.css?ver=76f97 HTTP/1.1" 200 250 "https://www.walbottlevi.com/" "Mozilla/5.0 (iPad; CPU OS 16_3 like Mac OS X) AppleWebKit/605.1.15 (KHTML, like Gecko) CriOS/113.0.5672.121 Mobile/15E148 Safari/604.1"
2a02:c7c:db43:d600:95cf:dd6f:489a:841a - - [07/Jun/2023:20:58:07 +0100] "GET /wp-content/litespeed/css/a733537a23089b224053c8ec2b5e6147.css?ver=815b3 HTTP/1.1" 200 4840 "https://www.walbottlevi.com/" "Mozilla/5.0 (iPad; CPU OS 16_3 like Mac OS X) AppleWebKit/605.1.15 (KHTML, like Gecko) CriOS/113.0.5672.121 Mobile/15E148 Safari/604.1"
2a02:c7c:db43:d600:95cf:dd6f:489a:841a - - [07/Jun/2023:20:58:07 +0100] "GET /wp-content/litespeed/css/6535647460d4aa60ad23c2865c606160.css?ver=c0a1f HTTP/1.1" 200 1188 "https://www.walbottlevi.com/" "Mozilla/5.0 (iPad; CPU OS 16_3 like Mac OS X) AppleWebKit/605.1.15 (KHTML, like Gecko) CriOS/113.0.5672.121 Mobile/15E148 Safari/604.1"
2a02:c7c:db43:d600:95cf:dd6f:489a:841a - - [07/Jun/2023:20:58:07 +0100] "GET /wp-content/plugins/wpforms-lite/assets/js/integrations/elementor/frontend.min.js?ver=1.8.2.1 HTTP/1.1" 200 388 "https://www.walbottlevi.com/" "Mozilla/5.0 (iPad; CPU OS 16_3 like Mac OS X) AppleWebKit/605.1.15 (KHTML, like Gecko) CriOS/113.0.5672.121 Mobile/15E148 Safari/604.1"
2a02:c7c:db43:d600:95cf:dd6f:489a:841a - - [07/Jun/2023:20:58:07 +0100] "GET /wp-content/uploads/2019/11/cropped-WVIMain-180x180.png HTTP/1.1" 403 1229 "-" "Mozilla/5.0 (iPad; CPU OS 16_3 like Mac OS X) AppleWebKit/605.1.15 (KHTML, like Gecko) CriOS/113.0.5672.121 Mobile/15E148 Safari/604.1"
2a02:c7c:db43:d600:95cf:dd6f:489a:841a - - [07/Jun/2023:20:58:07 +0100] "GET /wp-content/uploads/2020/11/drone-shot-150x150.jpeg HTTP/1.1" 200 6482 "https://www.walbottlevi.com/" "Mozilla/5.0 (iPad; CPU OS 16_3 like Mac OS X) AppleWebKit/605.1.15 (KHTML, like Gecko) CriOS/113.0.5672.121 Mobile/15E148 Safari/604.1"
2a02:c7c:db43:d600:95cf:dd6f:489a:841a - - [07/Jun/2023:20:58:07 +0100] "GET /wp-content/uploads/2021/05/hall2-150x150.jpg HTTP/1.1" 200 4675 "https://www.walbottlevi.com/" "Mozilla/5.0 (iPad; CPU OS 16_3 like Mac OS X) AppleWebKit/605.1.15 (KHTML, like Gecko) CriOS/113.0.5672.121 Mobile/15E148 Safari/604.1"
2a02:c7c:db43:d600:95cf:dd6f:489a:841a - - [07/Jun/2023:20:58:07 +0100] "GET /wp-content/uploads/2019/11/76647940_498759010723654_531067741168205824_n-150x150.jpg HTTP/1.1" 200 5149 "https://www.walbottlevi.com/" "Mozilla/5.0 (iPad; CPU OS 16_3 like Mac OS X) AppleWebKit/605.1.15 (KHTML, like Gecko) CriOS/113.0.5672.121 Mobile/15E148 Safari/604.1"
2a02:c7c:db43:d600:95cf:dd6f:489a:841a - - [07/Jun/2023:20:58:09 +0100] "GET /whats-on/ HTTP/1.1" 200 22850 "https://www.walbottlevi.com/" "Mozilla/5.0 (iPad; CPU OS 16_3 like Mac OS X) AppleWebKit/605.1.15 (KHTML, like Gecko) CriOS/113.0.5672.121 Mobile/15E148 Safari/604.1"
2a02:c7c:db43:d600:95cf:dd6f:489a:841a - - [07/Jun/2023:20:58:12 +0100] "GET /wp-content/uploads/2019/11/cropped-WVIMain-180x180.png HTTP/1.1" 403 1229 "-" "Mozilla/5.0 (iPad; CPU OS 16_3 like Mac OS X) AppleWebKit/605.1.15 (KHTML, like Gecko) CriOS/113.0.5672.121 Mobile/15E148 Safari/604.1"
2a02:c7c:db43:d600:95cf:dd6f:489a:841a - - [07/Jun/2023:20:58:15 +0100] "GET /wp-content/themes/astra/assets/fonts/astra.woff HTTP/1.1" 200 3304 "https://www.walbottlevi.com/" "Mozilla/5.0 (iPad; CPU OS 16_3 like Mac OS X) AppleWebKit/605.1.15 (KHTML, like Gecko) CriOS/113.0.5672.121 Mobile/15E148 Safari/604.1"
2a02:c7c:db43:d600:95cf:dd6f:489a:841a - - [07/Jun/2023:20:58:29 +0100] "GET /contact/ HTTP/1.1" 200 23574 "https://www.walbottlevi.com/whats-on/" "Mozilla/5.0 (iPad; CPU OS 16_3 like Mac OS X) AppleWebKit/605.1.15 (KHTML, like Gecko) CriOS/113.0.5672.121 Mobile/15E148 Safari/604.1"
2a02:c7c:db43:d600:95cf:dd6f:489a:841a - - [07/Jun/2023:20:58:31 +0100] "GET /wp-content/litespeed/css/c6fc461ce23bb9cc8d21fa2248e4e650.css?ver=37bc5 HTTP/1.1" 200 6663 "https://www.walbottlevi.com/contact/" "Mozilla/5.0 (iPad; CPU OS 16_3 like Mac OS X) AppleWebKit/605.1.15 (KHTML, like Gecko) CriOS/113.0.5672.121 Mobile/15E148 Safari/604.1"
2a02:c7c:db43:d600:95cf:dd6f:489a:841a - - [07/Jun/2023:20:58:31 +0100] "GET /wp-content/uploads/2019/11/cropped-WVIMain-180x180.png HTTP/1.1" 403 1229 "-" "Mozilla/5.0 (iPad; CPU OS 16_3 like Mac OS X) AppleWebKit/605.1.15 (KHTML, like Gecko) CriOS/113.0.5672.121 Mobile/15E148 Safari/604.1"
2a02:c7c:db43:d600:95cf:dd6f:489a:841a - - [07/Jun/2023:20:58:31 +0100] "GET /wp-content/plugins/wpforms-lite/assets/js/wpforms.min.js?ver=1.8.2.1 HTTP/1.1" 200 12061 "https://www.walbottlevi.com/contact/" "Mozilla/5.0 (iPad; CPU OS 16_3 like Mac OS X) AppleWebKit/605.1.15 (KHTML, like Gecko) CriOS/113.0.5672.121 Mobile/15E148 Safari/604.1"
2a02:c7c:db43:d600:95cf:dd6f:489a:841a - - [07/Jun/2023:20:58:31 +0100] "GET /wp-content/plugins/wpforms-lite/assets/lib/punycode.min.js?ver=1.0.0 HTTP/1.1" 200 888 "https://www.walbottlevi.com/contact/" "Mozilla/5.0 (iPad; CPU OS 16_3 like Mac OS X) AppleWebKit/605.1.15 (KHTML, like Gecko) CriOS/113.0.5672.121 Mobile/15E148 Safari/604.1"
2a02:c7c:db43:d600:95cf:dd6f:489a:841a - - [07/Jun/2023:20:58:31 +0100] "GET /wp-content/plugins/wpforms-lite/assets/js/utils.min.js?ver=1.8.2.1 HTTP/1.1" 200 231 "https://www.walbottlevi.com/contact/" "Mozilla/5.0 (iPad; CPU OS 16_3 like Mac OS X) AppleWebKit/605.1.15 (KHTML, like Gecko) CriOS/113.0.5672.121 Mobile/15E148 Safari/604.1"
2a02:c7c:db43:d600:95cf:dd6f:489a:841a - - [07/Jun/2023:20:59:24 +0100] "POST /contact/ HTTP/1.1" 200 23709 "https://www.walbottlevi.com/contact/" "Mozilla/5.0 (iPad; CPU OS 16_3 like Mac OS X) AppleWebKit/605.1.15 (KHTML, like Gecko) CriOS/113.0.5672.121 Mobile/15E148 Safari/604.1"
2a02:c7c:db43:d600:95cf:dd6f:489a:841a - - [07/Jun/2023:20:59:26 +0100] "GET /wp-content/plugins/cookie-law-info/legacy/public/css/cookie-law-info-public.css?ver=3.0.9 HTTP/1.1" 200 1006 "https://www.walbottlevi.com/contact/" "Mozilla/5.0 (iPad; CPU OS 16_3 like Mac OS X) AppleWebKit/605.1.15 (KHTML, like Gecko) CriOS/113.0.5672.121 Mobile/15E148 Safari/604.1"
2a02:c7c:db43:d600:95cf:dd6f:489a:841a - - [07/Jun/2023:20:59:26 +0100] "GET /wp-includes/css/dist/block-library/style.min.css?ver=6.2.2 HTTP/1.1" 200 16042 "https://www.walbottlevi.com/contact/" "Mozilla/5.0 (iPad; CPU OS 16_3 like Mac OS X) AppleWebKit/605.1.15 (KHTML, like Gecko) CriOS/113.0.5672.121 Mobile/15E148 Safari/604.1"
2a02:c7c:db43:d600:95cf:dd6f:489a:841a - - [07/Jun/2023:20:59:26 +0100] "GET /wp-content/plugins/elementor/assets/css/frontend.min.css?ver=3.13.4 HTTP/1.1" 200 21777 "https://www.walbottlevi.com/contact/" "Mozilla/5.0 (iPad; CPU OS 16_3 like Mac OS X) AppleWebKit/605.1.15 (KHTML, like Gecko) CriOS/113.0.5672.121 Mobile/15E148 Safari/604.1"
2a02:c7c:db43:d600:95cf:dd6f:489a:841a - - [07/Jun/2023:20:59:26 +0100] "GET /wp-content/plugins/elementor/assets/lib/swiper/css/swiper.min.css?ver=5.3.6 HTTP/1.1" 200 2736 "https://www.walbottlevi.com/contact/" "Mozilla/5.0 (iPad; CPU OS 16_3 like Mac OS X) AppleWebKit/605.1.15 (KHTML, like Gecko) CriOS/113.0.5672.121 Mobile/15E148 Safari/604.1"
2a02:c7c:db43:d600:95cf:dd6f:489a:841a - - [07/Jun/2023:20:59:26 +0100] "GET /wp-content/uploads/elementor/css/post-33.css?ver=1685324892 HTTP/1.1" 200 912 "https://www.walbottlevi.com/contact/" "Mozilla/5.0 (iPad; CPU OS 16_3 like Mac OS X) AppleWebKit/605.1.15 (KHTML, like Gecko) CriOS/113.0.5672.121 Mobile/15E148 Safari/604.1"
2a02:c7c:db43:d600:95cf:dd6f:489a:841a - - [07/Jun/2023:20:59:26 +0100] "GET /wp-content/plugins/simple-banner/simple-banner.css?ver=2.15.1 HTTP/1.1" 200 278 "https://www.walbottlevi.com/contact/" "Mozilla/5.0 (iPad; CPU OS 16_3 like Mac OS X) AppleWebKit/605.1.15 (KHTML, like Gecko) CriOS/113.0.5672.121 Mobile/15E148 Safari/604.1"
2a02:c7c:db43:d600:95cf:dd6f:489a:841a - - [07/Jun/2023:20:59:26 +0100] "GET /wp-content/plugins/elementor/assets/lib/animations/animations.min.css?ver=3.13.4 HTTP/1.1" 200 3039 "https://www.walbottlevi.com/contact/" "Mozilla/5.0 (iPad; CPU OS 16_3 like Mac OS X) AppleWebKit/605.1.15 (KHTML, like Gecko) CriOS/113.0.5672.121 Mobile/15E148 Safari/604.1"
2a02:c7c:db43:d600:95cf:dd6f:489a:841a - - [07/Jun/2023:20:59:26 +0100] "GET /wp-content/astra-local-fonts/astra-local-fonts.css?ver=4.1.5 HTTP/1.1" 200 606 "https://www.walbottlevi.com/contact/" "Mozilla/5.0 (iPad; CPU OS 16_3 like Mac OS X) AppleWebKit/605.1.15 (KHTML, like Gecko) CriOS/113.0.5672.121 Mobile/15E148 Safari/604.1"
2a02:c7c:db43:d600:95cf:dd6f:489a:841a - - [07/Jun/2023:20:59:26 +0100] "GET /wp-content/uploads/elementor/css/post-38.css?ver=1685307692 HTTP/1.1" 200 489 "https://www.walbottlevi.com/contact/" "Mozilla/5.0 (iPad; CPU OS 16_3 like Mac OS X) AppleWebKit/605.1.15 (KHTML, like Gecko) CriOS/113.0.5672.121 Mobile/15E148 Safari/604.1"
2a02:c7c:db43:d600:95cf:dd6f:489a:841a - - [07/Jun/2023:20:59:26 +0100] "GET /wp-content/plugins/wpforms-lite/assets/css/frontend/classic/wpforms-base.min.css?ver=1.8.2.1 HTTP/1.1" 200 6755 "https://www.walbottlevi.com/contact/" "Mozilla/5.0 (iPad; CPU OS 16_3 like Mac OS X) AppleWebKit/605.1.15 (KHTML, like Gecko) CriOS/113.0.5672.121 Mobile/15E148 Safari/604.1"
2a02:c7c:db43:d600:95cf:dd6f:489a:841a - - [07/Jun/2023:20:59:26 +0100] "GET /wp-content/plugins/cookie-law-info/legacy/public/css/cookie-law-info-table.css?ver=3.0.9 HTTP/1.1" 200 1920 "https://www.walbottlevi.com/contact/" "Mozilla/5.0 (iPad; CPU OS 16_3 like Mac OS X) AppleWebKit/605.1.15 (KHTML, like Gecko) CriOS/113.0.5672.121 Mobile/15E148 Safari/604.1"
2a02:c7c:db43:d600:95cf:dd6f:489a:841a - - [07/Jun/2023:20:59:26 +0100] "GET /wp-content/plugins/wpforms-lite/assets/js/wpforms-confirmation.min.js?ver=1.8.2.1 HTTP/1.1" 200 271 "https://www.walbottlevi.com/contact/" "Mozilla/5.0 (iPad; CPU OS 16_3 like Mac OS X) AppleWebKit/605.1.15 (KHTML, like Gecko) CriOS/113.0.5672.121 Mobile/15E148 Safari/604.1"
2a02:c7c:db43:d600:95cf:dd6f:489a:841a - - [07/Jun/2023:20:59:26 +0100] "GET /wp-content/uploads/2019/11/cropped-WVIMain-180x180.png HTTP/1.1" 403 1229 "-" "Mozilla/5.0 (iPad; CPU OS 16_3 like Mac OS X) AppleWebKit/605.1.15 (KHTML, like Gecko) CriOS/113.0.5672.121 Mobile/15E148 Safari/604.1"
54.68.32.247 - - [07/Jun/2023:21:01:34 +0100] "POST /?rest_route=%2Fwordfence%2Fv1%2Fauthenticate HTTP/1.1" 200 134 "-" "Wordfence Central API v1.0"
54.68.32.247 - - [07/Jun/2023:21:01:35 +0100] "POST /?rest_route=%2Fwordfence%2Fv1%2Fauthenticate HTTP/1.1" 200 251 "-" "Wordfence Central API v1.0"
54.68.32.247 - - [07/Jun/2023:21:01:37 +0100] "POST /?rest_route=%2Fwordfence%2Fv1%2Fconfig HTTP/1.1" 200 2890 "-" "Wordfence Central API v1.0"
90.249.29.255 - - [07/Jun/2023:21:37:14 +0100] "GET /whats-on/ HTTP/1.1" 200 22850 "-" "Mozilla/5.0 (Macintosh; Intel Mac OS X 10_15_7) AppleWebKit/605.1.15 (KHTML, like Gecko) Version/16.5 Mobile/15E148 Safari/604.1"
40.77.167.85 - - [07/Jun/2023:21:58:50 +0100] "GET /robots.txt HTTP/1.1" 301 20 "-" "Mozilla/5.0 AppleWebKit/537.36 (KHTML, like Gecko; compatible; bingbot/2.0; +http://www.bing.com/bingbot.htm) Chrome/103.0.5060.134 Safari/537.36"
40.77.167.85 - - [07/Jun/2023:21:58:51 +0100] "GET /robots.txt HTTP/1.1" 200 118 "-" "Mozilla/5.0 AppleWebKit/537.36 (KHTML, like Gecko; compatible; bingbot/2.0; +http://www.bing.com/bingbot.htm) Chrome/103.0.5060.134 Safari/537.36"
52.167.144.118 - - [07/Jun/2023:21:59:06 +0100] "GET / HTTP/1.1" 301 20 "-" "Mozilla/5.0 AppleWebKit/537.36 (KHTML, like Gecko; compatible; bingbot/2.0; +http://www.bing.com/bingbot.htm) Chrome/103.0.5060.134 Safari/537.36"
52.167.144.118 - - [07/Jun/2023:21:59:26 +0100] "GET / HTTP/1.1" 200 23783 "-" "Mozilla/5.0 AppleWebKit/537.36 (KHTML, like Gecko; compatible; bingbot/2.0; +http://www.bing.com/bingbot.htm) Chrome/103.0.5060.134 Safari/537.36"
54.68.32.247 - - [07/Jun/2023:22:01:34 +0100] "POST /?rest_route=%2Fwordfence%2Fv1%2Fauthenticate HTTP/1.1" 200 135 "-" "Wordfence Central API v1.0"
54.68.32.247 - - [07/Jun/2023:22:01:35 +0100] "POST /?rest_route=%2Fwordfence%2Fv1%2Fauthenticate HTTP/1.1" 200 254 "-" "Wordfence Central API v1.0"
54.68.32.247 - - [07/Jun/2023:22:01:36 +0100] "POST /?rest_route=%2Fwordfence%2Fv1%2Fconfig HTTP/1.1" 200 2889 "-" "Wordfence Central API v1.0"
66.249.69.161 - - [07/Jun/2023:22:11:19 +0100] "GET /sitemap.xml HTTP/1.1" 301 0 "-" "Mozilla/5.0 (compatible; Googlebot/2.1; +http://www.google.com/bot.html)"
66.249.69.163 - - [07/Jun/2023:22:11:21 +0100] "GET /sitemap_index.xml HTTP/1.1" 200 332 "-" "Mozilla/5.0 (compatible; Googlebot/2.1; +http://www.google.com/bot.html)"
114.119.145.19 - - [07/Jun/2023:22:59:39 +0100] "GET /whats-on/walbottle-art-group/ HTTP/1.1" 200 19342 "https://www.walbottlevi.com/whats-on/" "Mozilla/5.0 (Linux; Android 7.0;) AppleWebKit/537.36 (KHTML, like Gecko) Mobile Safari/537.36 (compatible; PetalBot;+https://webmaster.petalsearch.com/site/petalbot)"
44.235.211.232 - - [07/Jun/2023:23:01:34 +0100] "POST /?rest_route=%2Fwordfence%2Fv1%2Fauthenticate HTTP/1.1" 200 134 "-" "Wordfence Central API v1.0"
44.235.211.232 - - [07/Jun/2023:23:01:35 +0100] "POST /?rest_route=%2Fwordfence%2Fv1%2Fauthenticate HTTP/1.1" 200 254 "-" "Wordfence Central API v1.0"
44.235.211.232 - - [07/Jun/2023:23:01:37 +0100] "POST /?rest_route=%2Fwordfence%2Fv1%2Fconfig HTTP/1.1" 200 2890 "-" "Wordfence Central API v1.0"
185.199.220.52 - - [08/Jun/2023:00:01:06 +0100] "GET / HTTP/1.1" 200 23783 "-" "WordPress/6.2.2; https://www.walbottlevi.com"
54.68.32.247 - - [08/Jun/2023:00:01:37 +0100] "POST /?rest_route=%2Fwordfence%2Fv1%2Fauthenticate HTTP/1.1" 200 135 "-" "Wordfence Central API v1.0"
54.68.32.247 - - [08/Jun/2023:00:01:38 +0100] "POST /?rest_route=%2Fwordfence%2Fv1%2Fauthenticate HTTP/1.1" 200 256 "-" "Wordfence Central API v1.0"
54.68.32.247 - - [08/Jun/2023:00:01:40 +0100] "POST /?rest_route=%2Fwordfence%2Fv1%2Fconfig HTTP/1.1" 200 2890 "-" "Wordfence Central API v1.0"
54.36.148.206 - - [08/Jun/2023:00:05:47 +0100] "GET /news/walbottle-festival/ HTTP/1.1" 200 21584 "-" "Mozilla/5.0 (compatible; AhrefsBot/7.0; +http://ahrefs.com/robot/)"
54.36.148.17 - - [08/Jun/2023:00:05:50 +0100] "GET /wp-includes/js/comment-reply.min.js?ver=6.2.2 HTTP/1.1" 200 1391 "-" "Mozilla/5.0 (compatible; AhrefsBot/7.0; +http://ahrefs.com/robot/)"
87.250.224.238 - - [08/Jun/2023:00:11:44 +0100] "GET /robots.txt HTTP/1.1" 304 0 "-" "Mozilla/5.0 (compatible; YandexBot/3.0; +http://yandex.com/bots)"
82.152.40.157 - - [08/Jun/2023:00:38:49 +0100] "GET / HTTP/1.1" 200 23783 "-" "Mozilla/5.0 (Macintosh; Intel Mac OS X 10_11_5) AppleWebKit/601.6.17 (KHTML, like Gecko) Version/9.1.1 Safari/601.6.17"
82.152.40.157 - - [08/Jun/2023:00:38:49 +0100] "HEAD / HTTP/1.1" 200 0 "-" "Mozilla/5.0 (Windows NT 5.1; rv:48.0) Gecko/20100101 Firefox/48.0"
82.152.40.157 - - [08/Jun/2023:00:38:50 +0100] "GET /contact/ HTTP/1.1" 200 23574 "-" "Mozilla/5.0 (Windows NT 6.2; WOW64) AppleWebKit/537.36 (KHTML, like Gecko) Chrome/52.0.2743.116 Safari/537.36"
82.152.40.157 - - [08/Jun/2023:00:38:53 +0100] "GET /sitemap.xml HTTP/1.1" 301 0 "-" "Mozilla/5.0 (Windows NT 6.3; Win64; x64) AppleWebKit/537.36 (KHTML, like Gecko) Chrome/53.0.2785.116 Safari/537.36"
82.152.40.157 - - [08/Jun/2023:00:38:54 +0100] "GET /sitemap_index.xml HTTP/1.1" 200 332 "-" "Mozilla/5.0 (X11; Linux x86_64; rv:49.0) Gecko/20100101 Firefox/49.0"
82.152.40.157 - - [08/Jun/2023:00:39:06 +0100] "GET /contact HTTP/1.1" 301 20 "-" "Mozilla/5.0 (Windows NT 10.0) AppleWebKit/537.36 (KHTML, like Gecko) Chrome/52.0.2743.116 Safari/537.36"
82.152.40.157 - - [08/Jun/2023:00:39:07 +0100] "GET /contact/ HTTP/1.1" 200 23574 "-" "Mozilla/5.0 (X11; Linux x86_64) AppleWebKit/537.36 (KHTML, like Gecko) Chrome/52.0.2743.116 Safari/537.36"
114.119.141.40 - - [08/Jun/2023:00:47:31 +0100] "GET /whats-on/gentle-movement-to-music/ HTTP/1.1" 200 19172 "https://www.walbottlevi.com/whats-on/" "Mozilla/5.0 (Linux; Android 7.0;) AppleWebKit/537.36 (KHTML, like Gecko) Mobile Safari/537.36 (compatible; PetalBot;+https://webmaster.petalsearch.com/site/petalbot)"
44.235.211.232 - - [08/Jun/2023:01:01:41 +0100] "POST /?rest_route=%2Fwordfence%2Fv1%2Fauthenticate HTTP/1.1" 200 135 "-" "Wordfence Central API v1.0"
44.235.211.232 - - [08/Jun/2023:01:01:42 +0100] "POST /?rest_route=%2Fwordfence%2Fv1%2Fauthenticate HTTP/1.1" 200 254 "-" "Wordfence Central API v1.0"
44.235.211.232 - - [08/Jun/2023:01:01:44 +0100] "POST /?rest_route=%2Fwordfence%2Fv1%2Fconfig HTTP/1.1" 200 2888 "-" "Wordfence Central API v1.0"
