185.199.220.52 - - [04/Jun/2023:19:01:08 +0100] "GET /wp-admin/admin-ajax.php?action=wordfence_doScan&isFork=0&scanMode=quick&cronKey=dac9370155647f2ab74b07b68bf35cc5&signature=7537bae163352ec8bc44e4683074d19757d3d2610505f56ce11bb914670ace4c HTTP/1.1" 200 20 "-" "WordPress/6.2.2; https://www.walbottlevi.com"
44.235.211.232 - - [04/Jun/2023:19:01:40 +0100] "POST /?rest_route=%2Fwordfence%2Fv1%2Fauthenticate HTTP/1.1" 200 135 "-" "Wordfence Central API v1.0"
44.235.211.232 - - [04/Jun/2023:19:01:41 +0100] "POST /?rest_route=%2Fwordfence%2Fv1%2Fauthenticate HTTP/1.1" 200 256 "-" "Wordfence Central API v1.0"
44.235.211.232 - - [04/Jun/2023:19:01:43 +0100] "POST /?rest_route=%2Fwordfence%2Fv1%2Fconfig HTTP/1.1" 200 2888 "-" "Wordfence Central API v1.0"
114.119.145.121 - - [04/Jun/2023:19:36:08 +0100] "GET /robots.txt HTTP/1.1" 304 0 "-" "Mozilla/5.0 (compatible;PetalBot;+https://webmaster.petalsearch.com/site/petalbot)"
54.68.32.247 - - [04/Jun/2023:20:01:33 +0100] "POST /?rest_route=%2Fwordfence%2Fv1%2Fauthenticate HTTP/1.1" 200 135 "-" "Wordfence Central API v1.0"
54.68.32.247 - - [04/Jun/2023:20:01:35 +0100] "POST /?rest_route=%2Fwordfence%2Fv1%2Fauthenticate HTTP/1.1" 200 254 "-" "Wordfence Central API v1.0"
54.68.32.247 - - [04/Jun/2023:20:01:36 +0100] "POST /?rest_route=%2Fwordfence%2Fv1%2Fconfig HTTP/1.1" 200 2888 "-" "Wordfence Central API v1.0"
95.108.213.232 - - [04/Jun/2023:20:35:24 +0100] "GET / HTTP/1.1" 200 23780 "-" "Mozilla/5.0 (compatible; YandexBot/3.0; +http://yandex.com/bots) AppleWebKit/537.36 (KHTML, like Gecko) Chrome/108.0.0.0"
5.255.231.75 - - [04/Jun/2023:20:35:26 +0100] "GET /wp-includes/js/wp-emoji-release.min.js?ver=6.2.2 HTTP/1.1" 200 5744 "https://www.walbottlevi.com/" "Mozilla/5.0 (compatible; YandexRenderResourcesBot/1.0; +http://yandex.com/bots) AppleWebKit/537.36 (KHTML, like Gecko) Chrome/108.0.0.0"
44.235.211.232 - - [04/Jun/2023:21:01:33 +0100] "POST /?rest_route=%2Fwordfence%2Fv1%2Fauthenticate HTTP/1.1" 200 135 "-" "Wordfence Central API v1.0"
44.235.211.232 - - [04/Jun/2023:21:01:35 +0100] "POST /?rest_route=%2Fwordfence%2Fv1%2Fauthenticate HTTP/1.1" 200 255 "-" "Wordfence Central API v1.0"
44.235.211.232 - - [04/Jun/2023:21:01:36 +0100] "POST /?rest_route=%2Fwordfence%2Fv1%2Fconfig HTTP/1.1" 200 2890 "-" "Wordfence Central API v1.0"
2a03:2880:32ff:78::face:b00c - - [04/Jun/2023:21:35:59 +0100] "GET /wp-content/plugins/cookie-law-info/legacy/public/images/logo-cookieyes.svg HTTP/1.1" 200 1136 "-" "facebookexternalhit/1.1 (+http://www.facebook.com/externalhit_uatext.php)"
44.235.211.232 - - [04/Jun/2023:22:01:33 +0100] "POST /?rest_route=%2Fwordfence%2Fv1%2Fauthenticate HTTP/1.1" 200 135 "-" "Wordfence Central API v1.0"
44.235.211.232 - - [04/Jun/2023:22:01:34 +0100] "POST /?rest_route=%2Fwordfence%2Fv1%2Fauthenticate HTTP/1.1" 200 253 "-" "Wordfence Central API v1.0"
44.235.211.232 - - [04/Jun/2023:22:01:36 +0100] "POST /?rest_route=%2Fwordfence%2Fv1%2Fconfig HTTP/1.1" 200 2889 "-" "Wordfence Central API v1.0"
40.77.167.140 - - [04/Jun/2023:22:44:13 +0100] "GET /sitemap_index.xml HTTP/1.1" 200 332 "-" "Mozilla/5.0 AppleWebKit/537.36 (KHTML, like Gecko; compatible; bingbot/2.0; +http://www.bing.com/bingbot.htm) Chrome/103.0.5060.134 Safari/537.36"
54.68.32.247 - - [04/Jun/2023:23:01:35 +0100] "POST /?rest_route=%2Fwordfence%2Fv1%2Fauthenticate HTTP/1.1" 200 134 "-" "Wordfence Central API v1.0"
54.68.32.247 - - [04/Jun/2023:23:01:36 +0100] "POST /?rest_route=%2Fwordfence%2Fv1%2Fauthenticate HTTP/1.1" 200 255 "-" "Wordfence Central API v1.0"
54.68.32.247 - - [04/Jun/2023:23:01:37 +0100] "POST /?rest_route=%2Fwordfence%2Fv1%2Fconfig HTTP/1.1" 200 2889 "-" "Wordfence Central API v1.0"
114.119.137.101 - - [04/Jun/2023:23:29:31 +0100] "GET /news/2022/02/ HTTP/1.1" 200 19096 "https://www.walbottlevi.com/news/category/uncategorized/page/3/" "Mozilla/5.0 (Linux; Android 7.0;) AppleWebKit/537.36 (KHTML, like Gecko) Mobile Safari/537.36 (compatible; PetalBot;+https://webmaster.petalsearch.com/site/petalbot)"
114.119.132.122 - - [04/Jun/2023:23:30:47 +0100] "GET /whats-on/ HTTP/1.1" 200 22850 "https://www.gologinme.com/walbottle-campus-vle-login-com-sign-in-online-support-customer-service/" "Mozilla/5.0 (Linux; Android 7.0;) AppleWebKit/537.36 (KHTML, like Gecko) Mobile Safari/537.36 (compatible; PetalBot;+https://webmaster.petalsearch.com/site/petalbot)"
114.119.156.132 - - [05/Jun/2023:00:00:40 +0100] "GET /robots.txt HTTP/1.1" 304 0 "-" "Mozilla/5.0 (compatible;PetalBot;+https://webmaster.petalsearch.com/site/petalbot)"
185.199.220.52 - - [05/Jun/2023:00:01:16 +0100] "GET / HTTP/1.1" 200 23780 "-" "WordPress/6.2.2; https://www.walbottlevi.com"
44.235.211.232 - - [05/Jun/2023:00:01:46 +0100] "POST /?rest_route=%2Fwordfence%2Fv1%2Fauthenticate HTTP/1.1" 200 133 "-" "Wordfence Central API v1.0"
44.235.211.232 - - [05/Jun/2023:00:01:48 +0100] "POST /?rest_route=%2Fwordfence%2Fv1%2Fauthenticate HTTP/1.1" 200 253 "-" "Wordfence Central API v1.0"
44.235.211.232 - - [05/Jun/2023:00:01:49 +0100] "POST /?rest_route=%2Fwordfence%2Fv1%2Fconfig HTTP/1.1" 200 2890 "-" "Wordfence Central API v1.0"
54.36.148.12 - - [05/Jun/2023:00:24:09 +0100] "GET / HTTP/1.1" 200 23778 "-" "Mozilla/5.0 (compatible; AhrefsBot/7.0; +http://ahrefs.com/robot/)"
198.41.144.253 - - [05/Jun/2023:00:33:43 +0100] "GET / HTTP/1.1" 401 52 "http://cpcontacts.walbottlevi.com" "Mozilla/5.0 (Macintosh; Intel Mac OS X 10_15_7) AppleWebKit/537.36 (KHTML, like Gecko) Chrome/92.0.4515.107 Safari/537.36 (compatible; +https://developers.cloudflare.com/security-center/)"
198.41.144.253 - - [05/Jun/2023:00:33:44 +0100] "GET / HTTP/1.1" 401 52 "-" "Mozilla/5.0 (Macintosh; Intel Mac OS X 10_15_7) AppleWebKit/537.36 (KHTML, like Gecko) Chrome/92.0.4515.107 Safari/537.36 (compatible; +https://developers.cloudflare.com/security-center/)"
198.41.144.253 - - [05/Jun/2023:00:33:46 +0100] "GET / HTTP/1.1" 401 52 "-" "Mozilla/5.0 (Macintosh; Intel Mac OS X 10_15_7) AppleWebKit/537.36 (KHTML, like Gecko) Chrome/92.0.4515.107 Safari/537.36 (compatible; +https://developers.cloudflare.com/security-center/)"
66.249.70.136 - - [05/Jun/2023:00:40:14 +0100] "GET /robots.txt HTTP/1.1" 301 20 "-" "Mozilla/5.0 (compatible; Googlebot/2.1; +http://www.google.com/bot.html)"
66.249.70.136 - - [05/Jun/2023:00:40:15 +0100] "GET / HTTP/1.1" 301 20 "-" "Mozilla/5.0 (compatible; Googlebot/2.1; +http://www.google.com/bot.html)"
66.249.64.192 - - [05/Jun/2023:00:40:16 +0100] "GET / HTTP/1.1" 200 23778 "-" "Mozilla/5.0 (compatible; Googlebot/2.1; +http://www.google.com/bot.html)"
66.249.64.221 - - [05/Jun/2023:00:40:37 +0100] "GET /wp-content/litespeed/avatar/b679eea48cf16ebf564c46f2c55b19eb.jpg?ver=1685702772 HTTP/1.1" 403 1229 "-" "Googlebot-Image/1.0"
66.249.64.221 - - [05/Jun/2023:00:40:37 +0100] "GET /favicon.ico HTTP/1.1" 404 1238 "-" "Googlebot-Image/1.0"
66.249.64.223 - - [05/Jun/2023:00:40:37 +0100] "GET /wp-content/uploads/2021/05/hall1-scaled.jpg HTTP/1.1" 403 1229 "-" "Googlebot-Image/1.0"
66.249.64.221 - - [05/Jun/2023:00:40:40 +0100] "GET /wp-content/uploads/2021/05/hall2-scaled.jpg HTTP/1.1" 403 1229 "-" "Googlebot-Image/1.0"
66.249.64.194 - - [05/Jun/2023:00:58:50 +0100] "GET /wp-content/uploads/2023/03/Hall-hire-for-new-users.pdf HTTP/1.1" 200 74979 "-" "Mozilla/5.0 (Linux; Android 6.0.1; Nexus 5X Build/MMB29P) AppleWebKit/537.36 (KHTML, like Gecko) Chrome/114.0.5735.90 Mobile Safari/537.36 (compatible; Googlebot/2.1; +http://www.google.com/bot.html)"
66.249.64.199 - - [05/Jun/2023:00:58:52 +0100] "GET /news/gannin-alang-the-wall-a-film-about-the-true-route-of-hadrians-wall-through-newcastle/feed/ HTTP/1.1" 200 520 "-" "Mozilla/5.0 (Linux; Android 6.0.1; Nexus 5X Build/MMB29P) AppleWebKit/537.36 (KHTML, like Gecko) Chrome/114.0.5735.90 Mobile Safari/537.36 (compatible; Googlebot/2.1; +http://www.google.com/bot.html)"
54.68.32.247 - - [05/Jun/2023:01:01:53 +0100] "POST /?rest_route=%2Fwordfence%2Fv1%2Fauthenticate HTTP/1.1" 200 134 "-" "Wordfence Central API v1.0"
54.68.32.247 - - [05/Jun/2023:01:01:54 +0100] "POST /?rest_route=%2Fwordfence%2Fv1%2Fauthenticate HTTP/1.1" 200 253 "-" "Wordfence Central API v1.0"
54.68.32.247 - - [05/Jun/2023:01:01:55 +0100] "POST /?rest_route=%2Fwordfence%2Fv1%2Fconfig HTTP/1.1" 200 2888 "-" "Wordfence Central API v1.0"
44.235.211.232 - - [05/Jun/2023:02:01:34 +0100] "POST /?rest_route=%2Fwordfence%2Fv1%2Fauthenticate HTTP/1.1" 200 134 "-" "Wordfence Central API v1.0"
44.235.211.232 - - [05/Jun/2023:02:01:36 +0100] "POST /?rest_route=%2Fwordfence%2Fv1%2Fauthenticate HTTP/1.1" 200 254 "-" "Wordfence Central API v1.0"
44.235.211.232 - - [05/Jun/2023:02:01:37 +0100] "POST /?rest_route=%2Fwordfence%2Fv1%2Fconfig HTTP/1.1" 200 2890 "-" "Wordfence Central API v1.0"
198.41.144.253 - - [05/Jun/2023:02:04:18 +0100] "GET / HTTP/1.1" 301 20 "http://mail.walbottlevi.com" "Mozilla/5.0 (Macintosh; Intel Mac OS X 10_15_7) AppleWebKit/537.36 (KHTML, like Gecko) Chrome/92.0.4515.107 Safari/537.36 (compatible; +https://developers.cloudflare.com/security-center/)"
198.41.144.253 - - [05/Jun/2023:02:04:21 +0100] "GET / HTTP/1.1" 301 20 "-" "Mozilla/5.0 (Macintosh; Intel Mac OS X 10_15_7) AppleWebKit/537.36 (KHTML, like Gecko) Chrome/92.0.4515.107 Safari/537.36 (compatible; +https://developers.cloudflare.com/security-center/)"
198.41.144.253 - - [05/Jun/2023:02:04:26 +0100] "GET / HTTP/1.1" 301 20 "-" "Mozilla/5.0 (Macintosh; Intel Mac OS X 10_15_7) AppleWebKit/537.36 (KHTML, like Gecko) Chrome/92.0.4515.107 Safari/537.36 (compatible; +https://developers.cloudflare.com/security-center/)"
198.41.144.253 - - [05/Jun/2023:02:17:46 +0100] "GET / HTTP/1.1" 301 20 "http://mail.walbottlevi.com" "Mozilla/5.0 (Macintosh; Intel Mac OS X 10_15_7) AppleWebKit/537.36 (KHTML, like Gecko) Chrome/92.0.4515.107 Safari/537.36 (compatible; +https://developers.cloudflare.com/security-center/)"
198.41.144.253 - - [05/Jun/2023:02:18:00 +0100] "GET / HTTP/1.1" 301 20 "-" "Mozilla/5.0 (Macintosh; Intel Mac OS X 10_15_7) AppleWebKit/537.36 (KHTML, like Gecko) Chrome/92.0.4515.107 Safari/537.36 (compatible; +https://developers.cloudflare.com/security-center/)"
54.36.148.171 - - [05/Jun/2023:02:29:01 +0100] "GET / HTTP/1.1" 200 23778 "-" "Mozilla/5.0 (compatible; AhrefsBot/7.0; +http://ahrefs.com/robot/)"
54.36.148.40 - - [05/Jun/2023:02:29:02 +0100] "GET /wp-content/plugins/elementor/assets/lib/share-link/share-link.min.js?ver=3.13.4 HTTP/1.1" 200 1176 "-" "Mozilla/5.0 (compatible; AhrefsBot/7.0; +http://ahrefs.com/robot/)"
54.36.148.165 - - [05/Jun/2023:02:29:03 +0100] "GET /wp-content/litespeed/css/a733537a23089b224053c8ec2b5e6147.css?ver=815b3 HTTP/1.1" 200 4840 "-" "Mozilla/5.0 (compatible; AhrefsBot/7.0; +http://ahrefs.com/robot/)"
54.36.148.45 - - [05/Jun/2023:02:29:04 +0100] "GET /wp-content/litespeed/css/04c205088aef6ab86671135984bde441.css?ver=76f97 HTTP/1.1" 200 250 "-" "Mozilla/5.0 (compatible; AhrefsBot/7.0; +http://ahrefs.com/robot/)"
54.36.148.12 - - [05/Jun/2023:02:29:04 +0100] "GET /wp-content/themes/astra/assets/js/minified/frontend.min.js?ver=4.1.5 HTTP/1.1" 200 5715 "-" "Mozilla/5.0 (compatible; AhrefsBot/7.0; +http://ahrefs.com/robot/)"
54.36.149.11 - - [05/Jun/2023:02:29:05 +0100] "GET /wp-content/litespeed/css/11c9c674b84d67bca0cef616c9e5fc73.css?ver=5fc73 HTTP/1.1" 200 457 "-" "Mozilla/5.0 (compatible; AhrefsBot/7.0; +http://ahrefs.com/robot/)"
54.36.148.87 - - [05/Jun/2023:02:29:06 +0100] "GET /wp-content/litespeed/css/966a351f3dfe040709a43dd7f20e6769.css?ver=3540c HTTP/1.1" 200 38229 "-" "Mozilla/5.0 (compatible; AhrefsBot/7.0; +http://ahrefs.com/robot/)"
54.36.148.123 - - [05/Jun/2023:02:29:06 +0100] "GET /wp-content/uploads/2021/05/hall1-150x150.jpg HTTP/1.1" 403 1229 "-" "Mozilla/5.0 (compatible; AhrefsBot/7.0; +http://ahrefs.com/robot/)"
54.36.148.219 - - [05/Jun/2023:02:29:07 +0100] "GET /wp-content/uploads/2020/11/drone-shot-150x150.jpeg HTTP/1.1" 403 1229 "-" "Mozilla/5.0 (compatible; AhrefsBot/7.0; +http://ahrefs.com/robot/)"
54.36.148.151 - - [05/Jun/2023:02:29:07 +0100] "GET /wp-content/litespeed/css/db6fd0b0b00afc34bbeabff92acbee34.css?ver=b762a HTTP/1.1" 200 398 "-" "Mozilla/5.0 (compatible; AhrefsBot/7.0; +http://ahrefs.com/robot/)"
54.36.148.36 - - [05/Jun/2023:02:29:07 +0100] "GET /wp-content/uploads/2022/07/wvi-kicthen-150x150.jpg HTTP/1.1" 403 1229 "-" "Mozilla/5.0 (compatible; AhrefsBot/7.0; +http://ahrefs.com/robot/)"
54.36.149.51 - - [05/Jun/2023:02:29:08 +0100] "GET /wp-content/litespeed/css/b50394726d8e038b2a3b6c685cdb2a02.css?ver=8fba9 HTTP/1.1" 200 3031 "-" "Mozilla/5.0 (compatible; AhrefsBot/7.0; +http://ahrefs.com/robot/)"
54.36.148.125 - - [05/Jun/2023:02:29:09 +0100] "GET /wp-content/litespeed/css/956eedea8185869c0bd74e87310e15c7.css?ver=dcaa6 HTTP/1.1" 200 21772 "-" "Mozilla/5.0 (compatible; AhrefsBot/7.0; +http://ahrefs.com/robot/)"
54.36.148.75 - - [05/Jun/2023:02:29:09 +0100] "GET /wp-content/uploads/2019/11/76647940_498759010723654_531067741168205824_n-150x150.jpg HTTP/1.1" 403 1229 "-" "Mozilla/5.0 (compatible; AhrefsBot/7.0; +http://ahrefs.com/robot/)"
54.36.148.88 - - [05/Jun/2023:02:29:10 +0100] "GET /wp-content/litespeed/css/25c19f339657e9e14e0a9c731b3d26b6.css?ver=2487f HTTP/1.1" 200 4286 "-" "Mozilla/5.0 (compatible; AhrefsBot/7.0; +http://ahrefs.com/robot/)"
54.36.148.56 - - [05/Jun/2023:02:29:10 +0100] "GET /wp-content/litespeed/css/4dc68de16c362a2611f3be9352545869.css?ver=e1eca HTTP/1.1" 200 805 "-" "Mozilla/5.0 (compatible; AhrefsBot/7.0; +http://ahrefs.com/robot/)"
54.36.148.162 - - [05/Jun/2023:02:29:10 +0100] "GET /wp-content/litespeed/css/f1c512303efe72ccc9a52425205a30c4.css?ver=3b62e HTTP/1.1" 200 546 "-" "Mozilla/5.0 (compatible; AhrefsBot/7.0; +http://ahrefs.com/robot/)"
54.36.148.162 - - [05/Jun/2023:02:29:11 +0100] "GET /wp-content/litespeed/css/f4a223f46f27a0f4dd14c5083fe873be.css?ver=f6741 HTTP/1.1" 200 2735 "-" "Mozilla/5.0 (compatible; AhrefsBot/7.0; +http://ahrefs.com/robot/)"
54.36.148.70 - - [05/Jun/2023:02:29:11 +0100] "GET /wp-content/litespeed/css/6535647460d4aa60ad23c2865c606160.css?ver=c0a1f HTTP/1.1" 200 1188 "-" "Mozilla/5.0 (compatible; AhrefsBot/7.0; +http://ahrefs.com/robot/)"
54.36.148.117 - - [05/Jun/2023:02:29:11 +0100] "GET /wp-content/litespeed/css/527ae6b45076c1966b0aeb76afe14a46.css?ver=683af HTTP/1.1" 200 1480 "-" "Mozilla/5.0 (compatible; AhrefsBot/7.0; +http://ahrefs.com/robot/)"
54.36.149.36 - - [05/Jun/2023:02:29:11 +0100] "GET /wp-content/uploads/2021/05/hall2-150x150.jpg HTTP/1.1" 403 1229 "-" "Mozilla/5.0 (compatible; AhrefsBot/7.0; +http://ahrefs.com/robot/)"
54.36.149.48 - - [05/Jun/2023:02:29:12 +0100] "GET /wp-content/litespeed/css/780cbc48f464c5aa48cce6dcfc9cac6c.css?ver=46809 HTTP/1.1" 200 11168 "-" "Mozilla/5.0 (compatible; AhrefsBot/7.0; +http://ahrefs.com/robot/)"
52.167.144.131 - - [05/Jun/2023:02:35:48 +0100] "GET /robots.txt HTTP/1.1" 301 20 "-" "Mozilla/5.0 AppleWebKit/537.36 (KHTML, like Gecko; compatible; bingbot/2.0; +http://www.bing.com/bingbot.htm) Chrome/103.0.5060.134 Safari/537.36"
52.167.144.131 - - [05/Jun/2023:02:35:48 +0100] "GET /robots.txt HTTP/1.1" 200 118 "-" "Mozilla/5.0 AppleWebKit/537.36 (KHTML, like Gecko; compatible; bingbot/2.0; +http://www.bing.com/bingbot.htm) Chrome/103.0.5060.134 Safari/537.36"
54.68.32.247 - - [05/Jun/2023:03:01:34 +0100] "POST /?rest_route=%2Fwordfence%2Fv1%2Fauthenticate HTTP/1.1" 200 135 "-" "Wordfence Central API v1.0"
54.68.32.247 - - [05/Jun/2023:03:01:35 +0100] "POST /?rest_route=%2Fwordfence%2Fv1%2Fauthenticate HTTP/1.1" 200 256 "-" "Wordfence Central API v1.0"
54.68.32.247 - - [05/Jun/2023:03:01:37 +0100] "POST /?rest_route=%2Fwordfence%2Fv1%2Fconfig HTTP/1.1" 200 2890 "-" "Wordfence Central API v1.0"
44.235.211.232 - - [05/Jun/2023:04:01:34 +0100] "POST /?rest_route=%2Fwordfence%2Fv1%2Fauthenticate HTTP/1.1" 200 134 "-" "Wordfence Central API v1.0"
44.235.211.232 - - [05/Jun/2023:04:01:35 +0100] "POST /?rest_route=%2Fwordfence%2Fv1%2Fauthenticate HTTP/1.1" 200 254 "-" "Wordfence Central API v1.0"
44.235.211.232 - - [05/Jun/2023:04:01:36 +0100] "POST /?rest_route=%2Fwordfence%2Fv1%2Fconfig HTTP/1.1" 200 2889 "-" "Wordfence Central API v1.0"
40.77.167.140 - - [05/Jun/2023:04:11:42 +0100] "GET /sitemap_index.xml HTTP/1.1" 200 332 "-" "Mozilla/5.0 AppleWebKit/537.36 (KHTML, like Gecko; compatible; bingbot/2.0; +http://www.bing.com/bingbot.htm) Chrome/103.0.5060.134 Safari/537.36"
66.249.64.221 - - [05/Jun/2023:04:43:52 +0100] "GET /robots.txt HTTP/1.1" 304 0 "-" "Mozilla/5.0 (compatible; Googlebot/2.1; +http://www.google.com/bot.html)"
66.249.64.221 - - [05/Jun/2023:04:43:52 +0100] "GET /?ND HTTP/1.1" 200 23793 "-" "Mozilla/5.0 (Linux; Android 6.0.1; Nexus 5X Build/MMB29P) AppleWebKit/537.36 (KHTML, like Gecko) Chrome/114.0.5735.90 Mobile Safari/537.36 (compatible; Googlebot/2.1; +http://www.google.com/bot.html)"
44.235.211.232 - - [05/Jun/2023:05:01:33 +0100] "POST /?rest_route=%2Fwordfence%2Fv1%2Fauthenticate HTTP/1.1" 200 133 "-" "Wordfence Central API v1.0"
44.235.211.232 - - [05/Jun/2023:05:01:35 +0100] "POST /?rest_route=%2Fwordfence%2Fv1%2Fauthenticate HTTP/1.1" 200 254 "-" "Wordfence Central API v1.0"
44.235.211.232 - - [05/Jun/2023:05:01:36 +0100] "POST /?rest_route=%2Fwordfence%2Fv1%2Fconfig HTTP/1.1" 200 2890 "-" "Wordfence Central API v1.0"
40.77.167.241 - - [05/Jun/2023:05:29:39 +0100] "GET /useful-documents/scan-wvi-constitution/ HTTP/1.1" 301 20 "-" "Mozilla/5.0 AppleWebKit/537.36 (KHTML, like Gecko; compatible; bingbot/2.0; +http://www.bing.com/bingbot.htm) Chrome/103.0.5060.134 Safari/537.36"
66.249.64.194 - - [05/Jun/2023:05:53:47 +0100] "GET /wp-content/uploads/2021/08/Day-1-473x1024.jpg HTTP/1.1" 403 1229 "-" "Googlebot-Image/1.0"
54.36.149.8 - - [05/Jun/2023:05:55:56 +0100] "GET /about/ HTTP/1.1" 200 22621 "-" "Mozilla/5.0 (compatible; AhrefsBot/7.0; +http://ahrefs.com/robot/)"
54.36.149.4 - - [05/Jun/2023:05:55:59 +0100] "GET /wp-content/litespeed/css/9f1a96dffbcac6a5935b24b037ef8833.css?ver=c63b3 HTTP/1.1" 200 359 "-" "Mozilla/5.0 (compatible; AhrefsBot/7.0; +http://ahrefs.com/robot/)"
54.36.148.138 - - [05/Jun/2023:05:56:00 +0100] "GET /wp-content/litespeed/css/e5e6e536d149e9fd5d4cf3a5f1e0a48a.css?ver=28f2a HTTP/1.1" 200 14034 "-" "Mozilla/5.0 (compatible; AhrefsBot/7.0; +http://ahrefs.com/robot/)"
54.36.148.131 - - [05/Jun/2023:05:56:00 +0100] "GET /wp-content/litespeed/css/61ee7100b88308ebba74d703b62bf24e.css?ver=dda66 HTTP/1.1" 200 1348 "-" "Mozilla/5.0 (compatible; AhrefsBot/7.0; +http://ahrefs.com/robot/)"
44.235.211.232 - - [05/Jun/2023:06:01:33 +0100] "POST /?rest_route=%2Fwordfence%2Fv1%2Fauthenticate HTTP/1.1" 200 134 "-" "Wordfence Central API v1.0"
44.235.211.232 - - [05/Jun/2023:06:01:35 +0100] "POST /?rest_route=%2Fwordfence%2Fv1%2Fauthenticate HTTP/1.1" 200 255 "-" "Wordfence Central API v1.0"
44.235.211.232 - - [05/Jun/2023:06:01:36 +0100] "POST /?rest_route=%2Fwordfence%2Fv1%2Fconfig HTTP/1.1" 200 2891 "-" "Wordfence Central API v1.0"
114.119.132.74 - - [05/Jun/2023:06:41:31 +0100] "GET /news/gannin-alang-the-wall-a-film-about-the-true-route-of-hadrians-wall-through-newcastle/ HTTP/1.1" 200 21808 "https://www.walbottlevi.com/news/category/uncategorized" "Mozilla/5.0 (Linux; Android 7.0;) AppleWebKit/537.36 (KHTML, like Gecko) Mobile Safari/537.36 (compatible; PetalBot;+https://webmaster.petalsearch.com/site/petalbot)"
66.249.64.223 - - [05/Jun/2023:07:01:17 +0100] "GET /wp-content/uploads/2021/06/street-dance-683x1024.jpg HTTP/1.1" 403 1229 "-" "Googlebot-Image/1.0"
44.235.211.232 - - [05/Jun/2023:07:01:33 +0100] "POST /?rest_route=%2Fwordfence%2Fv1%2Fauthenticate HTTP/1.1" 200 135 "-" "Wordfence Central API v1.0"
44.235.211.232 - - [05/Jun/2023:07:01:34 +0100] "POST /?rest_route=%2Fwordfence%2Fv1%2Fauthenticate HTTP/1.1" 200 254 "-" "Wordfence Central API v1.0"
44.235.211.232 - - [05/Jun/2023:07:01:35 +0100] "POST /?rest_route=%2Fwordfence%2Fv1%2Fconfig HTTP/1.1" 200 2890 "-" "Wordfence Central API v1.0"
114.119.132.45 - - [05/Jun/2023:07:20:18 +0100] "GET /post-sitemap.xml HTTP/1.1" 200 739 "-" "Mozilla/5.0 (Linux; Android 7.0;) AppleWebKit/537.36 (KHTML, like Gecko) Mobile Safari/537.36 (compatible; PetalBot;+https://webmaster.petalsearch.com/site/petalbot)"
66.249.64.192 - - [05/Jun/2023:07:23:47 +0100] "GET /wp-content/uploads/2020/11/drone-shot-150x150.jpeg.webp HTTP/1.1" 200 5804 "-" "Googlebot-Image/1.0"
54.191.137.17 - - [05/Jun/2023:07:50:24 +0100] "POST /wp-load.php?mwprid=647d85b1662267.79154308 HTTP/1.1" 200 3196 "https://walbottlevi.com/" "Mozilla/5.0 (Windows NT 10.0; Win64; x64) AppleWebKit/537.36 (KHTML, like Gecko) Chrome/111.0.0.0 Safari/537.36"
54.68.32.247 - - [05/Jun/2023:08:01:33 +0100] "POST /?rest_route=%2Fwordfence%2Fv1%2Fauthenticate HTTP/1.1" 200 135 "-" "Wordfence Central API v1.0"
54.68.32.247 - - [05/Jun/2023:08:01:35 +0100] "POST /?rest_route=%2Fwordfence%2Fv1%2Fauthenticate HTTP/1.1" 200 254 "-" "Wordfence Central API v1.0"
54.68.32.247 - - [05/Jun/2023:08:01:36 +0100] "POST /?rest_route=%2Fwordfence%2Fv1%2Fconfig HTTP/1.1" 200 2888 "-" "Wordfence Central API v1.0"
85.208.98.195 - - [05/Jun/2023:08:47:43 +0100] "GET /robots.txt HTTP/1.1" 304 0 "-" "Mozilla/5.0 (iPhone; CPU iPhone OS 6_0 like Mac OS X) AppleWebKit/536.26 (KHTML, like Gecko) Version/6.0 Mobile/10A5376e Safari/8536.25 (compatible; SiteAuditBot/0.97; +http://www.semrush.com/bot.html)"
85.208.98.193 - - [05/Jun/2023:08:47:44 +0100] "GET / HTTP/1.1" 200 23778 "-" "Mozilla/5.0 (iPhone; CPU iPhone OS 6_0 like Mac OS X) AppleWebKit/536.26 (KHTML, like Gecko) Version/6.0 Mobile/10A5376e Safari/8536.25 (compatible; SiteAuditBot/0.97; +http://www.semrush.com/bot.html)"
44.235.211.232 - - [05/Jun/2023:09:01:35 +0100] "POST /?rest_route=%2Fwordfence%2Fv1%2Fauthenticate HTTP/1.1" 200 134 "-" "Wordfence Central API v1.0"
44.235.211.232 - - [05/Jun/2023:09:01:36 +0100] "POST /?rest_route=%2Fwordfence%2Fv1%2Fauthenticate HTTP/1.1" 200 255 "-" "Wordfence Central API v1.0"
44.235.211.232 - - [05/Jun/2023:09:01:38 +0100] "POST /?rest_route=%2Fwordfence%2Fv1%2Fconfig HTTP/1.1" 200 2891 "-" "Wordfence Central API v1.0"
40.77.167.140 - - [05/Jun/2023:09:45:45 +0100] "GET /sitemap_index.xml HTTP/1.1" 200 332 "-" "Mozilla/5.0 AppleWebKit/537.36 (KHTML, like Gecko; compatible; bingbot/2.0; +http://www.bing.com/bingbot.htm) Chrome/103.0.5060.134 Safari/537.36"
44.235.211.232 - - [05/Jun/2023:10:01:35 +0100] "POST /?rest_route=%2Fwordfence%2Fv1%2Fauthenticate HTTP/1.1" 200 134 "-" "Wordfence Central API v1.0"
44.235.211.232 - - [05/Jun/2023:10:01:36 +0100] "POST /?rest_route=%2Fwordfence%2Fv1%2Fauthenticate HTTP/1.1" 200 254 "-" "Wordfence Central API v1.0"
44.235.211.232 - - [05/Jun/2023:10:01:37 +0100] "POST /?rest_route=%2Fwordfence%2Fv1%2Fconfig HTTP/1.1" 200 2889 "-" "Wordfence Central API v1.0"
54.36.148.179 - - [05/Jun/2023:10:19:22 +0100] "GET /news/ HTTP/1.1" 200 22977 "-" "Mozilla/5.0 (compatible; AhrefsBot/7.0; +http://ahrefs.com/robot/)"
54.36.148.205 - - [05/Jun/2023:10:19:25 +0100] "GET /wp-content/plugins/premium-addons-for-elementor/assets/frontend/min-js/slick.min.js?ver=4.9.57 HTTP/1.1" 200 12303 "-" "Mozilla/5.0 (compatible; AhrefsBot/7.0; +http://ahrefs.com/robot/)"
54.36.148.95 - - [05/Jun/2023:10:19:26 +0100] "GET /wp-content/litespeed/css/648eb6488d856d4b592a4ef33bd5e5f3.css?ver=e0e37 HTTP/1.1" 200 831 "-" "Mozilla/5.0 (compatible; AhrefsBot/7.0; +http://ahrefs.com/robot/)"
54.36.149.68 - - [05/Jun/2023:10:19:26 +0100] "GET /wp-content/uploads/premium-addons-elementor/pa-frontend-2c09493d3.min.js?ver=1685956763 HTTP/1.1" 200 2576 "-" "Mozilla/5.0 (compatible; AhrefsBot/7.0; +http://ahrefs.com/robot/)"
54.36.148.192 - - [05/Jun/2023:10:19:26 +0100] "GET /wp-content/litespeed/css/0a9389e1694d7fa6548f54081c13c7cd.css?ver=f6c75 HTTP/1.1" 200 4186 "-" "Mozilla/5.0 (compatible; AhrefsBot/7.0; +http://ahrefs.com/robot/)"
54.36.148.136 - - [05/Jun/2023:10:19:26 +0100] "GET /wp-content/litespeed/css/e6903e861fd5a09b89581ff1ed01c632.css?ver=a3f1d HTTP/1.1" 200 14394 "-" "Mozilla/5.0 (compatible; AhrefsBot/7.0; +http://ahrefs.com/robot/)"
54.36.149.13 - - [05/Jun/2023:10:19:27 +0100] "GET /wp-content/plugins/premium-addons-for-elementor/assets/frontend/min-js/isotope.min.js?ver=4.9.57 HTTP/1.1" 200 25623 "-" "Mozilla/5.0 (compatible; AhrefsBot/7.0; +http://ahrefs.com/robot/)"
54.36.148.210 - - [05/Jun/2023:10:19:27 +0100] "GET /wp-includes/js/imagesloaded.min.js?ver=4.1.4 HTTP/1.1" 200 1989 "-" "Mozilla/5.0 (compatible; AhrefsBot/7.0; +http://ahrefs.com/robot/)"
54.191.137.17 - - [05/Jun/2023:10:31:19 +0100] "POST /wp-load.php?mwprid=647dab674c4e14.00180008 HTTP/1.1" 200 3198 "https://walbottlevi.com/" "Mozilla/5.0 (Windows NT 10.0; Win64; x64) AppleWebKit/537.36 (KHTML, like Gecko) Chrome/111.0.0.0 Safari/537.36"
54.191.137.17 - - [05/Jun/2023:10:31:35 +0100] "POST /wp-load.php?mwprid=647dab76df51e2.14925803 HTTP/1.1" 200 568 "https://walbottlevi.com/" "Mozilla/5.0 (Windows NT 10.0; Win64; x64) AppleWebKit/537.36 (KHTML, like Gecko) Chrome/111.0.0.0 Safari/537.36"
2a00:23c6:a001:3d01:4489:f9e8:49a2:7610 - - [05/Jun/2023:10:31:38 +0100] "GET /wp-load.php?auto_login=1&mwp_goto=index.php&message_id=901aa7f1ce4389cea6d8e1fa52c5fa472b3439_1685957499&service_sign=GWvS8o6omYGmvrSUz1wL62FT4nvMRoMEIgeokmnu13sxJx7AM%2BeQHVUXF0ol24l%2B0EtGQv6WUdB5XdKuY5wnahlaafy5F6tbggrXJfygLU70PK86eWf7vP%2FLRHVBFJ9cDmbGOm6lkAQKu19G2m0lMep2qks1oYH7qly2tIvlHPTQHhelWDxTMIT28qSZJ%2BTQ6WyYJvxGH8m%2BP6WC4%2FguKqAuW2QWuxzDNTIqVvRihA9Cztqy4J%2FSzWZjB2qJDIZhLOECTwv3a4aZkMk1nbngI%2FpwFa0atZDpKYbPrCdf6b8jkvE6aYICd9pNhV8HIPkafzGBAc%2FTivLlAHEpTNRrpQ%3D%3D&service_key=managewp_1684029902&site_id=5171485&username=Peterswe HTTP/1.1" 302 681 "https://orion.managewp.com/" "Mozilla/5.0 (Windows NT 10.0; Win64; x64) AppleWebKit/537.36 (KHTML, like Gecko) Chrome/114.0.0.0 Safari/537.36"
2a00:23c6:a001:3d01:4489:f9e8:49a2:7610 - - [05/Jun/2023:10:31:39 +0100] "GET /wp-load.php?auto_login=1&mwp_goto=index.php&message_id=901aa7f1ce4389cea6d8e1fa52c5fa472b3439_1685957499&service_sign=GWvS8o6omYGmvrSUz1wL62FT4nvMRoMEIgeokmnu13sxJx7AM%2BeQHVUXF0ol24l%2B0EtGQv6WUdB5XdKuY5wnahlaafy5F6tbggrXJfygLU70PK86eWf7vP%2FLRHVBFJ9cDmbGOm6lkAQKu19G2m0lMep2qks1oYH7qly2tIvlHPTQHhelWDxTMIT28qSZJ%2BTQ6WyYJvxGH8m%2BP6WC4%2FguKqAuW2QWuxzDNTIqVvRihA9Cztqy4J%2FSzWZjB2qJDIZhLOECTwv3a4aZkMk1nbngI%2FpwFa0atZDpKYbPrCdf6b8jkvE6aYICd9pNhV8HIPkafzGBAc%2FTivLlAHEpTNRrpQ%3D%3D&service_key=managewp_1684029902&site_id=5171485&username=Peterswe&auto_login_fixed=yes HTTP/1.1" 302 216 "https://orion.managewp.com/" "Mozilla/5.0 (Windows NT 10.0; Win64; x64) AppleWebKit/537.36 (KHTML, like Gecko) Chrome/114.0.0.0 Safari/537.36"
185.199.220.52 - - [05/Jun/2023:10:31:40 +0100] "GET /wp-content/plugins/really-simple-ssl/ssl-test-page.php HTTP/1.1" 200 264 "-" "WordPress/6.2.2; https://www.walbottlevi.com"
185.199.220.52 - - [05/Jun/2023:10:31:41 +0100] "GET / HTTP/1.1" 200 23778 "-" "WordPress/6.2.2; https://www.walbottlevi.com"
185.199.220.52 - - [05/Jun/2023:10:31:41 +0100] "GET /wp-content/plugins/really-simple-ssl/testssl/cloudflare/ssl-test-page.html HTTP/1.1" 200 159 "-" "WordPress/6.2.2; https://www.walbottlevi.com"
185.199.220.52 - - [05/Jun/2023:10:31:41 +0100] "GET / HTTP/1.1" 200 23778 "-" "-"
185.199.220.52 - - [05/Jun/2023:10:31:42 +0100] "GET /wp-content/uploads/code-execution.php HTTP/1.1" 403 1229 "-" "WordPress/6.2.2; https://www.walbottlevi.com"
2a00:23c6:a001:3d01:4489:f9e8:49a2:7610 - - [05/Jun/2023:10:31:39 +0100] "GET /wp-admin/index.php HTTP/1.1" 200 41140 "https://orion.managewp.com/" "Mozilla/5.0 (Windows NT 10.0; Win64; x64) AppleWebKit/537.36 (KHTML, like Gecko) Chrome/114.0.0.0 Safari/537.36"
2a00:23c6:a001:3d01:4489:f9e8:49a2:7610 - - [05/Jun/2023:10:31:44 +0100] "GET /wp-content/plugins/wordfence/css/wf-global.1685552791.css?ver=7.9.3 HTTP/1.1" 200 429 "https://www.walbottlevi.com/wp-admin/index.php" "Mozilla/5.0 (Windows NT 10.0; Win64; x64) AppleWebKit/537.36 (KHTML, like Gecko) Chrome/114.0.0.0 Safari/537.36"
2a00:23c6:a001:3d01:4489:f9e8:49a2:7610 - - [05/Jun/2023:10:31:44 +0100] "GET /wp-content/plugins/wordfence/css/wf-font-awesome.1685552791.css?ver=7.9.3 HTTP/1.1" 200 7681 "https://www.walbottlevi.com/wp-admin/index.php" "Mozilla/5.0 (Windows NT 10.0; Win64; x64) AppleWebKit/537.36 (KHTML, like Gecko) Chrome/114.0.0.0 Safari/537.36"
2a00:23c6:a001:3d01:4489:f9e8:49a2:7610 - - [05/Jun/2023:10:31:44 +0100] "GET /wp-includes/js/thickbox/thickbox.css?ver=6.2.2 HTTP/1.1" 200 1016 "https://www.walbottlevi.com/wp-admin/index.php" "Mozilla/5.0 (Windows NT 10.0; Win64; x64) AppleWebKit/537.36 (KHTML, like Gecko) Chrome/114.0.0.0 Safari/537.36"
2a00:23c6:a001:3d01:4489:f9e8:49a2:7610 - - [05/Jun/2023:10:31:44 +0100] "GET /wp-content/plugins/wordfence/css/activity-report-widget.1685552791.css?ver=7.9.3 HTTP/1.1" 200 665 "https://www.walbottlevi.com/wp-admin/index.php" "Mozilla/5.0 (Windows NT 10.0; Win64; x64) AppleWebKit/537.36 (KHTML, like Gecko) Chrome/114.0.0.0 Safari/537.36"
2a00:23c6:a001:3d01:4489:f9e8:49a2:7610 - - [05/Jun/2023:10:31:44 +0100] "GET /wp-admin/load-styles.php?c=0&dir=ltr&load%5Bchunk_0%5D=dashicons,admin-bar,wp-jquery-ui-dialog,wp-pointer,site-health,common,forms,admin-menu,dashboard,list-tables,edit,revisions,medi&load%5Bchunk_1%5D=a,themes,about,nav-menus,widgets,site-icon,l10n,buttons,wp-auth-check&ver=6.2.2 HTTP/1.1" 200 100933 "https://www.walbottlevi.com/wp-admin/index.php" "Mozilla/5.0 (Windows NT 10.0; Win64; x64) AppleWebKit/537.36 (KHTML, like Gecko) Chrome/114.0.0.0 Safari/537.36"
2a00:23c6:a001:3d01:4489:f9e8:49a2:7610 - - [05/Jun/2023:10:31:44 +0100] "GET /wp-content/plugins/wordfence/css/wordfenceBox.1685552791.css?ver=7.9.3 HTTP/1.1" 200 1992 "https://www.walbottlevi.com/wp-admin/index.php" "Mozilla/5.0 (Windows NT 10.0; Win64; x64) AppleWebKit/537.36 (KHTML, like Gecko) Chrome/114.0.0.0 Safari/537.36"
2a00:23c6:a001:3d01:4489:f9e8:49a2:7610 - - [05/Jun/2023:10:31:44 +0100] "GET /wp-content/plugins/wordfence/modules/login-security/css/admin-global.1685552791.css?ver=1.1.2 HTTP/1.1" 200 4386 "https://www.walbottlevi.com/wp-admin/index.php" "Mozilla/5.0 (Windows NT 10.0; Win64; x64) AppleWebKit/537.36 (KHTML, like Gecko) Chrome/114.0.0.0 Safari/537.36"
2a00:23c6:a001:3d01:4489:f9e8:49a2:7610 - - [05/Jun/2023:10:31:44 +0100] "GET /wp-content/plugins/wordfence/css/wf-adminbar.1685552791.css?ver=7.9.3 HTTP/1.1" 200 6447 "https://www.walbottlevi.com/wp-admin/index.php" "Mozilla/5.0 (Windows NT 10.0; Win64; x64) AppleWebKit/537.36 (KHTML, like Gecko) Chrome/114.0.0.0 Safari/537.36"
2a00:23c6:a001:3d01:4489:f9e8:49a2:7610 - - [05/Jun/2023:10:31:44 +0100] "GET /wp-content/plugins/wordfence/css/license/free-global.1685552791.css?ver=7.9.3 HTTP/1.1" 200 1556 "https://www.walbottlevi.com/wp-admin/index.php" "Mozilla/5.0 (Windows NT 10.0; Win64; x64) AppleWebKit/537.36 (KHTML, like Gecko) Chrome/114.0.0.0 Safari/537.36"
2a00:23c6:a001:3d01:4489:f9e8:49a2:7610 - - [05/Jun/2023:10:31:44 +0100] "GET /wp-content/plugins/premium-addons-for-elementor/admin/assets/fonts/style.css?ver=4.9.57 HTTP/1.1" 200 498 "https://www.walbottlevi.com/wp-admin/index.php" "Mozilla/5.0 (Windows NT 10.0; Win64; x64) AppleWebKit/537.36 (KHTML, like Gecko) Chrome/114.0.0.0 Safari/537.36"
2a00:23c6:a001:3d01:4489:f9e8:49a2:7610 - - [05/Jun/2023:10:31:44 +0100] "GET /wp-content/plugins/astra-sites/inc/assets/css/import-status.css?ver=3.2.3 HTTP/1.1" 200 727 "https://www.walbottlevi.com/wp-admin/index.php" "Mozilla/5.0 (Windows NT 10.0; Win64; x64) AppleWebKit/537.36 (KHTML, like Gecko) Chrome/114.0.0.0 Safari/537.36"
2a00:23c6:a001:3d01:4489:f9e8:49a2:7610 - - [05/Jun/2023:10:31:44 +0100] "GET /wp-content/plugins/premium-addons-for-elementor/admin/assets/css/notice.css?ver=4.9.57 HTTP/1.1" 200 642 "https://www.walbottlevi.com/wp-admin/index.php" "Mozilla/5.0 (Windows NT 10.0; Win64; x64) AppleWebKit/537.36 (KHTML, like Gecko) Chrome/114.0.0.0 Safari/537.36"
2a00:23c6:a001:3d01:4489:f9e8:49a2:7610 - - [05/Jun/2023:10:31:44 +0100] "GET /wp-content/plugins/premium-addons-for-elementor/admin/assets/css/admin.css?ver=4.9.57 HTTP/1.1" 200 9987 "https://www.walbottlevi.com/wp-admin/index.php" "Mozilla/5.0 (Windows NT 10.0; Win64; x64) AppleWebKit/537.36 (KHTML, like Gecko) Chrome/114.0.0.0 Safari/537.36"
2a00:23c6:a001:3d01:4489:f9e8:49a2:7610 - - [05/Jun/2023:10:31:44 +0100] "GET /wp-content/plugins/wpforms-lite/assets/lib/font-awesome/font-awesome.min.css?ver=4.7.0 HTTP/1.1" 200 7777 "https://www.walbottlevi.com/wp-admin/index.php" "Mozilla/5.0 (Windows NT 10.0; Win64; x64) AppleWebKit/537.36 (KHTML, like Gecko) Chrome/114.0.0.0 Safari/537.36"
2a00:23c6:a001:3d01:4489:f9e8:49a2:7610 - - [05/Jun/2023:10:31:44 +0100] "GET /wp-content/plugins/wpforms-lite/assets/lite/css/dashboard-education.min.css?ver=1.8.1.3 HTTP/1.1" 200 4095 "https://www.walbottlevi.com/wp-admin/index.php" "Mozilla/5.0 (Windows NT 10.0; Win64; x64) AppleWebKit/537.36 (KHTML, like Gecko) Chrome/114.0.0.0 Safari/537.36"
2a00:23c6:a001:3d01:4489:f9e8:49a2:7610 - - [05/Jun/2023:10:31:44 +0100] "GET /wp-content/plugins/wpforms-lite/assets/lib/jquery.confirm/jquery-confirm.min.css?ver=3.3.4 HTTP/1.1" 200 3976 "https://www.walbottlevi.com/wp-admin/index.php" "Mozilla/5.0 (Windows NT 10.0; Win64; x64) AppleWebKit/537.36 (KHTML, like Gecko) Chrome/114.0.0.0 Safari/537.36"
2a00:23c6:a001:3d01:4489:f9e8:49a2:7610 - - [05/Jun/2023:10:31:44 +0100] "GET /wp-content/plugins/seo-by-rank-math/assets/admin/css/dashboard-widget.css?ver=1.0.116 HTTP/1.1" 200 1721 "https://www.walbottlevi.com/wp-admin/index.php" "Mozilla/5.0 (Windows NT 10.0; Win64; x64) AppleWebKit/537.36 (KHTML, like Gecko) Chrome/114.0.0.0 Safari/537.36"
2a00:23c6:a001:3d01:4489:f9e8:49a2:7610 - - [05/Jun/2023:10:31:44 +0100] "GET /wp-content/plugins/litespeed-cache/assets/css/litespeed.css?ver=5.4 HTTP/1.1" 200 16403 "https://www.walbottlevi.com/wp-admin/index.php" "Mozilla/5.0 (Windows NT 10.0; Win64; x64) AppleWebKit/537.36 (KHTML, like Gecko) Chrome/114.0.0.0 Safari/537.36"
2a00:23c6:a001:3d01:4489:f9e8:49a2:7610 - - [05/Jun/2023:10:31:44 +0100] "GET /wp-content/plugins/elementor/assets/css/admin-top-bar.min.css?ver=3.13.4 HTTP/1.1" 200 969 "https://www.walbottlevi.com/wp-admin/index.php" "Mozilla/5.0 (Windows NT 10.0; Win64; x64) AppleWebKit/537.36 (KHTML, like Gecko) Chrome/114.0.0.0 Safari/537.36"
2a00:23c6:a001:3d01:4489:f9e8:49a2:7610 - - [05/Jun/2023:10:31:44 +0100] "GET /wp-content/plugins/elementor/assets/lib/eicons/css/elementor-icons.min.css?ver=5.20.0 HTTP/1.1" 200 4256 "https://www.walbottlevi.com/wp-admin/index.php" "Mozilla/5.0 (Windows NT 10.0; Win64; x64) AppleWebKit/537.36 (KHTML, like Gecko) Chrome/114.0.0.0 Safari/537.36"
2a00:23c6:a001:3d01:4489:f9e8:49a2:7610 - - [05/Jun/2023:10:31:44 +0100] "GET /wp-content/plugins/elementor/assets/css/theme-light.min.css?ver=3.13.4 HTTP/1.1" 200 739 "https://www.walbottlevi.com/wp-admin/index.php" "Mozilla/5.0 (Windows NT 10.0; Win64; x64) AppleWebKit/537.36 (KHTML, like Gecko) Chrome/114.0.0.0 Safari/537.36"
2a00:23c6:a001:3d01:4489:f9e8:49a2:7610 - - [05/Jun/2023:10:31:44 +0100] "GET /wp-content/plugins/elementor/assets/css/common.min.css?ver=3.13.4 HTTP/1.1" 200 2630 "https://www.walbottlevi.com/wp-admin/index.php" "Mozilla/5.0 (Windows NT 10.0; Win64; x64) AppleWebKit/537.36 (KHTML, like Gecko) Chrome/114.0.0.0 Safari/537.36"
2a00:23c6:a001:3d01:4489:f9e8:49a2:7610 - - [05/Jun/2023:10:31:44 +0100] "GET /wp-content/plugins/elementor/assets/css/admin.min.css?ver=3.13.4 HTTP/1.1" 200 10144 "https://www.walbottlevi.com/wp-admin/index.php" "Mozilla/5.0 (Windows NT 10.0; Win64; x64) AppleWebKit/537.36 (KHTML, like Gecko) Chrome/114.0.0.0 Safari/537.36"
2a00:23c6:a001:3d01:4489:f9e8:49a2:7610 - - [05/Jun/2023:10:31:44 +0100] "GET /wp-content/plugins/wpforms-lite/assets/css/admin-bar.min.css?ver=1.8.1.3 HTTP/1.1" 200 493 "https://www.walbottlevi.com/wp-admin/index.php" "Mozilla/5.0 (Windows NT 10.0; Win64; x64) AppleWebKit/537.36 (KHTML, like Gecko) Chrome/114.0.0.0 Safari/537.36"
2a00:23c6:a001:3d01:4489:f9e8:49a2:7610 - - [05/Jun/2023:10:31:44 +0100] "GET /wp-content/plugins/wpforms-lite/assets/css/dashboard-widget.min.css?ver=1.8.1.3 HTTP/1.1" 200 2842 "https://www.walbottlevi.com/wp-admin/index.php" "Mozilla/5.0 (Windows NT 10.0; Win64; x64) AppleWebKit/537.36 (KHTML, like Gecko) Chrome/114.0.0.0 Safari/537.36"
2a00:23c6:a001:3d01:4489:f9e8:49a2:7610 - - [05/Jun/2023:10:31:44 +0100] "GET /wp-content/plugins/wordfence/js/wfi18n.1685552791.js?ver=7.9.3 HTTP/1.1" 200 2250 "https://www.walbottlevi.com/wp-admin/index.php" "Mozilla/5.0 (Windows NT 10.0; Win64; x64) AppleWebKit/537.36 (KHTML, like Gecko) Chrome/114.0.0.0 Safari/537.36"
2a00:23c6:a001:3d01:4489:f9e8:49a2:7610 - - [05/Jun/2023:10:31:44 +0100] "GET /wp-content/plugins/wordfence/js/wfglobal.1685552791.js?ver=7.9.3 HTTP/1.1" 200 11876 "https://www.walbottlevi.com/wp-admin/index.php" "Mozilla/5.0 (Windows NT 10.0; Win64; x64) AppleWebKit/537.36 (KHTML, like Gecko) Chrome/114.0.0.0 Safari/537.36"
2a00:23c6:a001:3d01:4489:f9e8:49a2:7610 - - [05/Jun/2023:10:31:44 +0100] "GET /wp-content/plugins/wordfence/js/admin.ajaxWatcher.1685552791.js?ver=7.9.3 HTTP/1.1" 200 6364 "https://www.walbottlevi.com/wp-admin/index.php" "Mozilla/5.0 (Windows NT 10.0; Win64; x64) AppleWebKit/537.36 (KHTML, like Gecko) Chrome/114.0.0.0 Safari/537.36"
2a00:23c6:a001:3d01:4489:f9e8:49a2:7610 - - [05/Jun/2023:10:31:44 +0100] "GET /wp-content/plugins/wordfence/js/wfdashboard.1685552791.js?ver=7.9.3 HTTP/1.1" 200 205 "https://www.walbottlevi.com/wp-admin/index.php" "Mozilla/5.0 (Windows NT 10.0; Win64; x64) AppleWebKit/537.36 (KHTML, like Gecko) Chrome/114.0.0.0 Safari/537.36"
2a00:23c6:a001:3d01:4489:f9e8:49a2:7610 - - [05/Jun/2023:10:31:44 +0100] "GET /wp-admin/load-scripts.php?c=0&load%5Bchunk_0%5D=jquery-core,jquery-migrate,utils&ver=6.2.2 HTTP/1.1" 200 35697 "https://www.walbottlevi.com/wp-admin/index.php" "Mozilla/5.0 (Windows NT 10.0; Win64; x64) AppleWebKit/537.36 (KHTML, like Gecko) Chrome/114.0.0.0 Safari/537.36"
2a00:23c6:a001:3d01:4489:f9e8:49a2:7610 - - [05/Jun/2023:10:31:44 +0100] "GET /wp-content/plugins/wordfence/js/wfpopover.1685552791.js?ver=7.9.3 HTTP/1.1" 200 5718 "https://www.walbottlevi.com/wp-admin/index.php" "Mozilla/5.0 (Windows NT 10.0; Win64; x64) AppleWebKit/537.36 (KHTML, like Gecko) Chrome/114.0.0.0 Safari/537.36"
2a00:23c6:a001:3d01:4489:f9e8:49a2:7610 - - [05/Jun/2023:10:31:44 +0100] "GET /wp-content/plugins/litespeed-cache/assets/js/litespeed-cache-admin.js?ver=5.4 HTTP/1.1" 200 5834 "https://www.walbottlevi.com/wp-admin/index.php" "Mozilla/5.0 (Windows NT 10.0; Win64; x64) AppleWebKit/537.36 (KHTML, like Gecko) Chrome/114.0.0.0 Safari/537.36"
2a00:23c6:a001:3d01:4489:f9e8:49a2:7610 - - [05/Jun/2023:10:31:45 +0100] "GET /wp-includes/js/dist/i18n.min.js?ver=9e794f35a71bb98672ae HTTP/1.1" 200 4067 "https://www.walbottlevi.com/wp-admin/index.php" "Mozilla/5.0 (Windows NT 10.0; Win64; x64) AppleWebKit/537.36 (KHTML, like Gecko) Chrome/114.0.0.0 Safari/537.36"
2a00:23c6:a001:3d01:4489:f9e8:49a2:7610 - - [05/Jun/2023:10:31:45 +0100] "GET /wp-admin/js/common.min.js?ver=6.2.2 HTTP/1.1" 200 7283 "https://www.walbottlevi.com/wp-admin/index.php" "Mozilla/5.0 (Windows NT 10.0; Win64; x64) AppleWebKit/537.36 (KHTML, like Gecko) Chrome/114.0.0.0 Safari/537.36"
2a00:23c6:a001:3d01:4489:f9e8:49a2:7610 - - [05/Jun/2023:10:31:45 +0100] "GET /wp-admin/load-scripts.php?c=0&load%5Bchunk_0%5D=hoverIntent,wp-polyfill-inert,regenerator-runtime,wp-polyfill,wp-hooks&ver=6.2.2 HTTP/1.1" 200 13026 "https://www.walbottlevi.com/wp-admin/index.php" "Mozilla/5.0 (Windows NT 10.0; Win64; x64) AppleWebKit/537.36 (KHTML, like Gecko) Chrome/114.0.0.0 Safari/537.36"
2a00:23c6:a001:3d01:4489:f9e8:49a2:7610 - - [05/Jun/2023:10:31:45 +0100] "GET /wp-includes/js/admin-bar.min.js?ver=6.2.2 HTTP/1.1" 200 1454 "https://www.walbottlevi.com/wp-admin/index.php" "Mozilla/5.0 (Windows NT 10.0; Win64; x64) AppleWebKit/537.36 (KHTML, like Gecko) Chrome/114.0.0.0 Safari/537.36"
2a00:23c6:a001:3d01:4489:f9e8:49a2:7610 - - [05/Jun/2023:10:31:45 +0100] "GET /wp-includes/js/hoverintent-js.min.js?ver=2.2.1 HTTP/1.1" 200 729 "https://www.walbottlevi.com/wp-admin/index.php" "Mozilla/5.0 (Windows NT 10.0; Win64; x64) AppleWebKit/537.36 (KHTML, like Gecko) Chrome/114.0.0.0 Safari/537.36"
2a00:23c6:a001:3d01:4489:f9e8:49a2:7610 - - [05/Jun/2023:10:31:45 +0100] "GET /wp-includes/js/jquery/ui/mouse.min.js?ver=1.13.2 HTTP/1.1" 200 1188 "https://www.walbottlevi.com/wp-admin/index.php" "Mozilla/5.0 (Windows NT 10.0; Win64; x64) AppleWebKit/537.36 (KHTML, like Gecko) Chrome/114.0.0.0 Safari/537.36"
2a00:23c6:a001:3d01:4489:f9e8:49a2:7610 - - [05/Jun/2023:10:31:45 +0100] "GET /wp-includes/js/jquery/ui/resizable.min.js?ver=1.13.2 HTTP/1.1" 200 6140 "https://www.walbottlevi.com/wp-admin/index.php" "Mozilla/5.0 (Windows NT 10.0; Win64; x64) AppleWebKit/537.36 (KHTML, like Gecko) Chrome/114.0.0.0 Safari/537.36"
2a00:23c6:a001:3d01:4489:f9e8:49a2:7610 - - [05/Jun/2023:10:31:45 +0100] "GET /wp-includes/js/jquery/ui/draggable.min.js?ver=1.13.2 HTTP/1.1" 200 5563 "https://www.walbottlevi.com/wp-admin/index.php" "Mozilla/5.0 (Windows NT 10.0; Win64; x64) AppleWebKit/537.36 (KHTML, like Gecko) Chrome/114.0.0.0 Safari/537.36"
2a00:23c6:a001:3d01:4489:f9e8:49a2:7610 - - [05/Jun/2023:10:31:45 +0100] "GET /wp-includes/js/jquery/ui/controlgroup.min.js?ver=1.13.2 HTTP/1.1" 200 1683 "https://www.walbottlevi.com/wp-admin/index.php" "Mozilla/5.0 (Windows NT 10.0; Win64; x64) AppleWebKit/537.36 (KHTML, like Gecko) Chrome/114.0.0.0 Safari/537.36"
2a00:23c6:a001:3d01:4489:f9e8:49a2:7610 - - [05/Jun/2023:10:31:45 +0100] "GET /wp-includes/js/jquery/ui/button.min.js?ver=1.13.2 HTTP/1.1" 200 2180 "https://www.walbottlevi.com/wp-admin/index.php" "Mozilla/5.0 (Windows NT 10.0; Win64; x64) AppleWebKit/537.36 (KHTML, like Gecko) Chrome/114.0.0.0 Safari/537.36"
2a00:23c6:a001:3d01:4489:f9e8:49a2:7610 - - [05/Jun/2023:10:31:45 +0100] "GET /wp-includes/js/jquery/ui/checkboxradio.min.js?ver=1.13.2 HTTP/1.1" 200 1573 "https://www.walbottlevi.com/wp-admin/index.php" "Mozilla/5.0 (Windows NT 10.0; Win64; x64) AppleWebKit/537.36 (KHTML, like Gecko) Chrome/114.0.0.0 Safari/537.36"
2a00:23c6:a001:3d01:4489:f9e8:49a2:7610 - - [05/Jun/2023:10:31:45 +0100] "GET /wp-includes/js/jquery/ui/dialog.min.js?ver=1.13.2 HTTP/1.1" 200 4250 "https://www.walbottlevi.com/wp-admin/index.php" "Mozilla/5.0 (Windows NT 10.0; Win64; x64) AppleWebKit/537.36 (KHTML, like Gecko) Chrome/114.0.0.0 Safari/537.36"
2a00:23c6:a001:3d01:4489:f9e8:49a2:7610 - - [05/Jun/2023:10:31:45 +0100] "GET /wp-includes/js/clipboard.min.js?ver=2.0.11 HTTP/1.1" 200 3386 "https://www.walbottlevi.com/wp-admin/index.php" "Mozilla/5.0 (Windows NT 10.0; Win64; x64) AppleWebKit/537.36 (KHTML, like Gecko) Chrome/114.0.0.0 Safari/537.36"
2a00:23c6:a001:3d01:4489:f9e8:49a2:7610 - - [05/Jun/2023:10:31:45 +0100] "GET /wp-includes/js/wp-pointer.min.js?ver=6.2.2 HTTP/1.1" 200 1415 "https://www.walbottlevi.com/wp-admin/index.php" "Mozilla/5.0 (Windows NT 10.0; Win64; x64) AppleWebKit/537.36 (KHTML, like Gecko) Chrome/114.0.0.0 Safari/537.36"
2a00:23c6:a001:3d01:4489:f9e8:49a2:7610 - - [05/Jun/2023:10:31:45 +0100] "GET /wp-includes/js/dist/url.min.js?ver=16185fce2fb043a0cfed HTTP/1.1" 200 3985 "https://www.walbottlevi.com/wp-admin/index.php" "Mozilla/5.0 (Windows NT 10.0; Win64; x64) AppleWebKit/537.36 (KHTML, like Gecko) Chrome/114.0.0.0 Safari/537.36"
2a00:23c6:a001:3d01:4489:f9e8:49a2:7610 - - [05/Jun/2023:10:31:45 +0100] "GET /wp-includes/js/dist/dom-ready.min.js?ver=392bdd43726760d1f3ca HTTP/1.1" 200 329 "https://www.walbottlevi.com/wp-admin/index.php" "Mozilla/5.0 (Windows NT 10.0; Win64; x64) AppleWebKit/537.36 (KHTML, like Gecko) Chrome/114.0.0.0 Safari/537.36"
54.191.137.17 - - [05/Jun/2023:10:31:44 +0100] "POST /wp-load.php?mwprid=647dab81390e51.00434127 HTTP/1.1" 200 565 "https://walbottlevi.com/" "Mozilla/5.0 (Windows NT 10.0; Win64; x64) AppleWebKit/537.36 (KHTML, like Gecko) Chrome/111.0.0.0 Safari/537.36"
2a00:23c6:a001:3d01:4489:f9e8:49a2:7610 - - [05/Jun/2023:10:31:45 +0100] "GET /wp-admin/js/site-health.min.js?ver=6.2.2 HTTP/1.1" 200 2260 "https://www.walbottlevi.com/wp-admin/index.php" "Mozilla/5.0 (Windows NT 10.0; Win64; x64) AppleWebKit/537.36 (KHTML, like Gecko) Chrome/114.0.0.0 Safari/537.36"
2a00:23c6:a001:3d01:4489:f9e8:49a2:7610 - - [05/Jun/2023:10:31:45 +0100] "GET /wp-includes/js/dist/a11y.min.js?ver=ecce20f002eda4c19664 HTTP/1.1" 200 1015 "https://www.walbottlevi.com/wp-admin/index.php" "Mozilla/5.0 (Windows NT 10.0; Win64; x64) AppleWebKit/537.36 (KHTML, like Gecko) Chrome/114.0.0.0 Safari/537.36"
2a00:23c6:a001:3d01:4489:f9e8:49a2:7610 - - [05/Jun/2023:10:31:45 +0100] "GET /wp-includes/js/api-request.min.js?ver=6.2.2 HTTP/1.1" 200 602 "https://www.walbottlevi.com/wp-admin/index.php" "Mozilla/5.0 (Windows NT 10.0; Win64; x64) AppleWebKit/537.36 (KHTML, like Gecko) Chrome/114.0.0.0 Safari/537.36"
2a00:23c6:a001:3d01:4489:f9e8:49a2:7610 - - [05/Jun/2023:10:31:45 +0100] "GET /wp-includes/js/wp-ajax-response.min.js?ver=6.2.2 HTTP/1.1" 200 1112 "https://www.walbottlevi.com/wp-admin/index.php" "Mozilla/5.0 (Windows NT 10.0; Win64; x64) AppleWebKit/537.36 (KHTML, like Gecko) Chrome/114.0.0.0 Safari/537.36"
2a00:23c6:a001:3d01:4489:f9e8:49a2:7610 - - [05/Jun/2023:10:31:45 +0100] "GET /wp-includes/js/jquery/jquery.color.min.js?ver=2.2.0 HTTP/1.1" 200 3078 "https://www.walbottlevi.com/wp-admin/index.php" "Mozilla/5.0 (Windows NT 10.0; Win64; x64) AppleWebKit/537.36 (KHTML, like Gecko) Chrome/114.0.0.0 Safari/537.36"
2a00:23c6:a001:3d01:4489:f9e8:49a2:7610 - - [05/Jun/2023:10:31:45 +0100] "GET /wp-includes/js/wp-lists.min.js?ver=6.2.2 HTTP/1.1" 200 2701 "https://www.walbottlevi.com/wp-admin/index.php" "Mozilla/5.0 (Windows NT 10.0; Win64; x64) AppleWebKit/537.36 (KHTML, like Gecko) Chrome/114.0.0.0 Safari/537.36"
2a00:23c6:a001:3d01:4489:f9e8:49a2:7610 - - [05/Jun/2023:10:31:45 +0100] "GET /wp-includes/js/quicktags.min.js?ver=6.2.2 HTTP/1.1" 200 3834 "https://www.walbottlevi.com/wp-admin/index.php" "Mozilla/5.0 (Windows NT 10.0; Win64; x64) AppleWebKit/537.36 (KHTML, like Gecko) Chrome/114.0.0.0 Safari/537.36"
2a00:23c6:a001:3d01:4489:f9e8:49a2:7610 - - [05/Jun/2023:10:31:45 +0100] "GET /wp-includes/js/jquery/jquery.query.js?ver=2.2.3 HTTP/1.1" 200 1698 "https://www.walbottlevi.com/wp-admin/index.php" "Mozilla/5.0 (Windows NT 10.0; Win64; x64) AppleWebKit/537.36 (KHTML, like Gecko) Chrome/114.0.0.0 Safari/537.36"
2a00:23c6:a001:3d01:4489:f9e8:49a2:7610 - - [05/Jun/2023:10:31:45 +0100] "GET /wp-admin/js/edit-comments.min.js?ver=6.2.2 HTTP/1.1" 200 5623 "https://www.walbottlevi.com/wp-admin/index.php" "Mozilla/5.0 (Windows NT 10.0; Win64; x64) AppleWebKit/537.36 (KHTML, like Gecko) Chrome/114.0.0.0 Safari/537.36"
2a00:23c6:a001:3d01:4489:f9e8:49a2:7610 - - [05/Jun/2023:10:31:45 +0100] "GET /wp-includes/js/jquery/ui/sortable.min.js?ver=1.13.2 HTTP/1.1" 200 7684 "https://www.walbottlevi.com/wp-admin/index.php" "Mozilla/5.0 (Windows NT 10.0; Win64; x64) AppleWebKit/537.36 (KHTML, like Gecko) Chrome/114.0.0.0 Safari/537.36"
2a00:23c6:a001:3d01:4489:f9e8:49a2:7610 - - [05/Jun/2023:10:31:45 +0100] "GET /wp-admin/js/postbox.min.js?ver=6.2.2 HTTP/1.1" 200 2420 "https://www.walbottlevi.com/wp-admin/index.php" "Mozilla/5.0 (Windows NT 10.0; Win64; x64) AppleWebKit/537.36 (KHTML, like Gecko) Chrome/114.0.0.0 Safari/537.36"
2a00:23c6:a001:3d01:4489:f9e8:49a2:7610 - - [05/Jun/2023:10:31:45 +0100] "GET /wp-includes/js/dist/vendor/moment.min.js?ver=2.29.4 HTTP/1.1" 200 20952 "https://www.walbottlevi.com/wp-admin/index.php" "Mozilla/5.0 (Windows NT 10.0; Win64; x64) AppleWebKit/537.36 (KHTML, like Gecko) Chrome/114.0.0.0 Safari/537.36"
2a00:23c6:a001:3d01:4489:f9e8:49a2:7610 - - [05/Jun/2023:10:31:45 +0100] "GET /wp-includes/js/dist/deprecated.min.js?ver=6c963cb9494ba26b77eb HTTP/1.1" 200 518 "https://www.walbottlevi.com/wp-admin/index.php" "Mozilla/5.0 (Windows NT 10.0; Win64; x64) AppleWebKit/537.36 (KHTML, like Gecko) Chrome/114.0.0.0 Safari/537.36"
2a00:23c6:a001:3d01:4489:f9e8:49a2:7610 - - [05/Jun/2023:10:31:45 +0100] "GET /wp-includes/js/dist/date.min.js?ver=f8550b1212d715fbf745 HTTP/1.1" 200 55333 "https://www.walbottlevi.com/wp-admin/index.php" "Mozilla/5.0 (Windows NT 10.0; Win64; x64) AppleWebKit/537.36 (KHTML, like Gecko) Chrome/114.0.0.0 Safari/537.36"
2a00:23c6:a001:3d01:4489:f9e8:49a2:7610 - - [05/Jun/2023:10:31:45 +0100] "GET /wp-admin/js/dashboard.min.js?ver=6.2.2 HTTP/1.1" 200 3232 "https://www.walbottlevi.com/wp-admin/index.php" "Mozilla/5.0 (Windows NT 10.0; Win64; x64) AppleWebKit/537.36 (KHTML, like Gecko) Chrome/114.0.0.0 Safari/537.36"
2a00:23c6:a001:3d01:4489:f9e8:49a2:7610 - - [05/Jun/2023:10:31:45 +0100] "GET /wp-includes/js/thickbox/thickbox.js?ver=3.1-20121105 HTTP/1.1" 200 4466 "https://www.walbottlevi.com/wp-admin/index.php" "Mozilla/5.0 (Windows NT 10.0; Win64; x64) AppleWebKit/537.36 (KHTML, like Gecko) Chrome/114.0.0.0 Safari/537.36"
2a00:23c6:a001:3d01:4489:f9e8:49a2:7610 - - [05/Jun/2023:10:31:45 +0100] "GET /wp-content/plugins/elementor/assets/lib/eicons/fonts/eicons.woff2?5.20.0 HTTP/1.1" 200 94248 "https://www.walbottlevi.com/wp-content/plugins/elementor/assets/lib/eicons/css/elementor-icons.min.css?ver=5.20.0" "Mozilla/5.0 (Windows NT 10.0; Win64; x64) AppleWebKit/537.36 (KHTML, like Gecko) Chrome/114.0.0.0 Safari/537.36"
2a00:23c6:a001:3d01:4489:f9e8:49a2:7610 - - [05/Jun/2023:10:31:45 +0100] "GET /wp-content/plugins/premium-addons-for-elementor/admin/assets/fonts/pa-dashboard.ttf?2cxy9t HTTP/1.1" 200 35092 "https://www.walbottlevi.com/wp-content/plugins/premium-addons-for-elementor/admin/assets/fonts/style.css?ver=4.9.57" "Mozilla/5.0 (Windows NT 10.0; Win64; x64) AppleWebKit/537.36 (KHTML, like Gecko) Chrome/114.0.0.0 Safari/537.36"
2a00:23c6:a001:3d01:4489:f9e8:49a2:7610 - - [05/Jun/2023:10:31:45 +0100] "GET /wp-admin/js/plugin-install.min.js?ver=6.2.2 HTTP/1.1" 200 1062 "https://www.walbottlevi.com/wp-admin/index.php" "Mozilla/5.0 (Windows NT 10.0; Win64; x64) AppleWebKit/537.36 (KHTML, like Gecko) Chrome/114.0.0.0 Safari/537.36"
