114.119.137.43 - - [09/Jun/2023:09:57:35 +0100] "GET /robots.txt HTTP/1.1" 304 0 "-" "Mozilla/5.0 (compatible;PetalBot;+https://webmaster.petalsearch.com/site/petalbot)"
44.235.211.232 - - [09/Jun/2023:10:01:33 +0100] "POST /?rest_route=%2Fwordfence%2Fv1%2Fauthenticate HTTP/1.1" 200 134 "-" "Wordfence Central API v1.0"
44.235.211.232 - - [09/Jun/2023:10:01:35 +0100] "POST /?rest_route=%2Fwordfence%2Fv1%2Fauthenticate HTTP/1.1" 200 254 "-" "Wordfence Central API v1.0"
44.235.211.232 - - [09/Jun/2023:10:01:36 +0100] "POST /?rest_route=%2Fwordfence%2Fv1%2Fconfig HTTP/1.1" 200 2890 "-" "Wordfence Central API v1.0"
92.40.34.2 - - [09/Jun/2023:10:29:09 +0100] "GET / HTTP/1.1" 200 23793 "-" "Mozilla/5.0 (Linux; Android 10; K) AppleWebKit/537.36 (KHTML, like Gecko) Chrome/114.0.0.0 Mobile Safari/537.36"
92.40.34.2 - - [09/Jun/2023:10:29:09 +0100] "GET /wp-content/litespeed/css/966a351f3dfe040709a43dd7f20e6769.css?ver=3540c HTTP/1.1" 200 38229 "-" "Mozilla/5.0 (Linux; Android 10; K) AppleWebKit/537.36 (KHTML, like Gecko) Chrome/114.0.0.0 Mobile Safari/537.36"
92.40.34.2 - - [09/Jun/2023:10:29:09 +0100] "GET /wp-content/litespeed/css/f1c512303efe72ccc9a52425205a30c4.css?ver=3b62e HTTP/1.1" 200 546 "-" "Mozilla/5.0 (Linux; Android 10; K) AppleWebKit/537.36 (KHTML, like Gecko) Chrome/114.0.0.0 Mobile Safari/537.36"
92.40.34.2 - - [09/Jun/2023:10:29:09 +0100] "GET /wp-content/astra-local-fonts/montserrat/JTUSjIg1_i6t8kCHKm459Wlhyw.woff2 HTTP/1.1" 200 30928 "https://www.walbottlevi.com/" "Mozilla/5.0 (Linux; Android 10; K) AppleWebKit/537.36 (KHTML, like Gecko) Chrome/114.0.0.0 Mobile Safari/537.36"
92.40.34.2 - - [09/Jun/2023:10:29:09 +0100] "GET /wp-content/litespeed/css/956eedea8185869c0bd74e87310e15c7.css?ver=dcaa6 HTTP/1.1" 200 21772 "https://www.walbottlevi.com/" "Mozilla/5.0 (Linux; Android 10; K) AppleWebKit/537.36 (KHTML, like Gecko) Chrome/114.0.0.0 Mobile Safari/537.36"
92.40.34.2 - - [09/Jun/2023:10:29:09 +0100] "GET /wp-content/litespeed/css/6535647460d4aa60ad23c2865c606160.css?ver=c0a1f HTTP/1.1" 200 1188 "https://www.walbottlevi.com/" "Mozilla/5.0 (Linux; Android 10; K) AppleWebKit/537.36 (KHTML, like Gecko) Chrome/114.0.0.0 Mobile Safari/537.36"
92.40.34.2 - - [09/Jun/2023:10:29:09 +0100] "GET /wp-content/litespeed/css/11c9c674b84d67bca0cef616c9e5fc73.css?ver=5fc73 HTTP/1.1" 200 457 "https://www.walbottlevi.com/" "Mozilla/5.0 (Linux; Android 10; K) AppleWebKit/537.36 (KHTML, like Gecko) Chrome/114.0.0.0 Mobile Safari/537.36"
92.40.34.2 - - [09/Jun/2023:10:29:09 +0100] "GET /wp-content/litespeed/css/a733537a23089b224053c8ec2b5e6147.css?ver=815b3 HTTP/1.1" 200 4840 "https://www.walbottlevi.com/" "Mozilla/5.0 (Linux; Android 10; K) AppleWebKit/537.36 (KHTML, like Gecko) Chrome/114.0.0.0 Mobile Safari/537.36"
92.40.34.2 - - [09/Jun/2023:10:29:09 +0100] "GET /wp-content/litespeed/css/04c205088aef6ab86671135984bde441.css?ver=76f97 HTTP/1.1" 200 250 "https://www.walbottlevi.com/" "Mozilla/5.0 (Linux; Android 10; K) AppleWebKit/537.36 (KHTML, like Gecko) Chrome/114.0.0.0 Mobile Safari/537.36"
92.40.34.2 - - [09/Jun/2023:10:29:09 +0100] "GET /wp-content/litespeed/css/b50394726d8e038b2a3b6c685cdb2a02.css?ver=8fba9 HTTP/1.1" 200 3031 "https://www.walbottlevi.com/" "Mozilla/5.0 (Linux; Android 10; K) AppleWebKit/537.36 (KHTML, like Gecko) Chrome/114.0.0.0 Mobile Safari/537.36"
92.40.34.2 - - [09/Jun/2023:10:29:10 +0100] "GET /wp-content/uploads/2022/10/11-10-22-7-scaled.jpg HTTP/1.1" 200 762970 "https://www.walbottlevi.com/wp-content/litespeed/css/6535647460d4aa60ad23c2865c606160.css?ver=c0a1f" "Mozilla/5.0 (Linux; Android 10; K) AppleWebKit/537.36 (KHTML, like Gecko) Chrome/114.0.0.0 Mobile Safari/537.36"
92.40.34.2 - - [09/Jun/2023:10:29:10 +0100] "GET /wp-content/uploads/2021/05/hall1-150x150.jpg HTTP/1.1" 200 4699 "https://www.walbottlevi.com/" "Mozilla/5.0 (Linux; Android 10; K) AppleWebKit/537.36 (KHTML, like Gecko) Chrome/114.0.0.0 Mobile Safari/537.36"
92.40.34.2 - - [09/Jun/2023:10:29:10 +0100] "GET /wp-content/uploads/2019/11/76647940_498759010723654_531067741168205824_n-150x150.jpg.webp HTTP/1.1" 200 3676 "https://www.walbottlevi.com/" "Mozilla/5.0 (Linux; Android 10; K) AppleWebKit/537.36 (KHTML, like Gecko) Chrome/114.0.0.0 Mobile Safari/537.36"
92.40.34.2 - - [09/Jun/2023:10:29:10 +0100] "GET /wp-content/uploads/2021/05/hall2-150x150.jpg.webp HTTP/1.1" 200 3478 "https://www.walbottlevi.com/" "Mozilla/5.0 (Linux; Android 10; K) AppleWebKit/537.36 (KHTML, like Gecko) Chrome/114.0.0.0 Mobile Safari/537.36"
92.40.34.2 - - [09/Jun/2023:10:29:10 +0100] "GET /wp-includes/js/underscore.min.js?ver=1.13.4 HTTP/1.1" 200 7873 "https://www.walbottlevi.com/" "Mozilla/5.0 (Linux; Android 10; K) AppleWebKit/537.36 (KHTML, like Gecko) Chrome/114.0.0.0 Mobile Safari/537.36"
92.40.34.2 - - [09/Jun/2023:10:29:10 +0100] "GET /wp-content/uploads/2022/07/wvi-kicthen-150x150.jpg HTTP/1.1" 200 4289 "https://www.walbottlevi.com/" "Mozilla/5.0 (Linux; Android 10; K) AppleWebKit/537.36 (KHTML, like Gecko) Chrome/114.0.0.0 Mobile Safari/537.36"
92.40.34.2 - - [09/Jun/2023:10:29:10 +0100] "GET /wp-content/plugins/elementor/assets/js/preloaded-modules.min.js?ver=3.13.4 HTTP/1.1" 200 14283 "https://www.walbottlevi.com/" "Mozilla/5.0 (Linux; Android 10; K) AppleWebKit/537.36 (KHTML, like Gecko) Chrome/114.0.0.0 Mobile Safari/537.36"
92.40.34.2 - - [09/Jun/2023:10:29:10 +0100] "GET /wp-includes/js/wp-util.min.js?ver=6.2.2 HTTP/1.1" 200 767 "https://www.walbottlevi.com/" "Mozilla/5.0 (Linux; Android 10; K) AppleWebKit/537.36 (KHTML, like Gecko) Chrome/114.0.0.0 Mobile Safari/537.36"
92.40.34.2 - - [09/Jun/2023:10:29:10 +0100] "GET /wp-content/plugins/elementor/assets/js/frontend.min.js?ver=3.13.4 HTTP/1.1" 200 13659 "https://www.walbottlevi.com/" "Mozilla/5.0 (Linux; Android 10; K) AppleWebKit/537.36 (KHTML, like Gecko) Chrome/114.0.0.0 Mobile Safari/537.36"
92.40.34.2 - - [09/Jun/2023:10:29:10 +0100] "GET /wp-content/plugins/elementor/assets/lib/dialog/dialog.min.js?ver=4.9.0 HTTP/1.1" 200 3802 "https://www.walbottlevi.com/" "Mozilla/5.0 (Linux; Android 10; K) AppleWebKit/537.36 (KHTML, like Gecko) Chrome/114.0.0.0 Mobile Safari/537.36"
92.40.34.2 - - [09/Jun/2023:10:29:10 +0100] "GET /wp-content/plugins/elementor/assets/lib/swiper/swiper.min.js?ver=5.3.6 HTTP/1.1" 200 41891 "https://www.walbottlevi.com/" "Mozilla/5.0 (Linux; Android 10; K) AppleWebKit/537.36 (KHTML, like Gecko) Chrome/114.0.0.0 Mobile Safari/537.36"
92.40.34.2 - - [09/Jun/2023:10:29:10 +0100] "GET /wp-content/plugins/elementor/assets/lib/share-link/share-link.min.js?ver=3.13.4 HTTP/1.1" 200 1176 "https://www.walbottlevi.com/" "Mozilla/5.0 (Linux; Android 10; K) AppleWebKit/537.36 (KHTML, like Gecko) Chrome/114.0.0.0 Mobile Safari/537.36"
92.40.34.2 - - [09/Jun/2023:10:29:10 +0100] "GET /wp-content/plugins/elementor/assets/lib/waypoints/waypoints.min.js?ver=4.0.2 HTTP/1.1" 200 3407 "https://www.walbottlevi.com/" "Mozilla/5.0 (Linux; Android 10; K) AppleWebKit/537.36 (KHTML, like Gecko) Chrome/114.0.0.0 Mobile Safari/537.36"
92.40.34.2 - - [09/Jun/2023:10:29:10 +0100] "GET /wp-content/plugins/elementor/assets/js/frontend-modules.min.js?ver=3.13.4 HTTP/1.1" 200 15617 "https://www.walbottlevi.com/" "Mozilla/5.0 (Linux; Android 10; K) AppleWebKit/537.36 (KHTML, like Gecko) Chrome/114.0.0.0 Mobile Safari/537.36"
92.40.34.2 - - [09/Jun/2023:10:29:10 +0100] "GET /wp-content/themes/astra/assets/js/minified/frontend.min.js?ver=4.1.5 HTTP/1.1" 200 5715 "https://www.walbottlevi.com/" "Mozilla/5.0 (Linux; Android 10; K) AppleWebKit/537.36 (KHTML, like Gecko) Chrome/114.0.0.0 Mobile Safari/537.36"
92.40.34.2 - - [09/Jun/2023:10:29:10 +0100] "GET /wp-includes/js/jquery/jquery-migrate.min.js?ver=3.4.0 HTTP/1.1" 200 5152 "https://www.walbottlevi.com/" "Mozilla/5.0 (Linux; Android 10; K) AppleWebKit/537.36 (KHTML, like Gecko) Chrome/114.0.0.0 Mobile Safari/537.36"
92.40.34.2 - - [09/Jun/2023:10:29:10 +0100] "GET /wp-includes/js/jquery/jquery.min.js?ver=3.6.4 HTTP/1.1" 200 34922 "https://www.walbottlevi.com/" "Mozilla/5.0 (Linux; Android 10; K) AppleWebKit/537.36 (KHTML, like Gecko) Chrome/114.0.0.0 Mobile Safari/537.36"
92.40.34.2 - - [09/Jun/2023:10:29:11 +0100] "GET /wp-content/uploads/2019/11/cropped-WVIMain-180x180.png HTTP/1.1" 200 18084 "https://www.walbottlevi.com/" "Mozilla/5.0 (Linux; Android 10; K) AppleWebKit/537.36 (KHTML, like Gecko) Chrome/114.0.0.0 Mobile Safari/537.36"
92.40.34.2 - - [09/Jun/2023:10:29:11 +0100] "GET /wp-content/uploads/2019/11/cropped-WVIMain-192x192.png HTTP/1.1" 200 28462 "https://www.walbottlevi.com/" "Mozilla/5.0 (Linux; Android 10; K) AppleWebKit/537.36 (KHTML, like Gecko) Chrome/114.0.0.0 Mobile Safari/537.36"
92.40.34.2 - - [09/Jun/2023:10:29:15 +0100] "GET /wp-content/themes/astra/assets/fonts/astra.woff HTTP/1.1" 200 3304 "https://www.walbottlevi.com/" "Mozilla/5.0 (Linux; Android 10; K) AppleWebKit/537.36 (KHTML, like Gecko) Chrome/114.0.0.0 Mobile Safari/537.36"
44.235.211.232 - - [09/Jun/2023:11:01:34 +0100] "POST /?rest_route=%2Fwordfence%2Fv1%2Fauthenticate HTTP/1.1" 200 134 "-" "Wordfence Central API v1.0"
44.235.211.232 - - [09/Jun/2023:11:01:36 +0100] "POST /?rest_route=%2Fwordfence%2Fv1%2Fauthenticate HTTP/1.1" 200 255 "-" "Wordfence Central API v1.0"
44.235.211.232 - - [09/Jun/2023:11:01:37 +0100] "POST /?rest_route=%2Fwordfence%2Fv1%2Fconfig HTTP/1.1" 200 2890 "-" "Wordfence Central API v1.0"
66.249.64.194 - - [09/Jun/2023:11:29:44 +0100] "GET /wp-content/uploads/2021/06/street-dance-683x1024.jpg HTTP/1.1" 403 1229 "-" "Googlebot-Image/1.0"
40.77.167.140 - - [09/Jun/2023:11:43:01 +0100] "GET /sitemap_index.xml HTTP/1.1" 200 332 "-" "Mozilla/5.0 AppleWebKit/537.36 (KHTML, like Gecko; compatible; bingbot/2.0; +http://www.bing.com/bingbot.htm) Chrome/103.0.5060.134 Safari/537.36"
213.226.88.1 - - [09/Jun/2023:11:56:50 +0100] "GET /whats-on/ HTTP/1.1" 200 22840 "https://www.google.com/" "Mozilla/5.0 (Windows NT 10.0; Win64; x64) AppleWebKit/537.36 (KHTML, like Gecko) Chrome/114.0.0.0 Safari/537.36"
213.226.88.1 - - [09/Jun/2023:11:56:53 +0100] "GET /wp-includes/js/wp-emoji-release.min.js?ver=6.2.2 HTTP/1.1" 200 5744 "https://www.walbottlevi.com/whats-on/" "Mozilla/5.0 (Windows NT 10.0; Win64; x64) AppleWebKit/537.36 (KHTML, like Gecko) Chrome/114.0.0.0 Safari/537.36"
213.226.88.1 - - [09/Jun/2023:11:56:53 +0100] "GET /wp-content/uploads/2019/11/cropped-WVIMain-32x32.png HTTP/1.1" 200 1647 "https://www.walbottlevi.com/whats-on/" "Mozilla/5.0 (Windows NT 10.0; Win64; x64) AppleWebKit/537.36 (KHTML, like Gecko) Chrome/114.0.0.0 Safari/537.36"
213.226.88.1 - - [09/Jun/2023:11:59:48 +0100] "GET / HTTP/1.1" 200 23793 "https://www.walbottlevi.com/whats-on/" "Mozilla/5.0 (Windows NT 10.0; Win64; x64) AppleWebKit/537.36 (KHTML, like Gecko) Chrome/114.0.0.0 Safari/537.36"
213.226.88.1 - - [09/Jun/2023:11:59:52 +0100] "GET /contact/ HTTP/1.1" 200 23576 "https://www.walbottlevi.com/" "Mozilla/5.0 (Windows NT 10.0; Win64; x64) AppleWebKit/537.36 (KHTML, like Gecko) Chrome/114.0.0.0 Safari/537.36"
213.226.88.1 - - [09/Jun/2023:11:59:53 +0100] "GET /wp-content/litespeed/css/db063377b0ea0bec4ffc03215ab10266.css?ver=e0f56 HTTP/1.1" 200 880 "https://www.walbottlevi.com/contact/" "Mozilla/5.0 (Windows NT 10.0; Win64; x64) AppleWebKit/537.36 (KHTML, like Gecko) Chrome/114.0.0.0 Safari/537.36"
213.226.88.1 - - [09/Jun/2023:11:59:53 +0100] "GET /wp-content/litespeed/css/c6fc461ce23bb9cc8d21fa2248e4e650.css?ver=37bc5 HTTP/1.1" 200 6663 "https://www.walbottlevi.com/contact/" "Mozilla/5.0 (Windows NT 10.0; Win64; x64) AppleWebKit/537.36 (KHTML, like Gecko) Chrome/114.0.0.0 Safari/537.36"
213.226.88.1 - - [09/Jun/2023:11:59:53 +0100] "GET /wp-content/plugins/wpforms-lite/assets/js/wpforms.min.js?ver=1.8.2.1 HTTP/1.1" 200 12061 "https://www.walbottlevi.com/contact/" "Mozilla/5.0 (Windows NT 10.0; Win64; x64) AppleWebKit/537.36 (KHTML, like Gecko) Chrome/114.0.0.0 Safari/537.36"
213.226.88.1 - - [09/Jun/2023:11:59:53 +0100] "GET /wp-content/plugins/wpforms-lite/assets/lib/punycode.min.js?ver=1.0.0 HTTP/1.1" 200 888 "https://www.walbottlevi.com/contact/" "Mozilla/5.0 (Windows NT 10.0; Win64; x64) AppleWebKit/537.36 (KHTML, like Gecko) Chrome/114.0.0.0 Safari/537.36"
213.226.88.1 - - [09/Jun/2023:11:59:53 +0100] "GET /wp-content/plugins/wpforms-lite/assets/lib/mailcheck.min.js?ver=1.1.2 HTTP/1.1" 200 1762 "https://www.walbottlevi.com/contact/" "Mozilla/5.0 (Windows NT 10.0; Win64; x64) AppleWebKit/537.36 (KHTML, like Gecko) Chrome/114.0.0.0 Safari/537.36"
213.226.88.1 - - [09/Jun/2023:11:59:53 +0100] "GET /wp-content/plugins/wpforms-lite/assets/js/utils.min.js?ver=1.8.2.1 HTTP/1.1" 200 231 "https://www.walbottlevi.com/contact/" "Mozilla/5.0 (Windows NT 10.0; Win64; x64) AppleWebKit/537.36 (KHTML, like Gecko) Chrome/114.0.0.0 Safari/537.36"
213.226.88.1 - - [09/Jun/2023:11:59:53 +0100] "GET /wp-content/plugins/wpforms-lite/assets/lib/jquery.validate.min.js?ver=1.19.5 HTTP/1.1" 200 8932 "https://www.walbottlevi.com/contact/" "Mozilla/5.0 (Windows NT 10.0; Win64; x64) AppleWebKit/537.36 (KHTML, like Gecko) Chrome/114.0.0.0 Safari/537.36"
185.199.220.52 - - [09/Jun/2023:12:01:05 +0100] "GET / HTTP/1.1" 200 23783 "-" "WordPress/6.2.2; https://www.walbottlevi.com"
44.235.211.232 - - [09/Jun/2023:12:01:36 +0100] "POST /?rest_route=%2Fwordfence%2Fv1%2Fauthenticate HTTP/1.1" 200 134 "-" "Wordfence Central API v1.0"
44.235.211.232 - - [09/Jun/2023:12:01:38 +0100] "POST /?rest_route=%2Fwordfence%2Fv1%2Fauthenticate HTTP/1.1" 200 254 "-" "Wordfence Central API v1.0"
44.235.211.232 - - [09/Jun/2023:12:01:39 +0100] "POST /?rest_route=%2Fwordfence%2Fv1%2Fconfig HTTP/1.1" 200 2888 "-" "Wordfence Central API v1.0"
54.191.137.17 - - [09/Jun/2023:12:49:44 +0100] "POST /wp-load.php?mwprid=648311d7bcec20.86546081 HTTP/1.1" 200 3029 "https://walbottlevi.com/" "Mozilla/5.0 (Windows NT 10.0; Win64; x64) AppleWebKit/537.36 (KHTML, like Gecko) Chrome/111.0.0.0 Safari/537.36"
54.191.137.17 - - [09/Jun/2023:12:49:58 +0100] "POST /wp-load.php?mwprid=648311e56e1750.08586206 HTTP/1.1" 200 565 "https://walbottlevi.com/" "Mozilla/5.0 (Windows NT 10.0; Win64; x64) AppleWebKit/537.36 (KHTML, like Gecko) Chrome/111.0.0.0 Safari/537.36"
54.191.137.17 - - [09/Jun/2023:12:50:05 +0100] "POST /wp-load.php?mwprid=648311e5aa6ba3.83802188 HTTP/1.1" 200 568 "https://walbottlevi.com/" "Mozilla/5.0 (Windows NT 10.0; Win64; x64) AppleWebKit/537.36 (KHTML, like Gecko) Chrome/111.0.0.0 Safari/537.36"
44.235.211.232 - - [09/Jun/2023:13:01:33 +0100] "POST /?rest_route=%2Fwordfence%2Fv1%2Fauthenticate HTTP/1.1" 200 135 "-" "Wordfence Central API v1.0"
44.235.211.232 - - [09/Jun/2023:13:01:34 +0100] "POST /?rest_route=%2Fwordfence%2Fv1%2Fauthenticate HTTP/1.1" 200 254 "-" "Wordfence Central API v1.0"
44.235.211.232 - - [09/Jun/2023:13:01:36 +0100] "POST /?rest_route=%2Fwordfence%2Fv1%2Fconfig HTTP/1.1" 200 2890 "-" "Wordfence Central API v1.0"
213.180.203.138 - - [09/Jun/2023:13:26:41 +0100] "GET /robots.txt HTTP/1.1" 304 0 "-" "Mozilla/5.0 (compatible; YandexBot/3.0; +http://yandex.com/bots)"
95.108.213.193 - - [09/Jun/2023:13:26:41 +0100] "GET /sitemap_index.xml HTTP/1.1" 200 332 "-" "Mozilla/5.0 (compatible; YandexBot/3.0; +http://yandex.com/bots)"
82.1.104.2 - - [09/Jun/2023:13:42:58 +0100] "GET / HTTP/1.1" 200 23793 "-" "Mozilla/5.0 (iPhone; CPU iPhone OS 15_6_1 like Mac OS X) AppleWebKit/605.1.15 (KHTML, like Gecko) Version/15.6.1 Mobile/15E148 Safari/604.1"
66.249.70.136 - - [09/Jun/2023:13:52:26 +0100] "GET /robots.txt HTTP/1.1" 301 20 "-" "Mozilla/5.0 (compatible; Googlebot/2.1; +http://www.google.com/bot.html)"
66.249.70.137 - - [09/Jun/2023:13:52:27 +0100] "GET / HTTP/1.1" 301 20 "-" "Mozilla/5.0 (compatible; Googlebot/2.1; +http://www.google.com/bot.html)"
66.249.64.192 - - [09/Jun/2023:13:52:29 +0100] "GET / HTTP/1.1" 200 23783 "-" "Mozilla/5.0 (compatible; Googlebot/2.1; +http://www.google.com/bot.html)"
54.68.32.247 - - [09/Jun/2023:14:01:34 +0100] "POST /?rest_route=%2Fwordfence%2Fv1%2Fauthenticate HTTP/1.1" 200 135 "-" "Wordfence Central API v1.0"
54.68.32.247 - - [09/Jun/2023:14:01:35 +0100] "POST /?rest_route=%2Fwordfence%2Fv1%2Fauthenticate HTTP/1.1" 200 254 "-" "Wordfence Central API v1.0"
54.68.32.247 - - [09/Jun/2023:14:01:37 +0100] "POST /?rest_route=%2Fwordfence%2Fv1%2Fconfig HTTP/1.1" 200 2889 "-" "Wordfence Central API v1.0"
138.246.253.15 - - [09/Jun/2023:14:10:55 +0100] "HEAD / HTTP/1.1" 301 0 "-" "quic-go-HTTP/3"
5.255.231.75 - - [09/Jun/2023:14:54:08 +0100] "GET /conubia-nostra-per-inceptos-himenaeos/ HTTP/1.1" 404 18894 "-" "Mozilla/5.0 (compatible; YandexBot/3.0; +http://yandex.com/bots)"
52.167.144.118 - - [09/Jun/2023:14:55:58 +0100] "GET /whats-on/blooming-births/ HTTP/1.1" 200 19516 "-" "Mozilla/5.0 AppleWebKit/537.36 (KHTML, like Gecko; compatible; bingbot/2.0; +http://www.bing.com/bingbot.htm) Chrome/103.0.5060.134 Safari/537.36"
54.68.32.247 - - [09/Jun/2023:15:01:35 +0100] "POST /?rest_route=%2Fwordfence%2Fv1%2Fauthenticate HTTP/1.1" 200 135 "-" "Wordfence Central API v1.0"
54.68.32.247 - - [09/Jun/2023:15:01:36 +0100] "POST /?rest_route=%2Fwordfence%2Fv1%2Fauthenticate HTTP/1.1" 200 253 "-" "Wordfence Central API v1.0"
54.68.32.247 - - [09/Jun/2023:15:01:37 +0100] "POST /?rest_route=%2Fwordfence%2Fv1%2Fconfig HTTP/1.1" 200 2889 "-" "Wordfence Central API v1.0"
114.119.159.17 - - [09/Jun/2023:15:11:27 +0100] "GET /news/re-opening/ HTTP/1.1" 200 21216 "https://www.walbottlevi.com/news/all-classes-now-back/" "Mozilla/5.0 (Linux; Android 7.0;) AppleWebKit/537.36 (KHTML, like Gecko) Mobile Safari/537.36 (compatible; PetalBot;+https://webmaster.petalsearch.com/site/petalbot)"
114.119.139.1 - - [09/Jun/2023:15:12:45 +0100] "GET /whats-on/walbottle-art-group/ HTTP/1.1" 200 19342 "https://www.walbottlevi.com/news/category/uncategorized/page/3/" "Mozilla/5.0 (Linux; Android 7.0;) AppleWebKit/537.36 (KHTML, like Gecko) Mobile Safari/537.36 (compatible; PetalBot;+https://webmaster.petalsearch.com/site/petalbot)"
66.249.64.192 - - [09/Jun/2023:15:14:40 +0100] "GET /category-sitemap.xml HTTP/1.1" 200 349 "-" "Mozilla/5.0 (compatible; Googlebot/2.1; +http://www.google.com/bot.html)"
40.77.167.140 - - [09/Jun/2023:15:29:34 +0100] "GET /sitemap.xml HTTP/1.1" 301 0 "-" "Mozilla/5.0 AppleWebKit/537.36 (KHTML, like Gecko; compatible; bingbot/2.0; +http://www.bing.com/bingbot.htm) Chrome/103.0.5060.134 Safari/537.36"
40.77.167.140 - - [09/Jun/2023:15:29:36 +0100] "GET /sitemap_index.xml HTTP/1.1" 200 332 "-" "Mozilla/5.0 AppleWebKit/537.36 (KHTML, like Gecko; compatible; bingbot/2.0; +http://www.bing.com/bingbot.htm) Chrome/103.0.5060.134 Safari/537.36"
40.77.167.140 - - [09/Jun/2023:15:42:22 +0100] "GET /sitemap_index.xml HTTP/1.1" 200 332 "-" "Mozilla/5.0 AppleWebKit/537.36 (KHTML, like Gecko; compatible; bingbot/2.0; +http://www.bing.com/bingbot.htm) Chrome/103.0.5060.134 Safari/537.36"
54.36.148.21 - - [09/Jun/2023:15:44:47 +0100] "GET /news/gannin-alang-the-wall-a-film-about-the-true-route-of-hadrians-wall-through-newcastle/ HTTP/1.1" 200 21806 "-" "Mozilla/5.0 (compatible; AhrefsBot/7.0; +http://ahrefs.com/robot/)"
54.36.148.22 - - [09/Jun/2023:15:44:52 +0100] "GET /wp-includes/js/comment-reply.min.js?ver=6.2.2 HTTP/1.1" 200 1391 "-" "Mozilla/5.0 (compatible; AhrefsBot/7.0; +http://ahrefs.com/robot/)"
44.235.211.232 - - [09/Jun/2023:16:01:35 +0100] "POST /?rest_route=%2Fwordfence%2Fv1%2Fauthenticate HTTP/1.1" 200 135 "-" "Wordfence Central API v1.0"
44.235.211.232 - - [09/Jun/2023:16:01:36 +0100] "POST /?rest_route=%2Fwordfence%2Fv1%2Fauthenticate HTTP/1.1" 200 254 "-" "Wordfence Central API v1.0"
44.235.211.232 - - [09/Jun/2023:16:01:38 +0100] "POST /?rest_route=%2Fwordfence%2Fv1%2Fconfig HTTP/1.1" 200 2889 "-" "Wordfence Central API v1.0"
114.119.143.104 - - [09/Jun/2023:16:09:22 +0100] "GET /news/re-opening HTTP/1.1" 301 20 "https://www.walbottlevi.com/news/whats-happened-in-2020" "Mozilla/5.0 (Linux; Android 7.0;) AppleWebKit/537.36 (KHTML, like Gecko) Mobile Safari/537.36 (compatible; PetalBot;+https://webmaster.petalsearch.com/site/petalbot)"
114.119.143.104 - - [09/Jun/2023:16:09:24 +0100] "GET /news/re-opening/ HTTP/1.1" 200 21216 "https://www.walbottlevi.com/news/whats-happened-in-2020" "Mozilla/5.0 (Linux; Android 7.0;) AppleWebKit/537.36 (KHTML, like Gecko) Mobile Safari/537.36 (compatible; PetalBot;+https://webmaster.petalsearch.com/site/petalbot)"
40.77.167.85 - - [09/Jun/2023:16:46:23 +0100] "GET /robots.txt HTTP/1.1" 304 0 "-" "Mozilla/5.0 AppleWebKit/537.36 (KHTML, like Gecko; compatible; bingbot/2.0; +http://www.bing.com/bingbot.htm) Chrome/103.0.5060.134 Safari/537.36"
54.68.32.247 - - [09/Jun/2023:17:01:37 +0100] "POST /?rest_route=%2Fwordfence%2Fv1%2Fauthenticate HTTP/1.1" 200 135 "-" "Wordfence Central API v1.0"
54.68.32.247 - - [09/Jun/2023:17:01:39 +0100] "POST /?rest_route=%2Fwordfence%2Fv1%2Fauthenticate HTTP/1.1" 200 253 "-" "Wordfence Central API v1.0"
54.68.32.247 - - [09/Jun/2023:17:01:41 +0100] "POST /?rest_route=%2Fwordfence%2Fv1%2Fconfig HTTP/1.1" 200 2889 "-" "Wordfence Central API v1.0"
54.36.148.57 - - [09/Jun/2023:17:36:33 +0100] "GET / HTTP/1.1" 200 23783 "-" "Mozilla/5.0 (compatible; AhrefsBot/7.0; +http://ahrefs.com/robot/)"
54.36.148.77 - - [09/Jun/2023:17:36:36 +0100] "GET /wp-content/uploads/2020/11/drone-shot-150x150.jpeg HTTP/1.1" 403 1229 "-" "Mozilla/5.0 (compatible; AhrefsBot/7.0; +http://ahrefs.com/robot/)"
54.36.149.46 - - [09/Jun/2023:17:36:36 +0100] "GET /wp-content/litespeed/css/b50394726d8e038b2a3b6c685cdb2a02.css?ver=8fba9 HTTP/1.1" 200 3031 "-" "Mozilla/5.0 (compatible; AhrefsBot/7.0; +http://ahrefs.com/robot/)"
54.36.149.19 - - [09/Jun/2023:17:36:37 +0100] "GET /wp-content/uploads/2019/11/76647940_498759010723654_531067741168205824_n-150x150.jpg HTTP/1.1" 403 1229 "-" "Mozilla/5.0 (compatible; AhrefsBot/7.0; +http://ahrefs.com/robot/)"
54.36.148.250 - - [09/Jun/2023:17:36:39 +0100] "GET /wp-content/uploads/2021/05/hall2-150x150.jpg HTTP/1.1" 403 1229 "-" "Mozilla/5.0 (compatible; AhrefsBot/7.0; +http://ahrefs.com/robot/)"
66.249.64.192 - - [09/Jun/2023:17:54:51 +0100] "GET /diary/ HTTP/1.1" 404 18895 "-" "Mozilla/5.0 (Linux; Android 6.0.1; Nexus 5X Build/MMB29P) AppleWebKit/537.36 (KHTML, like Gecko) Chrome/114.0.5735.90 Mobile Safari/537.36 (compatible; Googlebot/2.1; +http://www.google.com/bot.html)"
44.235.211.232 - - [09/Jun/2023:18:01:34 +0100] "POST /?rest_route=%2Fwordfence%2Fv1%2Fauthenticate HTTP/1.1" 200 135 "-" "Wordfence Central API v1.0"
44.235.211.232 - - [09/Jun/2023:18:01:36 +0100] "POST /?rest_route=%2Fwordfence%2Fv1%2Fauthenticate HTTP/1.1" 200 255 "-" "Wordfence Central API v1.0"
44.235.211.232 - - [09/Jun/2023:18:01:39 +0100] "POST /?rest_route=%2Fwordfence%2Fv1%2Fconfig HTTP/1.1" 200 2890 "-" "Wordfence Central API v1.0"
185.199.220.52 - - [09/Jun/2023:19:01:44 +0100] "POST /wp-admin/admin-ajax.php?action=wordfence_testAjax HTTP/1.1" 200 32 "-" "WordPress/6.2.2; https://www.walbottlevi.com"
54.68.32.247 - - [09/Jun/2023:19:01:48 +0100] "POST /?rest_route=%2Fwordfence%2Fv1%2Fauthenticate HTTP/1.1" 200 134 "-" "Wordfence Central API v1.0"
54.68.32.247 - - [09/Jun/2023:19:01:49 +0100] "POST /?rest_route=%2Fwordfence%2Fv1%2Fauthenticate HTTP/1.1" 200 254 "-" "Wordfence Central API v1.0"
185.199.220.52 - - [09/Jun/2023:19:01:45 +0100] "GET /wp-admin/admin-ajax.php?action=wordfence_doScan&isFork=0&scanMode=quick&cronKey=95da97311a9eaaeceaa8ca68802de52e&signature=7c94a3336b0e7ff55458d1170fc9d7ae936ff65120f58874dfba8c63ffac53bc HTTP/1.1" 200 20 "-" "WordPress/6.2.2; https://www.walbottlevi.com"
114.119.157.123 - - [09/Jun/2023:19:02:33 +0100] "GET /robots.txt HTTP/1.1" 304 0 "-" "Mozilla/5.0 (compatible;PetalBot;+https://webmaster.petalsearch.com/site/petalbot)"
44.235.211.232 - - [09/Jun/2023:19:04:47 +0100] "POST /?rest_route=%2Fwordfence%2Fv1%2Fauthenticate HTTP/1.1" 200 134 "-" "Wordfence Central API v1.0"
44.235.211.232 - - [09/Jun/2023:19:04:48 +0100] "POST /?rest_route=%2Fwordfence%2Fv1%2Fauthenticate HTTP/1.1" 200 252 "-" "Wordfence Central API v1.0"
44.235.211.232 - - [09/Jun/2023:19:04:50 +0100] "POST /?rest_route=%2Fwordfence%2Fv1%2Fconfig HTTP/1.1" 200 2890 "-" "Wordfence Central API v1.0"
40.77.167.140 - - [09/Jun/2023:19:16:35 +0100] "GET /sitemap_index.xml HTTP/1.1" 200 332 "-" "Mozilla/5.0 AppleWebKit/537.36 (KHTML, like Gecko; compatible; bingbot/2.0; +http://www.bing.com/bingbot.htm) Chrome/103.0.5060.134 Safari/537.36"
66.249.70.135 - - [09/Jun/2023:19:22:22 +0100] "GET / HTTP/1.1" 301 20 "-" "Mozilla/5.0 (Linux; Android 6.0.1; Nexus 5X Build/MMB29P) AppleWebKit/537.36 (KHTML, like Gecko) Chrome/114.0.5735.90 Mobile Safari/537.36 (compatible; Googlebot/2.1; +http://www.google.com/bot.html)"
66.249.64.206 - - [09/Jun/2023:19:22:23 +0100] "GET / HTTP/1.1" 200 23783 "-" "Mozilla/5.0 (Linux; Android 6.0.1; Nexus 5X Build/MMB29P) AppleWebKit/537.36 (KHTML, like Gecko) Chrome/114.0.5735.90 Mobile Safari/537.36 (compatible; Googlebot/2.1; +http://www.google.com/bot.html)"
44.235.211.232 - - [09/Jun/2023:20:01:34 +0100] "POST /?rest_route=%2Fwordfence%2Fv1%2Fauthenticate HTTP/1.1" 200 135 "-" "Wordfence Central API v1.0"
44.235.211.232 - - [09/Jun/2023:20:01:35 +0100] "POST /?rest_route=%2Fwordfence%2Fv1%2Fauthenticate HTTP/1.1" 200 252 "-" "Wordfence Central API v1.0"
44.235.211.232 - - [09/Jun/2023:20:01:37 +0100] "POST /?rest_route=%2Fwordfence%2Fv1%2Fconfig HTTP/1.1" 200 2889 "-" "Wordfence Central API v1.0"
216.244.66.244 - - [09/Jun/2023:20:32:17 +0100] "GET /news/gannin-alang-the-wall-a-film-about-the-true-route-of-hadrians-wall-through-newcastle/feed/ HTTP/1.1" 200 520 "-" "Mozilla/5.0 (compatible; DotBot/1.2; +https://opensiteexplorer.org/dotbot; help@moz.com)"
54.68.32.247 - - [09/Jun/2023:21:01:33 +0100] "POST /?rest_route=%2Fwordfence%2Fv1%2Fauthenticate HTTP/1.1" 200 135 "-" "Wordfence Central API v1.0"
54.68.32.247 - - [09/Jun/2023:21:01:35 +0100] "POST /?rest_route=%2Fwordfence%2Fv1%2Fauthenticate HTTP/1.1" 200 255 "-" "Wordfence Central API v1.0"
54.68.32.247 - - [09/Jun/2023:21:01:37 +0100] "POST /?rest_route=%2Fwordfence%2Fv1%2Fconfig HTTP/1.1" 200 2889 "-" "Wordfence Central API v1.0"
66.249.64.192 - - [09/Jun/2023:21:47:05 +0100] "GET /wp-content/litespeed/avatar/b679eea48cf16ebf564c46f2c55b19eb.jpg?ver=1685702772 HTTP/1.1" 403 1229 "-" "Googlebot-Image/1.0"
66.249.64.206 - - [09/Jun/2023:21:47:06 +0100] "GET /favicon.ico HTTP/1.1" 404 1238 "-" "Googlebot-Image/1.0"
114.119.137.184 - - [09/Jun/2023:21:47:37 +0100] "GET /news/category/uncategorized/page/2/ HTTP/1.1" 200 19951 "https://www.walbottlevi.com/news/category/uncategorized" "Mozilla/5.0 (Linux; Android 7.0;) AppleWebKit/537.36 (KHTML, like Gecko) Mobile Safari/537.36 (compatible; PetalBot;+https://webmaster.petalsearch.com/site/petalbot)"
44.235.211.232 - - [09/Jun/2023:22:01:34 +0100] "POST /?rest_route=%2Fwordfence%2Fv1%2Fauthenticate HTTP/1.1" 200 134 "-" "Wordfence Central API v1.0"
44.235.211.232 - - [09/Jun/2023:22:01:37 +0100] "POST /?rest_route=%2Fwordfence%2Fv1%2Fauthenticate HTTP/1.1" 200 254 "-" "Wordfence Central API v1.0"
44.235.211.232 - - [09/Jun/2023:22:01:54 +0100] "POST /?rest_route=%2Fwordfence%2Fv1%2Fconfig HTTP/1.1" 200 2889 "-" "Wordfence Central API v1.0"
66.249.64.192 - - [09/Jun/2023:22:12:02 +0100] "GET /diary/ HTTP/1.1" 404 18896 "-" "Mozilla/5.0 (compatible; Googlebot/2.1; +http://www.google.com/bot.html)"
44.235.211.232 - - [09/Jun/2023:23:01:35 +0100] "POST /?rest_route=%2Fwordfence%2Fv1%2Fauthenticate HTTP/1.1" 200 134 "-" "Wordfence Central API v1.0"
44.235.211.232 - - [09/Jun/2023:23:01:37 +0100] "POST /?rest_route=%2Fwordfence%2Fv1%2Fauthenticate HTTP/1.1" 200 256 "-" "Wordfence Central API v1.0"
44.235.211.232 - - [09/Jun/2023:23:01:38 +0100] "POST /?rest_route=%2Fwordfence%2Fv1%2Fconfig HTTP/1.1" 200 2889 "-" "Wordfence Central API v1.0"
92.19.201.219 - - [09/Jun/2023:23:02:18 +0100] "GET / HTTP/1.1" 200 23793 "-" "Mozilla/5.0 (Linux; Android 10; K) AppleWebKit/537.36 (KHTML, like Gecko) Chrome/114.0.0.0 Mobile Safari/537.36"
92.19.201.219 - - [09/Jun/2023:23:02:18 +0100] "GET /wp-content/litespeed/css/6535647460d4aa60ad23c2865c606160.css?ver=c0a1f HTTP/1.1" 200 1188 "https://www.walbottlevi.com/" "Mozilla/5.0 (Linux; Android 10; K) AppleWebKit/537.36 (KHTML, like Gecko) Chrome/114.0.0.0 Mobile Safari/537.36"
92.19.201.219 - - [09/Jun/2023:23:02:18 +0100] "GET /wp-content/uploads/2022/10/11-10-22-7-scaled.jpg HTTP/1.1" 200 762970 "https://www.walbottlevi.com/wp-content/litespeed/css/6535647460d4aa60ad23c2865c606160.css?ver=c0a1f" "Mozilla/5.0 (Linux; Android 10; K) AppleWebKit/537.36 (KHTML, like Gecko) Chrome/114.0.0.0 Mobile Safari/537.36"
92.19.201.219 - - [09/Jun/2023:23:02:18 +0100] "GET /wp-includes/js/wp-util.min.js?ver=6.2.2 HTTP/1.1" 200 767 "https://www.walbottlevi.com/" "Mozilla/5.0 (Linux; Android 10; K) AppleWebKit/537.36 (KHTML, like Gecko) Chrome/114.0.0.0 Mobile Safari/537.36"
92.19.201.219 - - [09/Jun/2023:23:02:18 +0100] "GET /wp-includes/js/underscore.min.js?ver=1.13.4 HTTP/1.1" 200 7873 "https://www.walbottlevi.com/" "Mozilla/5.0 (Linux; Android 10; K) AppleWebKit/537.36 (KHTML, like Gecko) Chrome/114.0.0.0 Mobile Safari/537.36"
92.19.201.219 - - [09/Jun/2023:23:02:18 +0100] "GET /wp-includes/js/jquery/ui/core.min.js?ver=1.13.2 HTTP/1.1" 200 7741 "https://www.walbottlevi.com/" "Mozilla/5.0 (Linux; Android 10; K) AppleWebKit/537.36 (KHTML, like Gecko) Chrome/114.0.0.0 Mobile Safari/537.36"
92.19.201.219 - - [09/Jun/2023:23:02:19 +0100] "GET /wp-content/uploads/2019/11/cropped-WVIMain-192x192.png HTTP/1.1" 200 28462 "https://www.walbottlevi.com/" "Mozilla/5.0 (Linux; Android 10; K) AppleWebKit/537.36 (KHTML, like Gecko) Chrome/114.0.0.0 Mobile Safari/537.36"
92.19.201.219 - - [09/Jun/2023:23:02:19 +0100] "GET /wp-content/uploads/2019/11/cropped-WVIMain-180x180.png HTTP/1.1" 200 18084 "https://www.walbottlevi.com/" "Mozilla/5.0 (Linux; Android 10; K) AppleWebKit/537.36 (KHTML, like Gecko) Chrome/114.0.0.0 Mobile Safari/537.36"
92.19.201.219 - - [09/Jun/2023:23:02:21 +0100] "GET /wp-content/themes/astra/assets/fonts/astra.woff HTTP/1.1" 200 3304 "https://www.walbottlevi.com/" "Mozilla/5.0 (Linux; Android 10; K) AppleWebKit/537.36 (KHTML, like Gecko) Chrome/114.0.0.0 Mobile Safari/537.36"
114.119.130.253 - - [09/Jun/2023:23:08:32 +0100] "GET /category-sitemap.xml HTTP/1.1" 200 349 "-" "Mozilla/5.0 (Linux; Android 7.0;) AppleWebKit/537.36 (KHTML, like Gecko) Mobile Safari/537.36 (compatible; PetalBot;+https://webmaster.petalsearch.com/site/petalbot)"
114.119.156.146 - - [09/Jun/2023:23:35:18 +0100] "GET /sitemap_index.xml HTTP/1.1" 200 332 "-" "Mozilla/5.0 (Linux; Android 7.0;) AppleWebKit/537.36 (KHTML, like Gecko) Mobile Safari/537.36 (compatible; PetalBot;+https://webmaster.petalsearch.com/site/petalbot)"
185.199.220.52 - - [10/Jun/2023:00:01:07 +0100] "GET / HTTP/1.1" 200 23783 "-" "WordPress/6.2.2; https://www.walbottlevi.com"
54.68.32.247 - - [10/Jun/2023:00:01:38 +0100] "POST /?rest_route=%2Fwordfence%2Fv1%2Fauthenticate HTTP/1.1" 200 134 "-" "Wordfence Central API v1.0"
54.68.32.247 - - [10/Jun/2023:00:01:39 +0100] "POST /?rest_route=%2Fwordfence%2Fv1%2Fauthenticate HTTP/1.1" 200 254 "-" "Wordfence Central API v1.0"
54.68.32.247 - - [10/Jun/2023:00:01:41 +0100] "POST /?rest_route=%2Fwordfence%2Fv1%2Fconfig HTTP/1.1" 200 2890 "-" "Wordfence Central API v1.0"
2a03:2880:32ff:7::face:b00c - - [10/Jun/2023:00:38:48 +0100] "GET /news/summer-update/ HTTP/1.1" 200 22296 "-" "facebookexternalhit/1.1 (+http://www.facebook.com/externalhit_uatext.php)"
2a03:2880:32ff:1::face:b00c - - [10/Jun/2023:00:38:50 +0100] "GET /wp-content/uploads/2021/07/thumbnail_IMG_0342-1024x765.jpg HTTP/1.1" 403 1229 "-" "facebookexternalhit/1.1 (+http://www.facebook.com/externalhit_uatext.php)"
2a03:2880:32ff:15::face:b00c - - [10/Jun/2023:00:38:51 +0100] "GET /wp-content/uploads/2021/07/thumbnail_IMG_0342-1024x765.jpg HTTP/1.1" 403 1229 "-" "facebookexternalhit/1.1 (+http://www.facebook.com/externalhit_uatext.php)"
44.235.211.232 - - [10/Jun/2023:01:01:34 +0100] "POST /?rest_route=%2Fwordfence%2Fv1%2Fauthenticate HTTP/1.1" 200 135 "-" "Wordfence Central API v1.0"
44.235.211.232 - - [10/Jun/2023:01:01:36 +0100] "POST /?rest_route=%2Fwordfence%2Fv1%2Fauthenticate HTTP/1.1" 200 252 "-" "Wordfence Central API v1.0"
44.235.211.232 - - [10/Jun/2023:01:01:37 +0100] "POST /?rest_route=%2Fwordfence%2Fv1%2Fconfig HTTP/1.1" 200 2890 "-" "Wordfence Central API v1.0"
114.119.153.137 - - [10/Jun/2023:01:11:12 +0100] "GET /news/projector-and-screen/ HTTP/1.1" 200 21306 "https://www.walbottlevi.com/news/category/uncategorized" "Mozilla/5.0 (Linux; Android 7.0;) AppleWebKit/537.36 (KHTML, like Gecko) Mobile Safari/537.36 (compatible; PetalBot;+https://webmaster.petalsearch.com/site/petalbot)"
114.119.133.213 - - [10/Jun/2023:01:13:44 +0100] "GET /news/2021/07/ HTTP/1.1" 200 19083 "https://www.walbottlevi.com/news/category/uncategorized/page/3/" "Mozilla/5.0 (Linux; Android 7.0;) AppleWebKit/537.36 (KHTML, like Gecko) Mobile Safari/537.36 (compatible; PetalBot;+https://webmaster.petalsearch.com/site/petalbot)"
114.119.130.125 - - [10/Jun/2023:01:13:59 +0100] "GET /news/2020/12 HTTP/1.1" 301 20 "https://www.walbottlevi.com/news/whats-happened-in-2020" "Mozilla/5.0 (Linux; Android 7.0;) AppleWebKit/537.36 (KHTML, like Gecko) Mobile Safari/537.36 (compatible; PetalBot;+https://webmaster.petalsearch.com/site/petalbot)"
114.119.130.125 - - [10/Jun/2023:01:14:11 +0100] "GET /news/2020/12/ HTTP/1.1" 200 18719 "https://www.walbottlevi.com/news/whats-happened-in-2020" "Mozilla/5.0 (Linux; Android 7.0;) AppleWebKit/537.36 (KHTML, like Gecko) Mobile Safari/537.36 (compatible; PetalBot;+https://webmaster.petalsearch.com/site/petalbot)"
66.249.64.196 - - [10/Jun/2023:01:26:56 +0100] "GET /favicon.ico HTTP/1.1" 404 1238 "-" "Googlebot-Image/1.0"
66.249.64.197 - - [10/Jun/2023:01:26:56 +0100] "GET /wp-content/uploads/2021/05/hall1-scaled.jpg HTTP/1.1" 403 1229 "-" "Googlebot-Image/1.0"
66.249.64.197 - - [10/Jun/2023:01:26:56 +0100] "GET /wp-content/uploads/2021/05/hall2-scaled.jpg HTTP/1.1" 403 1229 "-" "Googlebot-Image/1.0"
114.119.137.54 - - [10/Jun/2023:01:52:00 +0100] "GET /robots.txt HTTP/1.1" 304 0 "-" "Mozilla/5.0 (compatible;PetalBot;+https://webmaster.petalsearch.com/site/petalbot)"
66.249.64.194 - - [10/Jun/2023:01:58:30 +0100] "GET /feed/ HTTP/1.1" 200 5403 "-" "Mozilla/5.0 (Linux; Android 6.0.1; Nexus 5X Build/MMB29P) AppleWebKit/537.36 (KHTML, like Gecko) Chrome/114.0.5735.90 Mobile Safari/537.36 (compatible; Googlebot/2.1; +http://www.google.com/bot.html)"
44.235.211.232 - - [10/Jun/2023:02:01:33 +0100] "POST /?rest_route=%2Fwordfence%2Fv1%2Fauthenticate HTTP/1.1" 200 135 "-" "Wordfence Central API v1.0"
44.235.211.232 - - [10/Jun/2023:02:01:34 +0100] "POST /?rest_route=%2Fwordfence%2Fv1%2Fauthenticate HTTP/1.1" 200 254 "-" "Wordfence Central API v1.0"
44.235.211.232 - - [10/Jun/2023:02:01:36 +0100] "POST /?rest_route=%2Fwordfence%2Fv1%2Fconfig HTTP/1.1" 200 2890 "-" "Wordfence Central API v1.0"
66.249.64.198 - - [10/Jun/2023:02:05:36 +0100] "GET /feed/ HTTP/1.1" 200 5403 "-" "Mozilla/5.0 (compatible; Googlebot/2.1; +http://www.google.com/bot.html)"
87.250.224.238 - - [10/Jun/2023:02:32:18 +0100] "GET /tag/tricks/ HTTP/1.1" 404 18897 "-" "Mozilla/5.0 (compatible; YandexBot/3.0; +http://yandex.com/bots)"
44.235.211.232 - - [10/Jun/2023:03:01:34 +0100] "POST /?rest_route=%2Fwordfence%2Fv1%2Fauthenticate HTTP/1.1" 200 135 "-" "Wordfence Central API v1.0"
44.235.211.232 - - [10/Jun/2023:03:01:36 +0100] "POST /?rest_route=%2Fwordfence%2Fv1%2Fauthenticate HTTP/1.1" 200 253 "-" "Wordfence Central API v1.0"
44.235.211.232 - - [10/Jun/2023:03:01:37 +0100] "POST /?rest_route=%2Fwordfence%2Fv1%2Fconfig HTTP/1.1" 200 2890 "-" "Wordfence Central API v1.0"
54.68.32.247 - - [10/Jun/2023:04:01:34 +0100] "POST /?rest_route=%2Fwordfence%2Fv1%2Fauthenticate HTTP/1.1" 200 135 "-" "Wordfence Central API v1.0"
54.68.32.247 - - [10/Jun/2023:04:01:35 +0100] "POST /?rest_route=%2Fwordfence%2Fv1%2Fauthenticate HTTP/1.1" 200 255 "-" "Wordfence Central API v1.0"
54.68.32.247 - - [10/Jun/2023:04:01:37 +0100] "POST /?rest_route=%2Fwordfence%2Fv1%2Fconfig HTTP/1.1" 200 2889 "-" "Wordfence Central API v1.0"
44.192.93.161 - - [10/Jun/2023:04:28:10 +0100] "GET /robots.txt HTTP/1.1" 304 0 "-" "Mozilla/5.0 (compatible; DotBot/1.1; http://www.opensiteexplorer.org/dotbot, help@moz.com)"
54.68.32.247 - - [10/Jun/2023:05:01:34 +0100] "POST /?rest_route=%2Fwordfence%2Fv1%2Fauthenticate HTTP/1.1" 200 134 "-" "Wordfence Central API v1.0"
54.68.32.247 - - [10/Jun/2023:05:01:35 +0100] "POST /?rest_route=%2Fwordfence%2Fv1%2Fauthenticate HTTP/1.1" 200 254 "-" "Wordfence Central API v1.0"
54.68.32.247 - - [10/Jun/2023:05:01:36 +0100] "POST /?rest_route=%2Fwordfence%2Fv1%2Fconfig HTTP/1.1" 200 2889 "-" "Wordfence Central API v1.0"
44.235.211.232 - - [10/Jun/2023:06:01:34 +0100] "POST /?rest_route=%2Fwordfence%2Fv1%2Fauthenticate HTTP/1.1" 200 134 "-" "Wordfence Central API v1.0"
44.235.211.232 - - [10/Jun/2023:06:01:36 +0100] "POST /?rest_route=%2Fwordfence%2Fv1%2Fauthenticate HTTP/1.1" 200 256 "-" "Wordfence Central API v1.0"
44.235.211.232 - - [10/Jun/2023:06:01:37 +0100] "POST /?rest_route=%2Fwordfence%2Fv1%2Fconfig HTTP/1.1" 200 2890 "-" "Wordfence Central API v1.0"
54.36.148.108 - - [10/Jun/2023:06:30:23 +0100] "GET /robots.txt HTTP/1.1" 304 0 "-" "Mozilla/5.0 (compatible; AhrefsBot/7.0; +http://ahrefs.com/robot/)"
54.36.148.22 - - [10/Jun/2023:06:38:26 +0100] "GET / HTTP/1.1" 200 23783 "-" "Mozilla/5.0 (compatible; AhrefsBot/7.0; +http://ahrefs.com/robot/)"
54.68.32.247 - - [10/Jun/2023:07:01:34 +0100] "POST /?rest_route=%2Fwordfence%2Fv1%2Fauthenticate HTTP/1.1" 200 134 "-" "Wordfence Central API v1.0"
54.68.32.247 - - [10/Jun/2023:07:01:44 +0100] "POST /?rest_route=%2Fwordfence%2Fv1%2Fauthenticate HTTP/1.1" 200 255 "-" "Wordfence Central API v1.0"
54.68.32.247 - - [10/Jun/2023:07:01:45 +0100] "POST /?rest_route=%2Fwordfence%2Fv1%2Fconfig HTTP/1.1" 200 2889 "-" "Wordfence Central API v1.0"
54.191.137.17 - - [10/Jun/2023:07:30:11 +0100] "POST /wp-load.php?mwprid=6484187370b008.08661167 HTTP/1.1" 200 3274 "https://walbottlevi.com/" "Mozilla/5.0 (Windows NT 10.0; Win64; x64) AppleWebKit/537.36 (KHTML, like Gecko) Chrome/111.0.0.0 Safari/537.36"
185.199.220.52 - - [10/Jun/2023:08:01:01 +0100] "HEAD / HTTP/1.1" 301 0 "-" "-"
44.235.211.232 - - [10/Jun/2023:08:01:34 +0100] "POST /?rest_route=%2Fwordfence%2Fv1%2Fauthenticate HTTP/1.1" 200 135 "-" "Wordfence Central API v1.0"
44.235.211.232 - - [10/Jun/2023:08:01:35 +0100] "POST /?rest_route=%2Fwordfence%2Fv1%2Fauthenticate HTTP/1.1" 200 256 "-" "Wordfence Central API v1.0"
44.235.211.232 - - [10/Jun/2023:08:01:37 +0100] "POST /?rest_route=%2Fwordfence%2Fv1%2Fconfig HTTP/1.1" 200 2890 "-" "Wordfence Central API v1.0"
185.199.220.52 - - [10/Jun/2023:08:03:28 +0100] "HEAD / HTTP/1.1" 301 0 "-" "-"
44.235.211.232 - - [10/Jun/2023:09:01:33 +0100] "POST /?rest_route=%2Fwordfence%2Fv1%2Fauthenticate HTTP/1.1" 200 135 "-" "Wordfence Central API v1.0"
44.235.211.232 - - [10/Jun/2023:09:01:34 +0100] "POST /?rest_route=%2Fwordfence%2Fv1%2Fauthenticate HTTP/1.1" 200 253 "-" "Wordfence Central API v1.0"
44.235.211.232 - - [10/Jun/2023:09:01:36 +0100] "POST /?rest_route=%2Fwordfence%2Fv1%2Fconfig HTTP/1.1" 200 2890 "-" "Wordfence Central API v1.0"
54.68.32.247 - - [10/Jun/2023:10:01:33 +0100] "POST /?rest_route=%2Fwordfence%2Fv1%2Fauthenticate HTTP/1.1" 200 134 "-" "Wordfence Central API v1.0"
54.68.32.247 - - [10/Jun/2023:10:01:34 +0100] "POST /?rest_route=%2Fwordfence%2Fv1%2Fauthenticate HTTP/1.1" 200 255 "-" "Wordfence Central API v1.0"
54.68.32.247 - - [10/Jun/2023:10:01:36 +0100] "POST /?rest_route=%2Fwordfence%2Fv1%2Fconfig HTTP/1.1" 200 2890 "-" "Wordfence Central API v1.0"
2a00:23c8:9df5:2f01:59f3:8dce:a740:388c - - [10/Jun/2023:10:24:28 +0100] "GET /whats-on/treble-time/ HTTP/1.1" 200 20158 "https://www.google.com/" "Mozilla/5.0 (Linux; Android 10; K) AppleWebKit/537.36 (KHTML, like Gecko) Chrome/114.0.0.0 Mobile Safari/537.36"
2a00:23c8:9df5:2f01:59f3:8dce:a740:388c - - [10/Jun/2023:10:24:30 +0100] "GET /wp-content/litespeed/css/780cbc48f464c5aa48cce6dcfc9cac6c.css?ver=46809 HTTP/1.1" 200 11168 "https://www.walbottlevi.com/whats-on/treble-time/" "Mozilla/5.0 (Linux; Android 10; K) AppleWebKit/537.36 (KHTML, like Gecko) Chrome/114.0.0.0 Mobile Safari/537.36"
2a00:23c8:9df5:2f01:59f3:8dce:a740:388c - - [10/Jun/2023:10:24:30 +0100] "GET /wp-content/astra-local-fonts/montserrat/JTUSjIg1_i6t8kCHKm459Wlhyw.woff2 HTTP/1.1" 200 30928 "https://www.walbottlevi.com/whats-on/treble-time/" "Mozilla/5.0 (Linux; Android 10; K) AppleWebKit/537.36 (KHTML, like Gecko) Chrome/114.0.0.0 Mobile Safari/537.36"
2a00:23c8:9df5:2f01:59f3:8dce:a740:388c - - [10/Jun/2023:10:24:30 +0100] "GET /wp-content/litespeed/css/4dc68de16c362a2611f3be9352545869.css?ver=e1eca HTTP/1.1" 200 805 "https://www.walbottlevi.com/whats-on/treble-time/" "Mozilla/5.0 (Linux; Android 10; K) AppleWebKit/537.36 (KHTML, like Gecko) Chrome/114.0.0.0 Mobile Safari/537.36"
2a00:23c8:9df5:2f01:59f3:8dce:a740:388c - - [10/Jun/2023:10:24:30 +0100] "GET /wp-content/plugins/cookie-law-info/legacy/public/images/logo-cookieyes.svg HTTP/1.1" 200 1136 "https://www.walbottlevi.com/whats-on/treble-time/" "Mozilla/5.0 (Linux; Android 10; K) AppleWebKit/537.36 (KHTML, like Gecko) Chrome/114.0.0.0 Mobile Safari/537.36"
2a00:23c8:9df5:2f01:59f3:8dce:a740:388c - - [10/Jun/2023:10:24:30 +0100] "GET /wp-content/litespeed/css/04c205088aef6ab86671135984bde441.css?ver=76f97 HTTP/1.1" 200 250 "https://www.walbottlevi.com/whats-on/treble-time/" "Mozilla/5.0 (Linux; Android 10; K) AppleWebKit/537.36 (KHTML, like Gecko) Chrome/114.0.0.0 Mobile Safari/537.36"
2a00:23c8:9df5:2f01:59f3:8dce:a740:388c - - [10/Jun/2023:10:24:30 +0100] "GET /wp-content/litespeed/css/cf22e83ddbcbe9bf0a5483ea759a38f0.css?ver=cc9d0 HTTP/1.1" 200 15959 "https://www.walbottlevi.com/whats-on/treble-time/" "Mozilla/5.0 (Linux; Android 10; K) AppleWebKit/537.36 (KHTML, like Gecko) Chrome/114.0.0.0 Mobile Safari/537.36"
2a00:23c8:9df5:2f01:59f3:8dce:a740:388c - - [10/Jun/2023:10:24:30 +0100] "GET /wp-content/litespeed/css/f1c512303efe72ccc9a52425205a30c4.css?ver=3b62e HTTP/1.1" 200 546 "https://www.walbottlevi.com/whats-on/treble-time/" "Mozilla/5.0 (Linux; Android 10; K) AppleWebKit/537.36 (KHTML, like Gecko) Chrome/114.0.0.0 Mobile Safari/537.36"
2a00:23c8:9df5:2f01:59f3:8dce:a740:388c - - [10/Jun/2023:10:24:30 +0100] "GET /wp-content/litespeed/css/527ae6b45076c1966b0aeb76afe14a46.css?ver=683af HTTP/1.1" 200 1480 "https://www.walbottlevi.com/whats-on/treble-time/" "Mozilla/5.0 (Linux; Android 10; K) AppleWebKit/537.36 (KHTML, like Gecko) Chrome/114.0.0.0 Mobile Safari/537.36"
2a00:23c8:9df5:2f01:59f3:8dce:a740:388c - - [10/Jun/2023:10:24:30 +0100] "GET /wp-content/litespeed/css/a733537a23089b224053c8ec2b5e6147.css?ver=815b3 HTTP/1.1" 200 4840 "https://www.walbottlevi.com/whats-on/treble-time/" "Mozilla/5.0 (Linux; Android 10; K) AppleWebKit/537.36 (KHTML, like Gecko) Chrome/114.0.0.0 Mobile Safari/537.36"
2a00:23c8:9df5:2f01:59f3:8dce:a740:388c - - [10/Jun/2023:10:24:30 +0100] "GET /wp-content/litespeed/css/966a351f3dfe040709a43dd7f20e6769.css?ver=3540c HTTP/1.1" 200 38214 "https://www.walbottlevi.com/whats-on/treble-time/" "Mozilla/5.0 (Linux; Android 10; K) AppleWebKit/537.36 (KHTML, like Gecko) Chrome/114.0.0.0 Mobile Safari/537.36"
2a00:23c8:9df5:2f01:59f3:8dce:a740:388c - - [10/Jun/2023:10:24:31 +0100] "GET /wp-content/themes/astra/assets/js/minified/frontend.min.js?ver=4.1.5 HTTP/1.1" 200 5715 "https://www.walbottlevi.com/whats-on/treble-time/" "Mozilla/5.0 (Linux; Android 10; K) AppleWebKit/537.36 (KHTML, like Gecko) Chrome/114.0.0.0 Mobile Safari/537.36"
2a00:23c8:9df5:2f01:59f3:8dce:a740:388c - - [10/Jun/2023:10:24:31 +0100] "GET /wp-includes/js/jquery/jquery.min.js?ver=3.6.4 HTTP/1.1" 200 34922 "https://www.walbottlevi.com/whats-on/treble-time/" "Mozilla/5.0 (Linux; Android 10; K) AppleWebKit/537.36 (KHTML, like Gecko) Chrome/114.0.0.0 Mobile Safari/537.36"
2a00:23c8:9df5:2f01:59f3:8dce:a740:388c - - [10/Jun/2023:10:24:31 +0100] "GET /wp-includes/js/jquery/jquery-migrate.min.js?ver=3.4.0 HTTP/1.1" 200 5152 "https://www.walbottlevi.com/whats-on/treble-time/" "Mozilla/5.0 (Linux; Android 10; K) AppleWebKit/537.36 (KHTML, like Gecko) Chrome/114.0.0.0 Mobile Safari/537.36"
2a00:23c8:9df5:2f01:59f3:8dce:a740:388c - - [10/Jun/2023:10:24:32 +0100] "GET /wp-content/themes/astra/assets/fonts/astra.woff HTTP/1.1" 200 3304 "https://www.walbottlevi.com/whats-on/treble-time/" "Mozilla/5.0 (Linux; Android 10; K) AppleWebKit/537.36 (KHTML, like Gecko) Chrome/114.0.0.0 Mobile Safari/537.36"
35.196.21.185 - - [10/Jun/2023:10:31:49 +0100] "GET /robots.txt HTTP/1.1" 304 0 "-" "ZoominfoBot (zoominfobot at zoominfo dot com)"
114.119.131.123 - - [10/Jun/2023:10:57:02 +0100] "GET /post-sitemap.xml HTTP/1.1" 200 739 "-" "Mozilla/5.0 (Linux; Android 7.0;) AppleWebKit/537.36 (KHTML, like Gecko) Mobile Safari/537.36 (compatible; PetalBot;+https://webmaster.petalsearch.com/site/petalbot)"
54.68.32.247 - - [10/Jun/2023:11:01:33 +0100] "POST /?rest_route=%2Fwordfence%2Fv1%2Fauthenticate HTTP/1.1" 200 135 "-" "Wordfence Central API v1.0"
54.68.32.247 - - [10/Jun/2023:11:01:34 +0100] "POST /?rest_route=%2Fwordfence%2Fv1%2Fauthenticate HTTP/1.1" 200 253 "-" "Wordfence Central API v1.0"
54.68.32.247 - - [10/Jun/2023:11:01:36 +0100] "POST /?rest_route=%2Fwordfence%2Fv1%2Fconfig HTTP/1.1" 200 2889 "-" "Wordfence Central API v1.0"
95.108.213.203 - - [10/Jun/2023:11:07:33 +0100] "GET /wp-content/uploads/2019/11/cropped-WVIMain-180x180.png HTTP/1.1" 403 1229 "-" "Mozilla/5.0 (compatible; YandexFavicons/1.0; +http://yandex.com/bots)"
185.199.220.52 - - [10/Jun/2023:12:01:05 +0100] "GET / HTTP/1.1" 200 23783 "-" "WordPress/6.2.2; https://www.walbottlevi.com"
44.235.211.232 - - [10/Jun/2023:12:01:37 +0100] "POST /?rest_route=%2Fwordfence%2Fv1%2Fauthenticate HTTP/1.1" 200 134 "-" "Wordfence Central API v1.0"
44.235.211.232 - - [10/Jun/2023:12:01:38 +0100] "POST /?rest_route=%2Fwordfence%2Fv1%2Fauthenticate HTTP/1.1" 200 254 "-" "Wordfence Central API v1.0"
44.235.211.232 - - [10/Jun/2023:12:01:39 +0100] "POST /?rest_route=%2Fwordfence%2Fv1%2Fconfig HTTP/1.1" 200 2891 "-" "Wordfence Central API v1.0"
114.119.150.22 - - [10/Jun/2023:12:21:31 +0100] "GET /contact/ HTTP/1.1" 200 23574 "https://www.walbottlevi.com/news/category/uncategorized" "Mozilla/5.0 (Linux; Android 7.0;) AppleWebKit/537.36 (KHTML, like Gecko) Mobile Safari/537.36 (compatible; PetalBot;+https://webmaster.petalsearch.com/site/petalbot)"
35.196.21.185 - - [10/Jun/2023:12:45:48 +0100] "GET /robots.txt HTTP/1.1" 304 0 "-" "ZoominfoBot (zoominfobot at zoominfo dot com)"
44.235.211.232 - - [10/Jun/2023:13:01:34 +0100] "POST /?rest_route=%2Fwordfence%2Fv1%2Fauthenticate HTTP/1.1" 200 134 "-" "Wordfence Central API v1.0"
44.235.211.232 - - [10/Jun/2023:13:01:35 +0100] "POST /?rest_route=%2Fwordfence%2Fv1%2Fauthenticate HTTP/1.1" 200 255 "-" "Wordfence Central API v1.0"
44.235.211.232 - - [10/Jun/2023:13:01:37 +0100] "POST /?rest_route=%2Fwordfence%2Fv1%2Fconfig HTTP/1.1" 200 2889 "-" "Wordfence Central API v1.0"
44.235.211.232 - - [10/Jun/2023:14:01:33 +0100] "POST /?rest_route=%2Fwordfence%2Fv1%2Fauthenticate HTTP/1.1" 200 135 "-" "Wordfence Central API v1.0"
44.235.211.232 - - [10/Jun/2023:14:01:34 +0100] "POST /?rest_route=%2Fwordfence%2Fv1%2Fauthenticate HTTP/1.1" 200 254 "-" "Wordfence Central API v1.0"
44.235.211.232 - - [10/Jun/2023:14:01:35 +0100] "POST /?rest_route=%2Fwordfence%2Fv1%2Fconfig HTTP/1.1" 200 2891 "-" "Wordfence Central API v1.0"
54.68.32.247 - - [10/Jun/2023:15:01:32 +0100] "POST /?rest_route=%2Fwordfence%2Fv1%2Fauthenticate HTTP/1.1" 200 133 "-" "Wordfence Central API v1.0"
54.68.32.247 - - [10/Jun/2023:15:01:34 +0100] "POST /?rest_route=%2Fwordfence%2Fv1%2Fauthenticate HTTP/1.1" 200 255 "-" "Wordfence Central API v1.0"
54.68.32.247 - - [10/Jun/2023:15:01:35 +0100] "POST /?rest_route=%2Fwordfence%2Fv1%2Fconfig HTTP/1.1" 200 2890 "-" "Wordfence Central API v1.0"
148.252.133.115 - - [10/Jun/2023:15:06:27 +0100] "GET / HTTP/1.1" 200 23793 "-" "Mozilla/5.0 (Linux; Android 13; SAMSUNG SM-A346B) AppleWebKit/537.36 (KHTML, like Gecko) SamsungBrowser/21.0 Chrome/110.0.5481.154 Mobile Safari/537.36"
148.252.133.115 - - [10/Jun/2023:15:06:27 +0100] "GET /wp-content/uploads/2020/11/drone-shot-150x150.jpeg.webp HTTP/1.1" 200 5804 "https://www.walbottlevi.com/" "Mozilla/5.0 (Linux; Android 13; SAMSUNG SM-A346B) AppleWebKit/537.36 (KHTML, like Gecko) SamsungBrowser/21.0 Chrome/110.0.5481.154 Mobile Safari/537.36"
148.252.133.115 - - [10/Jun/2023:15:06:27 +0100] "GET /wp-content/uploads/2021/05/hall1-150x150.jpg HTTP/1.1" 200 4699 "https://www.walbottlevi.com/" "Mozilla/5.0 (Linux; Android 13; SAMSUNG SM-A346B) AppleWebKit/537.36 (KHTML, like Gecko) SamsungBrowser/21.0 Chrome/110.0.5481.154 Mobile Safari/537.36"
148.252.133.115 - - [10/Jun/2023:15:06:27 +0100] "GET /wp-content/uploads/2021/05/hall2-150x150.jpg.webp HTTP/1.1" 200 3478 "https://www.walbottlevi.com/" "Mozilla/5.0 (Linux; Android 13; SAMSUNG SM-A346B) AppleWebKit/537.36 (KHTML, like Gecko) SamsungBrowser/21.0 Chrome/110.0.5481.154 Mobile Safari/537.36"
148.252.133.115 - - [10/Jun/2023:15:06:27 +0100] "GET /wp-includes/js/wp-util.min.js?ver=6.2.2 HTTP/1.1" 200 767 "https://www.walbottlevi.com/" "Mozilla/5.0 (Linux; Android 13; SAMSUNG SM-A346B) AppleWebKit/537.36 (KHTML, like Gecko) SamsungBrowser/21.0 Chrome/110.0.5481.154 Mobile Safari/537.36"
148.252.133.115 - - [10/Jun/2023:15:06:27 +0100] "GET /wp-content/uploads/2019/11/76647940_498759010723654_531067741168205824_n-150x150.jpg.webp HTTP/1.1" 200 3676 "https://www.walbottlevi.com/" "Mozilla/5.0 (Linux; Android 13; SAMSUNG SM-A346B) AppleWebKit/537.36 (KHTML, like Gecko) SamsungBrowser/21.0 Chrome/110.0.5481.154 Mobile Safari/537.36"
